$ date -R
Mon, 15 May 2017 09:24:30 +1000
$ git checkout master
Already on 'master'
$ git reset --hard stable
HEAD is now at 09d79d103371 Merge tag 'docs-4.12-2' of git://git.lwn.net/linux
Merging origin/master (2ea659a9ef48 Linux 4.12-rc1)
$ git merge origin/master
Updating 09d79d103371..2ea659a9ef48
Fast-forward
 .mailmap                                           |    2 +
 Documentation/cgroup-v2.txt                        |   12 +
 .../bindings/power/supply/axp20x_battery.txt       |   20 +
 .../bindings/powerpc/ibm,powerpc-cpu-features.txt  |  248 ++
 .../devicetree/bindings/soc/fsl/cpm_qe/gpio.txt    |   21 +-
 .../bindings/thermal/brcm,bcm2835-thermal.txt      |   32 +-
 .../devicetree/bindings/thermal/brcm,ns-thermal    |   37 +
 .../devicetree/bindings/thermal/da9062-thermal.txt |   36 +
 Documentation/filesystems/bfs.txt                  |    2 +-
 Documentation/target/target-export-device          |   80 +
 Documentation/thermal/sysfs-api.txt                |   21 +
 Documentation/x86/intel_rdt_ui.txt                 |    2 +-
 MAINTAINERS                                        |    4 +-
 Makefile                                           |    4 +-
 arch/mips/Kbuild                                   |    2 +
 arch/mips/Kconfig                                  |   24 +-
 arch/mips/Kconfig.debug                            |    2 +-
 arch/mips/cavium-octeon/Kconfig                    |    9 -
 arch/mips/cavium-octeon/Platform                   |    4 -
 arch/mips/cavium-octeon/executive/cvmx-l2c.c       |  139 +-
 arch/mips/cavium-octeon/executive/octeon-model.c   |   21 +-
 arch/mips/cavium-octeon/octeon-platform.c          |  113 +-
 arch/mips/cavium-octeon/setup.c                    |   12 +-
 arch/mips/configs/generic_defconfig                |    3 +
 arch/mips/include/asm/cache.h                      |    5 -
 arch/mips/include/asm/cpu-info.h                   |    3 +-
 arch/mips/include/asm/cpufeature.h                 |   26 +
 .../include/asm/mach-rm/cpu-feature-overrides.h    |    2 -
 arch/mips/include/asm/octeon/cvmx-l2c-defs.h       | 3193 +-----------------
 arch/mips/include/asm/octeon/cvmx-l2c.h            |   59 +-
 arch/mips/include/asm/octeon/cvmx-l2d-defs.h       |  526 ---
 arch/mips/include/asm/octeon/cvmx-l2t-defs.h       |  286 +-
 arch/mips/include/asm/octeon/cvmx-pciercx-defs.h   | 3225 ++----------------
 arch/mips/include/asm/octeon/cvmx-sli-defs.h       | 3541 +-------------------
 arch/mips/include/asm/octeon/cvmx.h                |    3 +-
 arch/mips/include/asm/pgalloc.h                    |   26 +
 arch/mips/include/asm/pgtable-64.h                 |   88 +-
 arch/mips/include/asm/uasm.h                       |   88 +-
 arch/mips/kernel/cpu-probe.c                       |    7 +
 arch/mips/kernel/mips-r2-to-r6-emul.c              |   16 +-
 arch/mips/kernel/process.c                         |    6 +-
 arch/mips/kernel/r4k_switch.S                      |    6 -
 arch/mips/kernel/smp-cps.c                         |    7 +-
 arch/mips/kernel/smp-mt.c                          |   49 +-
 arch/mips/kernel/smp.c                             |   20 +-
 arch/mips/lantiq/irq.c                             |   52 -
 arch/mips/math-emu/cp1emu.c                        |   10 +-
 arch/mips/mm/fault.c                               |   16 +-
 arch/mips/mm/init.c                                |    3 +
 arch/mips/mm/pgtable-64.c                          |   33 +-
 arch/mips/mm/tlbex.c                               |   22 +
 arch/mips/mm/uasm-mips.c                           |    1 +
 arch/mips/mm/uasm.c                                |  159 +-
 arch/mips/mti-malta/malta-int.c                    |   83 +-
 arch/mips/net/bpf_jit.c                            |   41 +-
 arch/mips/net/bpf_jit_asm.S                        |   23 +-
 arch/mips/pci/pcie-octeon.c                        |    4 +-
 arch/mips/sibyte/bcm1480/setup.c                   |    1 +
 arch/mips/sibyte/sb1250/setup.c                    |    1 +
 arch/nios2/Kconfig                                 |    2 +
 arch/nios2/Kconfig.debug                           |    1 -
 arch/nios2/Makefile                                |    5 +
 arch/nios2/boot/.gitignore                         |    2 +
 arch/nios2/boot/dts/10m50_devboard.dts             |    3 +-
 arch/nios2/include/asm/Kbuild                      |    1 +
 arch/nios2/include/asm/cacheflush.h                |    6 +-
 arch/nios2/include/asm/cmpxchg.h                   |   14 -
 arch/nios2/include/asm/cpuinfo.h                   |    2 +
 arch/nios2/include/asm/prom.h                      |   22 -
 arch/nios2/include/asm/setup.h                     |    2 -
 arch/nios2/include/asm/uaccess.h                   |    7 +-
 arch/nios2/kernel/.gitignore                       |    1 +
 arch/nios2/kernel/Makefile                         |    1 -
 arch/nios2/kernel/cpuinfo.c                        |   18 +-
 arch/nios2/kernel/early_printk.c                   |  118 -
 arch/nios2/kernel/irq.c                            |    2 +-
 arch/nios2/kernel/prom.c                           |   49 -
 arch/nios2/kernel/setup.c                          |    6 +-
 arch/nios2/mm/uaccess.c                            |   33 -
 arch/nios2/platform/Kconfig.platform               |   26 +
 arch/powerpc/Kconfig                               |   16 +
 arch/powerpc/Makefile.postlink                     |    2 +-
 arch/powerpc/include/asm/book3s/64/hash-64k.h      |    6 +-
 arch/powerpc/include/asm/cpm1.h                    |    2 +
 arch/powerpc/include/asm/cpu_has_feature.h         |    6 +-
 arch/powerpc/include/asm/cputable.h                |    2 +
 arch/powerpc/include/asm/dt_cpu_ftrs.h             |   26 +
 arch/powerpc/include/asm/processor.h               |    5 +
 arch/powerpc/include/asm/reg.h                     |    1 +
 arch/powerpc/include/uapi/asm/cputable.h           |    7 +
 arch/powerpc/kernel/Makefile                       |    1 +
 arch/powerpc/kernel/cputable.c                     |   37 +-
 arch/powerpc/kernel/dt_cpu_ftrs.c                  | 1031 ++++++
 arch/powerpc/kernel/exceptions-64e.S               |   12 +
 arch/powerpc/kernel/exceptions-64s.S               |    4 +-
 arch/powerpc/kernel/prom.c                         |   29 +-
 arch/powerpc/kernel/setup-common.c                 |    2 +-
 arch/powerpc/kernel/setup_64.c                     |   10 +-
 arch/powerpc/platforms/powernv/eeh-powernv.c       |    3 +
 arch/powerpc/sysdev/cpm1.c                         |   25 +
 arch/um/Kconfig.common                             |    5 +
 arch/um/kernel/initrd.c                            |    4 +-
 arch/um/kernel/sysrq.c                             |    6 +-
 arch/um/kernel/um_arch.c                           |    6 +
 arch/um/os-Linux/skas/process.c                    |    4 +-
 arch/x86/Makefile                                  |    3 +-
 arch/x86/boot/compressed/error.h                   |    4 +-
 arch/x86/boot/compressed/pagetable.c               |    2 +-
 arch/x86/events/intel/rapl.c                       |    2 +-
 arch/x86/include/asm/asm.h                         |    1 +
 arch/x86/include/asm/init.h                        |    3 +-
 arch/x86/include/asm/pmem.h                        |    2 +-
 arch/x86/kernel/cpu/amd.c                          |    5 +-
 arch/x86/kernel/cpu/microcode/amd.c                |    4 +-
 arch/x86/kernel/cpu/microcode/core.c               |    2 +-
 arch/x86/kernel/cpu/microcode/intel.c              |    2 +-
 arch/x86/kernel/machine_kexec_64.c                 |    6 +-
 arch/x86/kernel/setup.c                            |   15 +
 arch/x86/kernel/setup_percpu.c                     |   10 +-
 arch/x86/lib/csum-copy_64.S                        |   12 +-
 arch/x86/lib/kaslr.c                               |    3 +-
 arch/x86/mm/ident_map.c                            |   14 +-
 arch/x86/mm/init_64.c                              |   12 +-
 arch/x86/mm/numa_32.c                              |    1 +
 arch/x86/power/hibernate_64.c                      |    2 +-
 arch/x86/um/ptrace_64.c                            |    2 +-
 arch/x86/um/shared/sysdep/kernel-offsets.h         |    9 +-
 arch/x86/xen/enlighten_pv.c                        |   42 +-
 arch/x86/xen/mmu_pv.c                              |    7 +-
 arch/x86/xen/time.c                                |    2 +-
 block/Kconfig                                      |    1 -
 drivers/clocksource/arm_arch_timer.c               |    2 +-
 drivers/cpufreq/loongson2_cpufreq.c                |    7 -
 drivers/dax/Kconfig                                |    7 +-
 drivers/dax/super.c                                |   81 +-
 drivers/gpu/drm/amd/amdgpu/amdgpu.h                |   16 +-
 drivers/gpu/drm/amd/amdgpu/amdgpu_atombios.c       |    6 +
 drivers/gpu/drm/amd/amdgpu/amdgpu_atomfirmware.c   |   20 +
 drivers/gpu/drm/amd/amdgpu/amdgpu_atomfirmware.h   |    2 +
 drivers/gpu/drm/amd/amdgpu/amdgpu_benchmark.c      |   13 +-
 drivers/gpu/drm/amd/amdgpu/amdgpu_cgs.c            |  208 +-
 drivers/gpu/drm/amd/amdgpu/amdgpu_cs.c             |    4 +
 drivers/gpu/drm/amd/amdgpu/amdgpu_ctx.c            |    3 +
 drivers/gpu/drm/amd/amdgpu/amdgpu_device.c         |  104 +-
 drivers/gpu/drm/amd/amdgpu/amdgpu_display.c        |  140 +-
 drivers/gpu/drm/amd/amdgpu/amdgpu_drv.c            |    6 +-
 drivers/gpu/drm/amd/amdgpu/amdgpu_fb.c             |    2 +-
 drivers/gpu/drm/amd/amdgpu/amdgpu_gart.c           |    2 +-
 drivers/gpu/drm/amd/amdgpu/amdgpu_gem.c            |   68 +-
 drivers/gpu/drm/amd/amdgpu/amdgpu_gtt_mgr.c        |    9 +
 drivers/gpu/drm/amd/amdgpu/amdgpu_ib.c             |    5 +-
 drivers/gpu/drm/amd/amdgpu/amdgpu_job.c            |    6 +-
 drivers/gpu/drm/amd/amdgpu/amdgpu_kms.c            |   21 +-
 drivers/gpu/drm/amd/amdgpu/amdgpu_mode.h           |   15 -
 drivers/gpu/drm/amd/amdgpu/amdgpu_object.c         |   23 +-
 drivers/gpu/drm/amd/amdgpu/amdgpu_object.h         |    1 +
 drivers/gpu/drm/amd/amdgpu/amdgpu_pm.c             |   12 +-
 drivers/gpu/drm/amd/amdgpu/amdgpu_prime.c          |    2 +-
 drivers/gpu/drm/amd/amdgpu/amdgpu_psp.c            |  229 +-
 drivers/gpu/drm/amd/amdgpu/amdgpu_psp.h            |   18 +-
 drivers/gpu/drm/amd/amdgpu/amdgpu_ring.h           |    2 +
 drivers/gpu/drm/amd/amdgpu/amdgpu_sa.c             |    2 +-
 drivers/gpu/drm/amd/amdgpu/amdgpu_trace.h          |   37 +-
 drivers/gpu/drm/amd/amdgpu/amdgpu_ttm.c            |   36 +-
 drivers/gpu/drm/amd/amdgpu/amdgpu_ucode.c          |   10 +-
 drivers/gpu/drm/amd/amdgpu/amdgpu_vce.c            |   14 +-
 drivers/gpu/drm/amd/amdgpu/amdgpu_virt.c           |   46 +
 drivers/gpu/drm/amd/amdgpu/amdgpu_virt.h           |    2 +
 drivers/gpu/drm/amd/amdgpu/amdgpu_vm.c             |  155 +-
 drivers/gpu/drm/amd/amdgpu/amdgpu_vm.h             |   21 +-
 drivers/gpu/drm/amd/amdgpu/ci_dpm.c                |   30 +-
 drivers/gpu/drm/amd/amdgpu/dce_v10_0.c             |    6 +-
 drivers/gpu/drm/amd/amdgpu/dce_v11_0.c             |    6 +-
 drivers/gpu/drm/amd/amdgpu/dce_v6_0.c              |   13 +-
 drivers/gpu/drm/amd/amdgpu/dce_v8_0.c              |    6 +-
 drivers/gpu/drm/amd/amdgpu/dce_virtual.c           |    2 +-
 drivers/gpu/drm/amd/amdgpu/gfx_v6_0.c              |   10 +-
 drivers/gpu/drm/amd/amdgpu/gfx_v7_0.c              |   12 +-
 drivers/gpu/drm/amd/amdgpu/gfx_v8_0.c              |   22 +-
 drivers/gpu/drm/amd/amdgpu/gfx_v9_0.c              |  517 +--
 drivers/gpu/drm/amd/amdgpu/gmc_v6_0.c              |    5 +-
 drivers/gpu/drm/amd/amdgpu/gmc_v7_0.c              |    5 +-
 drivers/gpu/drm/amd/amdgpu/gmc_v8_0.c              |    5 +-
 drivers/gpu/drm/amd/amdgpu/gmc_v9_0.c              |   23 +-
 drivers/gpu/drm/amd/amdgpu/mmhub_v1_0.c            |    3 +
 drivers/gpu/drm/amd/amdgpu/mmsch_v1_0.h            |   57 +
 drivers/gpu/drm/amd/amdgpu/mxgpu_vi.c              |    9 +-
 drivers/gpu/drm/amd/amdgpu/psp_v3_1.c              |   86 +-
 drivers/gpu/drm/amd/amdgpu/psp_v3_1.h              |    4 +
 drivers/gpu/drm/amd/amdgpu/sdma_v4_0.c             |  222 +-
 drivers/gpu/drm/amd/amdgpu/soc15.c                 |    9 +-
 drivers/gpu/drm/amd/amdgpu/soc15_common.h          |   20 +-
 drivers/gpu/drm/amd/amdgpu/uvd_v7_0.c              |  466 ++-
 drivers/gpu/drm/amd/amdgpu/vce_v4_0.c              |  224 +-
 drivers/gpu/drm/amd/include/amd_shared.h           |    6 +
 drivers/gpu/drm/amd/include/cgs_common.h           |  270 --
 drivers/gpu/drm/amd/powerplay/amd_powerplay.c      |    4 +-
 .../drm/amd/powerplay/eventmgr/eventsubchains.c    |    2 +-
 .../gpu/drm/amd/powerplay/eventmgr/eventtasks.c    |    5 +
 .../gpu/drm/amd/powerplay/eventmgr/eventtasks.h    |    1 +
 .../gpu/drm/amd/powerplay/hwmgr/hardwaremanager.c  |   10 +
 drivers/gpu/drm/amd/powerplay/hwmgr/ppatomfwctrl.c |   49 +-
 drivers/gpu/drm/amd/powerplay/hwmgr/ppatomfwctrl.h |   39 +-
 drivers/gpu/drm/amd/powerplay/hwmgr/smu7_hwmgr.c   |   64 +-
 drivers/gpu/drm/amd/powerplay/hwmgr/smu7_thermal.c |    9 +-
 drivers/gpu/drm/amd/powerplay/hwmgr/smu7_thermal.h |    2 +-
 drivers/gpu/drm/amd/powerplay/hwmgr/vega10_hwmgr.c |  408 ++-
 drivers/gpu/drm/amd/powerplay/hwmgr/vega10_hwmgr.h |    3 +
 .../gpu/drm/amd/powerplay/hwmgr/vega10_powertune.c |   27 +-
 .../gpu/drm/amd/powerplay/hwmgr/vega10_powertune.h |    1 +
 .../amd/powerplay/hwmgr/vega10_processpptables.c   |    4 +-
 .../gpu/drm/amd/powerplay/hwmgr/vega10_thermal.c   |   80 +-
 .../gpu/drm/amd/powerplay/hwmgr/vega10_thermal.h   |    2 +
 .../gpu/drm/amd/powerplay/inc/hardwaremanager.h    |    2 +-
 drivers/gpu/drm/amd/powerplay/inc/hwmgr.h          |    4 +-
 drivers/gpu/drm/amd/powerplay/inc/smu9_driver_if.h |   18 +-
 drivers/gpu/drm/amd/powerplay/inc/vega10_ppsmc.h   |    5 +-
 .../gpu/drm/amd/powerplay/smumgr/vega10_smumgr.c   |  226 +-
 .../gpu/drm/amd/powerplay/smumgr/vega10_smumgr.h   |    2 +-
 drivers/gpu/drm/amd/scheduler/gpu_scheduler.c      |   23 +-
 drivers/gpu/drm/amd/scheduler/gpu_scheduler.h      |    2 +
 drivers/gpu/drm/drm_edid.c                         |    8 +
 drivers/gpu/drm/i915/Kconfig.debug                 |   13 +
 drivers/gpu/drm/i915/intel_sprite.c                |    7 +-
 drivers/gpu/drm/nouveau/nv50_display.c             |   29 +-
 drivers/gpu/drm/nouveau/nvkm/core/object.c         |    2 +-
 drivers/gpu/drm/nouveau/nvkm/subdev/fb/ramgf100.c  |    1 -
 drivers/gpu/drm/nouveau/nvkm/subdev/therm/base.c   |    2 +-
 drivers/gpu/drm/nouveau/nvkm/subdev/therm/fan.c    |    2 +-
 drivers/gpu/drm/nouveau/nvkm/subdev/therm/fantog.c |    2 +-
 drivers/gpu/drm/nouveau/nvkm/subdev/therm/temp.c   |    2 +-
 drivers/gpu/drm/nouveau/nvkm/subdev/timer/base.c   |   59 +-
 drivers/gpu/drm/nouveau/nvkm/subdev/timer/nv04.c   |    2 +-
 drivers/gpu/drm/radeon/cik.c                       |   29 +-
 drivers/gpu/drm/radeon/evergreen.c                 |   18 +-
 drivers/gpu/drm/radeon/r420.c                      |    8 +-
 drivers/gpu/drm/radeon/radeon_cs.c                 |   10 +-
 drivers/gpu/drm/radeon/radeon_object.c             |    2 +-
 drivers/gpu/drm/radeon/radeon_test.c               |    7 +-
 drivers/gpu/drm/radeon/radeon_uvd.c                |    2 +-
 drivers/gpu/drm/radeon/si.c                        |   29 +-
 drivers/gpu/drm/ttm/ttm_bo.c                       |    3 +-
 drivers/infiniband/ulp/srpt/ib_srpt.c              |    9 +-
 drivers/input/joystick/Kconfig                     |   21 +
 drivers/input/joystick/Makefile                    |    1 +
 drivers/input/joystick/psxpad-spi.c                |  401 +++
 drivers/input/joystick/xpad.c                      |   27 +-
 drivers/input/keyboard/cros_ec_keyb.c              |    2 +-
 drivers/irqchip/Kconfig                            |    2 +
 drivers/irqchip/irq-mips-cpu.c                     |  146 +-
 drivers/mtd/ubi/build.c                            |   10 +-
 drivers/mtd/ubi/debug.c                            |  126 +-
 drivers/mtd/ubi/fastmap.c                          |   33 +-
 drivers/net/ethernet/broadcom/sb1250-mac.c         |    1 +
 drivers/net/ethernet/freescale/ucc_geth.c          |    8 +-
 drivers/nvdimm/blk.c                               |    3 +-
 drivers/nvdimm/btt.c                               |  119 +-
 drivers/nvdimm/btt_devs.c                          |    2 +-
 drivers/nvdimm/claim.c                             |    6 +-
 drivers/nvdimm/nd.h                                |    1 +
 drivers/nvdimm/pfn_devs.c                          |    4 +-
 drivers/of/fdt.c                                   |   38 +
 drivers/power/supply/Kconfig                       |   27 +-
 drivers/power/supply/Makefile                      |    1 +
 drivers/power/supply/ab8500_charger.c              |    2 +-
 drivers/power/supply/axp20x_battery.c              |  502 +++
 drivers/power/supply/bq24190_charger.c             |  149 +-
 drivers/power/supply/cpcap-charger.c               |   11 +-
 drivers/power/supply/generic-adc-battery.c         |   17 +-
 drivers/power/supply/isp1704_charger.c             |    4 +
 drivers/power/supply/max17042_battery.c            |  181 +-
 drivers/power/supply/pda_power.c                   |   49 +-
 drivers/power/supply/power_supply_core.c           |   20 +-
 drivers/power/supply/rx51_battery.c                |    1 -
 drivers/power/supply/sbs-battery.c                 |   57 +-
 drivers/power/supply/twl4030_charger.c             |   95 +-
 drivers/power/supply/twl4030_madc_battery.c        |    1 -
 drivers/scsi/ibmvscsi_tgt/ibmvscsi_tgt.c           |  114 +-
 drivers/scsi/ibmvscsi_tgt/ibmvscsi_tgt.h           |    2 +
 drivers/soc/fsl/qbman/qman.c                       |    5 +
 drivers/soc/fsl/qe/qe.c                            |   25 +-
 drivers/soc/fsl/qe/qe_tdm.c                        |    2 +
 drivers/target/iscsi/iscsi_target.c                |   51 +-
 drivers/target/iscsi/iscsi_target_configfs.c       |    1 +
 drivers/target/iscsi/iscsi_target_login.c          |    1 +
 drivers/target/target_core_configfs.c              |   54 +-
 drivers/target/target_core_device.c                |   38 +
 drivers/target/target_core_file.c                  |   32 +-
 drivers/target/target_core_iblock.c                |   12 +-
 drivers/target/target_core_iblock.h                |    3 +-
 drivers/target/target_core_pr.c                    |    2 +-
 drivers/target/target_core_pr.h                    |    9 +-
 drivers/target/target_core_pscsi.c                 |    3 +-
 drivers/target/target_core_rd.c                    |   50 +-
 drivers/target/target_core_sbc.c                   |   10 +-
 drivers/target/target_core_tpg.c                   |    7 +
 drivers/target/target_core_transport.c             |    2 +-
 drivers/target/target_core_user.c                  |  645 +++-
 drivers/thermal/Kconfig                            |   32 +
 drivers/thermal/Makefile                           |    2 +
 drivers/thermal/broadcom/Kconfig                   |   16 +
 drivers/thermal/broadcom/Makefile                  |    2 +
 drivers/thermal/broadcom/bcm2835_thermal.c         |  314 ++
 drivers/thermal/broadcom/ns-thermal.c              |  106 +
 drivers/thermal/da9062-thermal.c                   |  315 ++
 drivers/thermal/devfreq_cooling.c                  |  152 +-
 drivers/thermal/intel_soc_dts_thermal.c            |    9 +-
 drivers/thermal/mtk_thermal.c                      |    2 +-
 drivers/thermal/rcar_gen3_thermal.c                |  199 +-
 drivers/thermal/thermal_core.c                     |   64 +-
 .../thermal/ti-soc-thermal/dra752-thermal-data.c   |   10 -
 .../thermal/ti-soc-thermal/omap3-thermal-data.c    |    4 -
 .../thermal/ti-soc-thermal/omap4-thermal-data.c    |    6 -
 .../thermal/ti-soc-thermal/omap5-thermal-data.c    |    4 -
 drivers/thermal/ti-soc-thermal/ti-bandgap.h        |    4 -
 drivers/thermal/ti-soc-thermal/ti-thermal-common.c |  158 +-
 drivers/thermal/ti-soc-thermal/ti-thermal.h        |   16 -
 fs/Kconfig                                         |    1 +
 fs/bfs/inode.c                                     |    4 +-
 fs/block_dev.c                                     |   66 -
 fs/dax.c                                           |   95 +-
 fs/ext2/super.c                                    |    1 +
 fs/ext4/file.c                                     |   21 +-
 fs/ext4/super.c                                    |    1 +
 fs/namei.c                                         |   48 +-
 fs/namespace.c                                     |   18 +-
 fs/open.c                                          |    9 +-
 fs/ubifs/Kconfig                                   |   13 +
 fs/ubifs/debug.c                                   |    4 +-
 fs/ubifs/ioctl.c                                   |    6 +-
 fs/ubifs/recovery.c                                |    1 -
 fs/ubifs/ubifs.h                                   |   14 +-
 fs/ubifs/xattr.c                                   |    6 +
 fs/xfs/xfs_super.c                                 |    1 +
 include/linux/blkdev.h                             |    2 -
 include/linux/dax.h                                |   31 +-
 include/linux/devfreq_cooling.h                    |   19 +
 include/linux/fs.h                                 |    1 -
 include/linux/namei.h                              |    1 +
 include/linux/nd.h                                 |   12 +-
 include/linux/of_fdt.h                             |    6 +
 include/linux/power/max17042_battery.h             |    9 +-
 include/linux/vmalloc.h                            |   21 +-
 include/scsi/scsi_proto.h                          |    1 +
 include/soc/fsl/qe/immap_qe.h                      |   19 -
 include/soc/fsl/qe/qe.h                            |    1 +
 include/target/target_core_backend.h               |    1 +
 include/target/target_core_base.h                  |    1 +
 include/trace/events/thermal.h                     |   11 +-
 include/uapi/drm/amdgpu_drm.h                      |   24 +-
 kernel/events/callchain.c                          |    6 +
 kernel/fork.c                                      |    2 +-
 kernel/gcov/base.c                                 |    6 +
 kernel/gcov/gcc_4_7.c                              |    4 +-
 kernel/time/time.c                                 |   14 -
 mm/khugepaged.c                                    |   11 +-
 mm/memcontrol.c                                    |    2 +-
 mm/memory-failure.c                                |    7 +
 mm/truncate.c                                      |   21 +-
 mm/util.c                                          |    3 +-
 mm/vmalloc.c                                       |   19 +-
 mm/vmscan.c                                        |   21 +-
 mm/vmstat.c                                        |    2 -
 sound/Kconfig                                      |    1 +
 sound/hda/hdac_controller.c                        |    4 +
 sound/pci/hda/patch_conexant.c                     |    4 +-
 tools/build/feature/test-sched_getcpu.c            |    2 +
 tools/include/linux/string.h                       |    2 +
 tools/lib/string.c                                 |    9 +
 tools/lib/subcmd/help.c                            |    1 +
 tools/lib/subcmd/parse-options.c                   |    1 +
 tools/lib/subcmd/subcmd-util.h                     |    9 -
 tools/perf/Documentation/perf-c2c.txt              |    4 +-
 tools/perf/Documentation/perf-record.txt           |    2 +-
 tools/perf/Documentation/perf-report.txt           |    6 +-
 tools/perf/Documentation/perf.data-file-format.txt |    4 +-
 tools/perf/Documentation/tips.txt                  |    2 +-
 tools/perf/arch/arm64/annotate/instructions.c      |    2 +-
 tools/perf/arch/powerpc/util/sym-handling.c        |   12 +
 tools/perf/builtin-buildid-cache.c                 |   13 +-
 tools/perf/builtin-c2c.c                           |    1 +
 tools/perf/builtin-config.c                        |   19 +-
 tools/perf/builtin-top.c                           |    2 +-
 tools/perf/builtin-trace.c                         |    1 +
 tools/perf/perf.c                                  |    1 +
 tools/perf/tests/hists_cumulate.c                  |    1 +
 tools/perf/tests/hists_filter.c                    |    1 +
 tools/perf/tests/hists_output.c                    |    1 +
 tools/perf/tests/kmod-path.c                       |    2 +
 tools/perf/tests/sdt.c                             |    1 -
 tools/perf/ui/setup.c                              |    3 +
 tools/perf/util/Build                              |    1 +
 tools/perf/util/build-id.h                         |    4 +
 tools/perf/util/event.c                            |   10 +-
 tools/perf/util/event.h                            |   14 +-
 tools/perf/util/evsel.c                            |    1 +
 tools/perf/util/header.c                           |    1 +
 tools/perf/util/intel-pt.c                         |    1 +
 tools/perf/util/machine.c                          |   28 +-
 tools/perf/util/map.c                              |    5 -
 tools/perf/util/map.h                              |    5 +-
 tools/perf/util/memswap.c                          |   24 +
 tools/perf/util/memswap.h                          |    7 +
 .../perf/util/scripting-engines/trace-event-perl.c |    4 +-
 tools/perf/util/session.c                          |    1 +
 tools/perf/util/strbuf.c                           |    9 -
 tools/perf/util/symbol.c                           |   72 +-
 tools/perf/util/symbol.h                           |   11 +
 tools/perf/util/units.c                            |   29 +
 tools/perf/util/units.h                            |    7 +
 tools/perf/util/util.c                             |   49 -
 tools/perf/util/util.h                             |   26 -
 412 files changed, 9811 insertions(+), 14602 deletions(-)
 create mode 100644 Documentation/devicetree/bindings/power/supply/axp20x_battery.txt
 create mode 100644 Documentation/devicetree/bindings/powerpc/ibm,powerpc-cpu-features.txt
 create mode 100644 Documentation/devicetree/bindings/thermal/brcm,ns-thermal
 create mode 100644 Documentation/devicetree/bindings/thermal/da9062-thermal.txt
 create mode 100755 Documentation/target/target-export-device
 create mode 100644 arch/mips/include/asm/cpufeature.h
 delete mode 100644 arch/mips/include/asm/octeon/cvmx-l2d-defs.h
 create mode 100644 arch/nios2/boot/.gitignore
 delete mode 100644 arch/nios2/include/asm/cmpxchg.h
 delete mode 100644 arch/nios2/include/asm/prom.h
 create mode 100644 arch/nios2/kernel/.gitignore
 delete mode 100644 arch/nios2/kernel/early_printk.c
 create mode 100644 arch/powerpc/include/asm/dt_cpu_ftrs.h
 create mode 100644 arch/powerpc/kernel/dt_cpu_ftrs.c
 create mode 100644 drivers/input/joystick/psxpad-spi.c
 create mode 100644 drivers/power/supply/axp20x_battery.c
 create mode 100644 drivers/thermal/broadcom/Kconfig
 create mode 100644 drivers/thermal/broadcom/Makefile
 create mode 100644 drivers/thermal/broadcom/bcm2835_thermal.c
 create mode 100644 drivers/thermal/broadcom/ns-thermal.c
 create mode 100644 drivers/thermal/da9062-thermal.c
 create mode 100644 tools/perf/util/memswap.c
 create mode 100644 tools/perf/util/memswap.h
Merging fixes/master (97da3854c526 Linux 4.11-rc3)
$ git merge fixes/master
Already up-to-date.
Merging kbuild-current/fixes (2ea659a9ef48 Linux 4.12-rc1)
$ git merge kbuild-current/fixes
Already up-to-date.
Merging arc-current/for-curr (cf4100d1cddc Revert "ARCv2: Allow enabling PAE40 w/o HIGHMEM")
$ git merge arc-current/for-curr
Already up-to-date.
Merging arm-current/fixes (6d8059493691 ARM: 8670/1: V7M: Do not corrupt vector table around v7m_invalidate_l1 call)
$ git merge arm-current/fixes
Already up-to-date.
Merging m68k-current/for-linus (f6ab4d59a5fe nubus: Add MVC and VSC video card definitions)
$ git merge m68k-current/for-linus
Already up-to-date.
Merging metag-fixes/fixes (b884a190afce metag/usercopy: Add missing fixups)
$ git merge metag-fixes/fixes
Already up-to-date.
Merging powerpc-fixes/fixes (be5c5e843c4a powerpc/64: Fix HMI exception on LE with CONFIG_RELOCATABLE=y)
$ git merge powerpc-fixes/fixes
Already up-to-date.
Merging sparc/master (3c7f62212018 sparc64: fix fault handling in NGbzero.S and GENbzero.S)
$ git merge sparc/master
Already up-to-date.
Merging fscrypt-current/for-stable (42d97eb0ade3 fscrypt: fix renaming and linking special files)
$ git merge fscrypt-current/for-stable
Already up-to-date.
Merging net/master (1c4d5f51a812 vmxnet3: ensure that adapter is in proper state during force_close)
$ git merge net/master
Auto-merging net/ipv6/tcp_ipv6.c
Auto-merging net/dccp/ipv6.c
Merge made by the 'recursive' strategy.
 arch/arm64/net/bpf_jit_comp.c                      |   5 +-
 drivers/net/dsa/mv88e6xxx/chip.c                   |   3 +
 .../ethernet/aquantia/atlantic/hw_atl/hw_atl_a0.c  |  13 +-
 .../ethernet/aquantia/atlantic/hw_atl/hw_atl_b0.c  |  12 +-
 .../net/ethernet/qlogic/netxen/netxen_nic_ctx.c    |   2 +-
 drivers/net/ethernet/qlogic/qlcnic/qlcnic.h        |   4 +-
 .../net/ethernet/qlogic/qlcnic/qlcnic_83xx_hw.c    |  34 ++
 .../net/ethernet/qlogic/qlcnic/qlcnic_83xx_hw.h    |   1 +
 .../net/ethernet/qlogic/qlcnic/qlcnic_ethtool.c    |   3 +
 drivers/net/ethernet/qualcomm/qca_spi.c            |  10 +-
 drivers/net/ethernet/sfc/nic.h                     |   8 +-
 drivers/net/ethernet/ti/netcp_core.c               |   6 +-
 drivers/net/irda/irda-usb.c                        |   2 +-
 drivers/net/phy/mdio-mux.c                         |  12 +-
 drivers/net/phy/mdio_bus.c                         |   6 +-
 drivers/net/usb/ch9200.c                           |   4 +-
 drivers/net/vmxnet3/vmxnet3_drv.c                  |   5 +
 drivers/net/vrf.c                                  |   3 +-
 drivers/net/xen-netfront.c                         |   3 +-
 drivers/s390/net/qeth_core.h                       |   4 +
 drivers/s390/net/qeth_core_main.c                  |  21 +-
 drivers/s390/net/qeth_core_sys.c                   |  24 +-
 drivers/s390/net/qeth_l2.h                         |   2 +
 drivers/s390/net/qeth_l2_main.c                    |  26 +-
 drivers/s390/net/qeth_l2_sys.c                     |   8 +
 drivers/s390/net/qeth_l3_main.c                    |   8 +-
 drivers/soc/ti/knav_dma.c                          |   2 +-
 include/linux/bpf_verifier.h                       |   4 +
 include/linux/netdevice.h                          |   8 +-
 include/uapi/linux/bpf.h                           |   8 +
 include/uapi/linux/if_link.h                       |  13 +-
 kernel/bpf/syscall.c                               |   5 +-
 kernel/bpf/verifier.c                              | 133 ++++--
 net/core/dev.c                                     |  57 ++-
 net/core/rtnetlink.c                               |  45 +-
 net/core/sock.c                                    |  20 +-
 net/dccp/ipv6.c                                    |   6 +
 net/ipv4/tcp_input.c                               |   9 +-
 net/ipv6/tcp_ipv6.c                                |   2 +
 net/sched/sch_api.c                                |   6 +
 net/sctp/ipv6.c                                    |  46 ++-
 net/tipc/socket.c                                  |  38 +-
 samples/bpf/cookie_uid_helper_example.c            |   4 +-
 samples/bpf/offwaketime_user.c                     |   1 +
 samples/bpf/sampleip_user.c                        |   1 +
 samples/bpf/trace_event_user.c                     |   1 +
 samples/bpf/tracex2_user.c                         |   1 +
 samples/bpf/xdp1_user.c                            |   9 +-
 samples/bpf/xdp_tx_iptunnel_user.c                 |   8 +-
 tools/build/feature/test-bpf.c                     |   1 +
 tools/include/uapi/linux/bpf.h                     |  11 +-
 tools/lib/bpf/bpf.c                                |  22 +
 tools/lib/bpf/bpf.h                                |   4 +
 tools/testing/selftests/bpf/Makefile               |   6 +-
 .../selftests/bpf/include/uapi/linux/types.h       |   6 +
 tools/testing/selftests/bpf/test_align.c           | 453 +++++++++++++++++++++
 56 files changed, 954 insertions(+), 205 deletions(-)
 create mode 100644 tools/testing/selftests/bpf/include/uapi/linux/types.h
 create mode 100644 tools/testing/selftests/bpf/test_align.c
Merging ipsec/master (2c1497bbc8fd xfrm: Fix NETDEV_DOWN with IPSec offload)
$ git merge ipsec/master
Merge made by the 'recursive' strategy.
 include/net/xfrm.h     | 10 ----------
 net/ipv4/esp4.c        |  5 ++++-
 net/key/af_key.c       |  2 +-
 net/xfrm/xfrm_device.c |  2 +-
 net/xfrm/xfrm_policy.c | 47 -----------------------------------------------
 5 files changed, 6 insertions(+), 60 deletions(-)
Merging netfilter/master (f411af682218 Merge branch 'ibmvnic-Updated-reset-handler-andcode-fixes')
$ git merge netfilter/master
Already up-to-date.
Merging ipvs/master (3c5ab3f395d6 ipvs: SNAT packet replies only for NATed connections)
$ git merge ipvs/master
Merge made by the 'recursive' strategy.
 net/netfilter/ipvs/ip_vs_core.c | 19 ++++++++++++++-----
 1 file changed, 14 insertions(+), 5 deletions(-)
Merging wireless-drivers/master (d77facb88448 brcmfmac: use local iftype avoiding use-after-free of virtual interface)
$ git merge wireless-drivers/master
Already up-to-date.
Merging mac80211/master (29cee56c0be4 Merge tag 'mac80211-for-davem-2017-05-08' of git://git.kernel.org/pub/scm/linux/kernel/git/jberg/mac80211)
$ git merge mac80211/master
Already up-to-date.
Merging sound-current/for-linus (31cbee6a5611 sound: Disable the build of OSS drivers)
$ git merge sound-current/for-linus
Already up-to-date.
Merging pci-current/for-linus (b9c1153f7a9c PCI: hisi: Fix DT binding (hisi-pcie-almost-ecam))
$ git merge pci-current/for-linus
Already up-to-date.
Merging driver-core.current/driver-core-linus (af82455f7dbd Merge tag 'char-misc-4.12-rc1' of git://git.kernel.org/pub/scm/linux/kernel/git/gregkh/char-misc)
$ git merge driver-core.current/driver-core-linus
Already up-to-date.
Merging tty.current/tty-linus (4f7d029b9bf0 Linux 4.11-rc7)
$ git merge tty.current/tty-linus
Already up-to-date.
Merging usb.current/usb-linus (a71c9a1c779f Linux 4.11-rc5)
$ git merge usb.current/usb-linus
Already up-to-date.
Merging usb-gadget-fixes/fixes (a351e9b9fc24 Linux 4.11)
$ git merge usb-gadget-fixes/fixes
Already up-to-date.
Merging usb-serial-fixes/usb-linus (c02ed2e75ef4 Linux 4.11-rc4)
$ git merge usb-serial-fixes/usb-linus
Already up-to-date.
Merging usb-chipidea-fixes/ci-for-usb-stable (c7fbb09b2ea1 usb: chipidea: move the lock initialization to core file)
$ git merge usb-chipidea-fixes/ci-for-usb-stable
Merge made by the 'recursive' strategy.
Merging phy/fixes (1a09b6a7c10e phy: qcom-usb-hs: Add depends on EXTCON)
$ git merge phy/fixes
Already up-to-date.
Merging staging.current/staging-linus (09d79d103371 Merge tag 'docs-4.12-2' of git://git.lwn.net/linux)
$ git merge staging.current/staging-linus
Already up-to-date.
Merging char-misc.current/char-misc-linus (af82455f7dbd Merge tag 'char-misc-4.12-rc1' of git://git.kernel.org/pub/scm/linux/kernel/git/gregkh/char-misc)
$ git merge char-misc.current/char-misc-linus
Already up-to-date.
Merging input-current/for-linus (3af9256150b3 Input: cros_ec_keyb - remove extraneous 'const')
$ git merge input-current/for-linus
Already up-to-date.
Merging crypto-current/master (929562b14478 crypto: stm32 - Fix OF module alias information)
$ git merge crypto-current/master
Already up-to-date.
Merging ide/master (acfead32f3f9 ide: don't call memcpy with the same source and destination)
$ git merge ide/master
Already up-to-date.
Merging vfio-fixes/for-linus (39da7c509acf Linux 4.11-rc6)
$ git merge vfio-fixes/for-linus
Already up-to-date.
Merging kselftest-fixes/fixes (c1ae3cfa0e89 Linux 4.11-rc1)
$ git merge kselftest-fixes/fixes
Already up-to-date.
Merging backlight-fixes/for-backlight-fixes (68feaca0b13e backlight: pwm: Handle EPROBE_DEFER while requesting the PWM)
$ git merge backlight-fixes/for-backlight-fixes
Already up-to-date.
Merging ftrace-fixes/for-next-urgent (6224beb12e19 tracing: Have branch tracer use recursive field of task struct)
$ git merge ftrace-fixes/for-next-urgent
Already up-to-date.
Merging mfd-fixes/for-mfd-fixes (b2376407f989 mfd: cros-ec: Fix host command buffer size)
$ git merge mfd-fixes/for-mfd-fixes
Already up-to-date.
Merging v4l-dvb-fixes/fixes (24a47426066c [media] exynos-gsc: Do not swap cb/cr for semi planar formats)
$ git merge v4l-dvb-fixes/fixes
Already up-to-date.
Merging drm-intel-fixes/for-linux-next-fixes (a351e9b9fc24 Linux 4.11)
$ git merge drm-intel-fixes/for-linux-next-fixes
Already up-to-date.
Merging drm-misc-fixes/for-linux-next-fixes (0c45b36f8acc drm/udl: Fix unaligned memory access in udl_render_hline)
$ git merge drm-misc-fixes/for-linux-next-fixes
Already up-to-date.
Merging kbuild/for-next (cb77f0d623ff scripts: Switch to more portable Perl shebang)
$ git merge kbuild/for-next
Merge made by the 'recursive' strategy.
 scripts/bootgraph.pl                 | 2 +-
 scripts/checkincludes.pl             | 2 +-
 scripts/checkpatch.pl                | 3 ++-
 scripts/checkstack.pl                | 2 +-
 scripts/checkversion.pl              | 2 +-
 scripts/cleanfile                    | 3 ++-
 scripts/cleanpatch                   | 3 ++-
 scripts/dtc/dt_to_config             | 2 +-
 scripts/export_report.pl             | 3 ++-
 scripts/extract-module-sig.pl        | 3 ++-
 scripts/extract-sys-certs.pl         | 3 ++-
 scripts/extract_xc3028.pl            | 2 +-
 scripts/get_dvb_firmware             | 2 +-
 scripts/get_maintainer.pl            | 3 ++-
 scripts/headerdep.pl                 | 2 +-
 scripts/headers_check.pl             | 3 ++-
 scripts/kconfig/streamline_config.pl | 3 ++-
 scripts/kernel-doc                   | 3 ++-
 scripts/kernel-doc-xml-ref           | 3 ++-
 scripts/markup_oops.pl               | 2 +-
 scripts/namespace.pl                 | 4 ++--
 scripts/profile2linkerlist.pl        | 2 +-
 scripts/recordmcount.pl              | 3 ++-
 scripts/stackdelta                   | 2 +-
 24 files changed, 37 insertions(+), 25 deletions(-)
Merging asm-generic/master (de4be6b87b6b asm-generic: page.h: fix comment typo)
$ git merge asm-generic/master
Resolved 'include/asm-generic/percpu.h' using previous resolution.
Auto-merging include/asm-generic/percpu.h
CONFLICT (content): Merge conflict in include/asm-generic/percpu.h
Automatic merge failed; fix conflicts and then commit the result.
$ git commit -v -a
[master 5aee06c9c1bf] Merge remote-tracking branch 'asm-generic/master'
$ git diff -M --stat --summary HEAD^..
 include/asm-generic/page.h | 2 +-
 1 file changed, 1 insertion(+), 1 deletion(-)
Merging arc/for-next (d5adbfcd5f7b Linux 4.10-rc7)
$ git merge arc/for-next
Already up-to-date.
Merging arm/for-next (c92a90a5060a Merge branches 'fixes' and 'misc' into for-next)
$ git merge arm/for-next
Already up-to-date.
Merging arm-perf/for-next/perf (f00fa5f4163b arm64: pmuv3: use arm_pmu ACPI framework)
$ git merge arm-perf/for-next/perf
Already up-to-date.
Merging arm-soc/for-next (e3ec06d4bc1e arm-soc: document merges)
$ git merge arm-soc/for-next
Resolved 'drivers/tee/tee_shm.c' using previous resolution.
Auto-merging drivers/tee/tee_shm.c
CONFLICT (content): Merge conflict in drivers/tee/tee_shm.c
Automatic merge failed; fix conflicts and then commit the result.
$ git commit -v -a
[master 032c2c7e7c1f] Merge remote-tracking branch 'arm-soc/for-next'
$ git diff -M --stat --summary HEAD^..
 arch/arm/arm-soc-for-next-contents.txt         | 15 ++++++
 arch/arm/boot/dts/mt7623.dtsi                  |  2 +
 arch/arm/mach-omap2/common.h                   |  3 +-
 arch/arm/mach-omap2/omap-mpuss-lowpower.c      | 10 ++--
 arch/arm/mach-omap2/omap-smp.c                 | 11 ++--
 arch/arm64/Kconfig.platforms                   |  5 ++
 arch/arm64/boot/dts/marvell/armada-3720-db.dts |  8 +++
 arch/arm64/boot/dts/marvell/armada-37xx.dtsi   | 73 ++++++++++++++++++++++++--
 arch/arm64/boot/dts/mediatek/mt8173-evb.dts    |  3 ++
 include/linux/soc/renesas/rcar-rst.h           |  5 ++
 10 files changed, 122 insertions(+), 13 deletions(-)
 create mode 100644 arch/arm/arm-soc-for-next-contents.txt
Merging alpine/alpine/for-next (a1144b2b1ec4 ARM: dts: alpine: add valid clock-frequency values)
$ git merge alpine/alpine/for-next
Merge made by the 'recursive' strategy.
Merging amlogic/for-next (715dcd206041 Merge branch 'v4.12/drivers' into tmp/aml-rebuild)
$ git merge amlogic/for-next
Already up-to-date!
Merge made by the 'recursive' strategy.
Merging aspeed/for-next (4944e5dbb215 Merge branches 'dt-for-v4.12' and 'defconfig-for-v4.12' into for-next)
$ git merge aspeed/for-next
Already up-to-date!
Merge made by the 'recursive' strategy.
Merging at91/at91-next (ce60fdaa7e9e Merge remote-tracking branch 'alex_korg/at91-dt' into at91-next)
$ git merge at91/at91-next
Merge made by the 'recursive' strategy.
Merging bcm2835/for-next (7ea6e490ba7f Merge branch anholt/bcm2835-defconfig-64-next into for-next)
$ git merge bcm2835/for-next
Already up-to-date!
Merge made by the 'recursive' strategy.
Merging berlin/berlin/for-next (5153351425c9 Merge branch 'berlin/dt' into berlin/for-next)
$ git merge berlin/berlin/for-next
Already up-to-date!
Merge made by the 'recursive' strategy.
Merging cortex-m/for-next (f719a0d6a854 ARM: efm32: switch to vendor,device compatible strings)
$ git merge cortex-m/for-next
Already up-to-date.
Merging imx-mxs/for-next (990df0480610 Merge branch 'zte/dt64' into for-next)
$ git merge imx-mxs/for-next
Already up-to-date!
Merge made by the 'recursive' strategy.
Merging keystone/next (4495c08e8472 Linux 4.11-rc2)
$ git merge keystone/next
Already up-to-date.
Merging mvebu/for-next (4cfb1f480e35 Merge branch 'mvebu/dt64' into mvebu/for-next)
$ git merge mvebu/for-next
Already up-to-date!
Merge made by the 'recursive' strategy.
Merging omap/for-next (5a0bbcf7ab0f Merge branch 'omap-for-v4.12/defconfig' into for-next)
$ git merge omap/for-next
Already up-to-date!
Merge made by the 'recursive' strategy.
Merging omap-pending/for-next (c20c8f750d9f ARM: OMAP2+: hwmod: fix _idle() hwmod state sanity check sequence)
$ git merge omap-pending/for-next
Already up-to-date.
Merging qcom/for-next (9f514b0f9cf3 Merge branch 'drivers-for-4.12' into all-for-4.12)
$ git merge qcom/for-next
Merge made by the 'recursive' strategy.
Merging renesas/next (c8906b237adf Merge branch 'fixes-for-v4.12' into next)
$ git merge renesas/next
Already up-to-date!
Merge made by the 'recursive' strategy.
Merging rockchip/for-next (b8c322bd1c56 Merge branch 'v4.13-armsoc/dts32' into for-next)
$ git merge rockchip/for-next
Auto-merging arch/arm/boot/dts/rv1108.dtsi
Auto-merging arch/arm/boot/dts/rv1108-evb.dts
Merge made by the 'recursive' strategy.
 Documentation/devicetree/bindings/arm/rockchip.txt |   8 +-
 arch/arm/Kconfig.debug                             |  30 +
 arch/arm/boot/dts/Makefile                         |   2 +-
 arch/arm/boot/dts/rk3288-rock2-square.dts          |   8 +-
 .../boot/dts/{rk1108-evb.dts => rv1108-evb.dts}    |   6 +-
 arch/arm/boot/dts/{rk1108.dtsi => rv1108.dtsi}     |  20 +-
 arch/arm/mach-rockchip/rockchip.c                  |   1 +
 arch/arm64/boot/dts/rockchip/Makefile              |   1 +
 arch/arm64/boot/dts/rockchip/rk3399-firefly.dts    | 690 +++++++++++++++++++++
 arch/arm64/boot/dts/rockchip/rk3399.dtsi           | 158 ++++-
 10 files changed, 899 insertions(+), 25 deletions(-)
 rename arch/arm/boot/dts/{rk1108-evb.dts => rv1108-evb.dts} (94%)
 rename arch/arm/boot/dts/{rk1108.dtsi => rv1108.dtsi} (95%)
 create mode 100644 arch/arm64/boot/dts/rockchip/rk3399-firefly.dts
Merging rpi/for-rpi-next (bc0195aad0da Linux 4.2-rc2)
$ git merge rpi/for-rpi-next
Already up-to-date.
Merging samsung/for-next (1001354ca341 Linux 4.9-rc1)
$ git merge samsung/for-next
Already up-to-date.
Merging samsung-krzk/for-next (c62e288fcc00 Merge branch 'fixes' into for-next)
$ git merge samsung-krzk/for-next
Merge made by the 'recursive' strategy.
 MAINTAINERS | 1 -
 1 file changed, 1 deletion(-)
Merging sunxi/sunxi/for-next (9bff96266476 Merge branches 'sunxi/clk-fixes-for-4.12', 'sunxi/dt-for-4.13', 'sunxi/dt64-for-4.13' and 'sunxi/fixes-for-4.12' into sunxi/for-next)
$ git merge sunxi/sunxi/for-next
Merge made by the 'recursive' strategy.
 arch/arm/boot/dts/axp209.dtsi                      |   5 +
 arch/arm/boot/dts/axp22x.dtsi                      |   5 +
 arch/arm/boot/dts/sun4i-a10-a1000.dts              |   2 +-
 arch/arm/boot/dts/sun4i-a10-ba10-tvbox.dts         |   2 +-
 arch/arm/boot/dts/sun4i-a10-chuwi-v7-cw0825.dts    |   2 +-
 arch/arm/boot/dts/sun4i-a10-cubieboard.dts         |   2 +-
 arch/arm/boot/dts/sun4i-a10-dserve-dsrv9703c.dts   |   2 +-
 arch/arm/boot/dts/sun4i-a10-gemei-g9.dts           |   2 +-
 arch/arm/boot/dts/sun4i-a10-hackberry.dts          |   2 +-
 arch/arm/boot/dts/sun4i-a10-hyundai-a7hd.dts       |   6 +-
 arch/arm/boot/dts/sun4i-a10-inet1.dts              |   2 +-
 arch/arm/boot/dts/sun4i-a10-inet97fv2.dts          |   2 +-
 arch/arm/boot/dts/sun4i-a10-inet9f-rev03.dts       |   2 +-
 .../boot/dts/sun4i-a10-itead-iteaduino-plus.dts    |   2 +-
 arch/arm/boot/dts/sun4i-a10-jesurun-q5.dts         |   2 +-
 arch/arm/boot/dts/sun4i-a10-marsboard.dts          |   2 +-
 arch/arm/boot/dts/sun4i-a10-mini-xplus.dts         |   2 +-
 arch/arm/boot/dts/sun4i-a10-mk802.dts              |   2 +-
 arch/arm/boot/dts/sun4i-a10-mk802ii.dts            |   2 +-
 arch/arm/boot/dts/sun4i-a10-olinuxino-lime.dts     |   2 +-
 arch/arm/boot/dts/sun4i-a10-pcduino.dts            |   2 +-
 arch/arm/boot/dts/sun4i-a10-pov-protab2-ips9.dts   |   2 +-
 arch/arm/boot/dts/sun4i-a10.dtsi                   |   6 -
 arch/arm/boot/dts/sun5i-a10s-auxtek-t003.dts       |   8 -
 arch/arm/boot/dts/sun5i-a10s-auxtek-t004.dts       |   4 -
 arch/arm/boot/dts/sun5i-a10s-olinuxino-micro.dts   |   4 -
 arch/arm/boot/dts/sun5i-a10s-wobo-i5.dts           |   4 -
 .../boot/dts/sun5i-a13-empire-electronix-d709.dts  |   4 -
 arch/arm/boot/dts/sun5i-a13-hsg-h702.dts           |   5 -
 arch/arm/boot/dts/sun5i-a13-olinuxino.dts          |   4 -
 arch/arm/boot/dts/sun5i-r8-chip.dts                |   4 +
 arch/arm/boot/dts/sun6i-a31-hummingbird.dts        |   6 -
 arch/arm/boot/dts/sun6i-a31.dtsi                   | 169 ++++++++++++++++-
 arch/arm/boot/dts/sun7i-a20-bananapi.dts           |  51 +++++
 arch/arm/boot/dts/sun7i-a20-cubieboard2.dts        |   2 +-
 arch/arm/boot/dts/sun7i-a20-cubietruck.dts         |   2 +-
 arch/arm/boot/dts/sun7i-a20-hummingbird.dts        |   2 +-
 arch/arm/boot/dts/sun7i-a20-i12-tvbox.dts          |   2 +-
 arch/arm/boot/dts/sun7i-a20-icnova-swac.dts        |   2 +-
 arch/arm/boot/dts/sun7i-a20-itead-ibox.dts         |   2 +-
 arch/arm/boot/dts/sun7i-a20-lamobo-r1.dts          |   8 -
 arch/arm/boot/dts/sun7i-a20-m3.dts                 |   2 +-
 arch/arm/boot/dts/sun7i-a20-mk808c.dts             |   2 +-
 arch/arm/boot/dts/sun7i-a20-olimex-som-evb.dts     |   2 +-
 arch/arm/boot/dts/sun7i-a20-olinuxino-lime.dts     |   2 +-
 arch/arm/boot/dts/sun7i-a20-olinuxino-lime2.dts    |   2 +-
 arch/arm/boot/dts/sun7i-a20-olinuxino-micro.dts    |   2 +-
 arch/arm/boot/dts/sun7i-a20-pcduino3-nano.dts      |   2 +-
 arch/arm/boot/dts/sun7i-a20-pcduino3.dts           |   6 +-
 arch/arm/boot/dts/sun7i-a20-wexler-tab7200.dts     |   2 +-
 arch/arm/boot/dts/sun7i-a20-wits-pro-a20-dkt.dts   |   2 +-
 arch/arm/boot/dts/sun7i-a20.dtsi                   |   6 -
 arch/arm/boot/dts/sun8i-a33-sinlinx-sina33.dts     |   8 +-
 arch/arm/boot/dts/sun8i-a33.dtsi                   |  30 +--
 .../boot/dts/sun8i-a83t-allwinner-h8homlet-v2.dts  |   2 +-
 arch/arm/boot/dts/sun8i-a83t-cubietruck-plus.dts   |   2 +-
 arch/arm/boot/dts/sun8i-a83t.dtsi                  |  34 ++--
 arch/arm/boot/dts/sun8i-h3-bananapi-m2-plus.dts    |  22 ++-
 arch/arm/boot/dts/sun8i-h3-orangepi-2.dts          |  13 +-
 arch/arm/boot/dts/sun8i-h3-orangepi-pc.dts         |  22 ++-
 arch/arm/boot/dts/sunxi-common-regulators.dtsi     |  30 ---
 arch/arm/boot/dts/sunxi-h3-h5.dtsi                 |   2 +-
 arch/arm64/boot/dts/allwinner/Makefile             |   2 +
 .../arm64/boot/dts/allwinner/sun50i-a64-pine64.dts |  41 +++++
 arch/arm64/boot/dts/allwinner/sun50i-a64.dtsi      |  61 ++++++
 .../boot/dts/allwinner/sun50i-h5-nanopi-neo2.dts   | 134 ++++++++++++++
 .../dts/allwinner/sun50i-h5-orangepi-prime.dts     | 205 +++++++++++++++++++++
 drivers/clk/sunxi-ng/ccu-sun6i-a31.c               |   2 +-
 drivers/clk/sunxi-ng/ccu-sun8i-v3s.c               |   2 +-
 69 files changed, 810 insertions(+), 175 deletions(-)
 create mode 100644 arch/arm64/boot/dts/allwinner/sun50i-h5-nanopi-neo2.dts
 create mode 100644 arch/arm64/boot/dts/allwinner/sun50i-h5-orangepi-prime.dts
Merging tegra/for-next (29d04525797f Merge branch for-4.12/clk into for-next)
$ git merge tegra/for-next
Already up-to-date!
Merge made by the 'recursive' strategy.
Merging arm64/for-next/core (0c2cf6d9487c arm64: Silence first allocation with CONFIG_ARM64_MODULE_PLTS=y)
$ git merge arm64/for-next/core
Already up-to-date.
Merging clk/clk-next (0119dc6132d2 clk: x86: pmc-atom: Checking for IS_ERR() instead of NULL)
$ git merge clk/clk-next
Already up-to-date.
Merging c6x/for-linux-next (ca3060d39ae7 c6x: Use generic clkdev.h header)
$ git merge c6x/for-linux-next
Already up-to-date.
Merging cris/for-next (8f50f2a1b46a cris: No need to append -O2 and $(LINUXINCLUDE))
$ git merge cris/for-next
Already up-to-date.
Merging h8300/h8300-next (58c57526711f h8300: Add missing include file to asm/io.h)
$ git merge h8300/h8300-next
Merge made by the 'recursive' strategy.
Merging hexagon/linux-next (02cc2ccfe771 Revert "Hexagon: fix signal.c compile error")
$ git merge hexagon/linux-next
Already up-to-date.
Merging ia64/next (fbb0e4da96f4 ia64: salinfo: use a waitqueue instead a sema down/up combo)
$ git merge ia64/next
Already up-to-date.
Merging m68k/for-next (1072734a2c63 m68k/defconfig: Update defconfigs for v4.12-rc1)
$ git merge m68k/for-next
Merge made by the 'recursive' strategy.
 arch/m68k/configs/amiga_defconfig    |   8 ++-
 arch/m68k/configs/apollo_defconfig   |   8 ++-
 arch/m68k/configs/atari_defconfig    |   8 ++-
 arch/m68k/configs/bvme6000_defconfig |   8 ++-
 arch/m68k/configs/hp300_defconfig    |   8 ++-
 arch/m68k/configs/mac_defconfig      |   8 ++-
 arch/m68k/configs/multi_defconfig    |   8 ++-
 arch/m68k/configs/mvme147_defconfig  |   8 ++-
 arch/m68k/configs/mvme16x_defconfig  |   8 ++-
 arch/m68k/configs/q40_defconfig      |   8 ++-
 arch/m68k/configs/sun3_defconfig     |   8 ++-
 arch/m68k/configs/sun3x_defconfig    |   8 ++-
 drivers/nubus/nubus.c                | 125 +++--------------------------------
 13 files changed, 95 insertions(+), 126 deletions(-)
Merging m68knommu/for-next (99a2c395541f m68k/coldfire/pit: set ->min_delta_ticks and ->max_delta_ticks)
$ git merge m68knommu/for-next
Merge made by the 'recursive' strategy.
Merging metag/for-next (e3cd7f013bac metag/mm: Drop pointless increment)
$ git merge metag/for-next
Already up-to-date.
Merging microblaze/next (3400606d8ffd microblaze: Add new fpga families)
$ git merge microblaze/next
Already up-to-date.
Merging mips/mips-for-linux-next (19e816573612 MIPS: mm: adjust PKMAP location)
$ git merge mips/mips-for-linux-next
Merge made by the 'recursive' strategy.
 arch/mips/include/asm/highmem.h      | 5 +++++
 arch/mips/include/asm/pgtable-32.h   | 7 ++++++-
 arch/mips/kernel/perf_event_mipsxx.c | 6 +++++-
 arch/mips/mm/pgtable-32.c            | 6 +++---
 4 files changed, 19 insertions(+), 5 deletions(-)
Merging nios2/for-next (e118c3fec9c0 nios2: remove custom early console implementation)
$ git merge nios2/for-next
Already up-to-date.
Merging openrisc/for-next (a4d442663580 openrisc: head: Init r0 to 0 on start)
$ git merge openrisc/for-next
Already up-to-date.
Merging parisc-hd/for-next (5aa2aabff1ce parisc: Stop CPUs via PAT firmware before system halt or reboot.)
$ git merge parisc-hd/for-next
Merge made by the 'recursive' strategy.
 arch/parisc/include/asm/pdc.h       |  18 +++++
 arch/parisc/include/asm/pdcpat.h    |  36 ++++++---
 arch/parisc/include/asm/pgtable.h   |   3 +
 arch/parisc/include/asm/processor.h |   2 +
 arch/parisc/include/asm/uaccess.h   |  11 ---
 arch/parisc/include/uapi/asm/pdc.h  |  12 +--
 arch/parisc/kernel/Makefile         |   2 +-
 arch/parisc/kernel/asm-offsets.c    |   5 --
 arch/parisc/kernel/firmware.c       | 130 ++++++++++++++++++++++++++++++++
 arch/parisc/kernel/inventory.c      |   9 +++
 arch/parisc/kernel/pdt.c            | 143 ++++++++++++++++++++++++++++++++++++
 arch/parisc/kernel/process.c        |  18 ++++-
 arch/parisc/kernel/processor.c      |   5 +-
 arch/parisc/kernel/smp.c            |   3 +
 arch/parisc/kernel/time.c           |  24 +++++-
 arch/parisc/lib/lusercopy.S         |  25 +++----
 arch/parisc/mm/fault.c              |   9 ---
 arch/parisc/mm/init.c               |   3 +
 18 files changed, 393 insertions(+), 65 deletions(-)
 create mode 100644 arch/parisc/kernel/pdt.c
Merging powerpc/next (5a61ef74f269 powerpc/64s: Support new device tree binding for discovering CPU features)
$ git merge powerpc/next
Already up-to-date.
Merging fsl/next (61baf1555512 powerpc/64e: Don't place the stack beyond TASK_SIZE)
$ git merge fsl/next
Already up-to-date.
Merging mpc5xxx/next (39e69f55f857 powerpc: Introduce the use of the managed version of kzalloc)
$ git merge mpc5xxx/next
Already up-to-date.
Merging s390/features (05aa5114d050 s390/pkey: add missing __user annotations)
$ git merge s390/features
Removing drivers/s390/block/scm_blk_cluster.c
Auto-merging drivers/s390/block/Kconfig
Auto-merging arch/s390/mm/vmem.c
Auto-merging arch/s390/mm/pageattr.c
Auto-merging arch/s390/kernel/ftrace.c
Merge made by the 'recursive' strategy.
 arch/s390/Kconfig                    |   2 +-
 arch/s390/crypto/arch_random.c       |   1 +
 arch/s390/include/asm/debug.h        |   3 +-
 arch/s390/include/asm/dis.h          |   2 +
 arch/s390/include/asm/kprobes.h      |  20 +--
 arch/s390/include/asm/page.h         |   3 +
 arch/s390/include/asm/pgalloc.h      |  25 +++-
 arch/s390/include/asm/pgtable.h      |  80 +++++++++--
 arch/s390/include/asm/processor.h    |   4 +-
 arch/s390/include/asm/sysinfo.h      |   2 +-
 arch/s390/include/asm/tlb.h          |  15 +++
 arch/s390/kernel/debug.c             |   8 +-
 arch/s390/kernel/entry.S             |  21 ++-
 arch/s390/kernel/ftrace.c            |   4 +
 arch/s390/kernel/traps.c             |   1 +
 arch/s390/kernel/vmlinux.lds.S       |   8 +-
 arch/s390/lib/probes.c               |   1 +
 arch/s390/lib/uaccess.c              |   4 +-
 arch/s390/mm/dump_pagetables.c       |  23 +++-
 arch/s390/mm/gmap.c                  |  11 +-
 arch/s390/mm/gup.c                   |  33 ++++-
 arch/s390/mm/hugetlbpage.c           |  30 +++--
 arch/s390/mm/mmap.c                  |   4 +-
 arch/s390/mm/pageattr.c              |  30 ++++-
 arch/s390/mm/pgalloc.c               |  57 +++++---
 arch/s390/mm/pgtable.c               |   6 +-
 arch/s390/mm/vmem.c                  |  44 +++++-
 drivers/s390/block/Kconfig           |   7 -
 drivers/s390/block/Makefile          |   3 -
 drivers/s390/block/dasd_devmap.c     |  47 ++++---
 drivers/s390/block/scm_blk.c         | 252 +++++++++++++++-------------------
 drivers/s390/block/scm_blk.h         |  60 +--------
 drivers/s390/block/scm_blk_cluster.c | 255 -----------------------------------
 drivers/s390/cio/ccwgroup.c          |   4 +-
 drivers/s390/cio/qdio_debug.h        |   2 +-
 drivers/s390/crypto/pkey_api.c       |   6 +-
 36 files changed, 496 insertions(+), 582 deletions(-)
 delete mode 100644 drivers/s390/block/scm_blk_cluster.c
Merging sparc-next/master (94836ecf1e73 Merge tag 'nfsd-4.11-2' of git://linux-nfs.org/~bfields/linux)
$ git merge sparc-next/master
Already up-to-date.
Merging sh/for-next (e61c10e468a4 sh: add device tree source for J2 FPGA on Mimas v2 board)
$ git merge sh/for-next
Already up-to-date.
Merging tile/master (0af0bc38175d mm, tile: drop arch_{add,remove}_memory)
$ git merge tile/master
Merge made by the 'recursive' strategy.
 arch/tile/include/uapi/arch/abi.h    | 49 +++----------------------
 arch/tile/include/uapi/arch/intreg.h | 70 ++++++++++++++++++++++++++++++++++++
 arch/tile/mm/init.c                  | 30 ----------------
 3 files changed, 74 insertions(+), 75 deletions(-)
 create mode 100644 arch/tile/include/uapi/arch/intreg.h
Merging uml/linux-next (ce4586063f1a um: Add missing NR_CPUS include)
$ git merge uml/linux-next
Already up-to-date.
Merging unicore32/unicore32 (bc27113620ca unicore32-oldabi: add oldabi syscall interface)
$ git merge unicore32/unicore32
Auto-merging arch/unicore32/include/asm/Kbuild
Merge made by the 'recursive' strategy.
 arch/unicore32/Kconfig                          |  14 +
 arch/unicore32/include/asm/Kbuild               |   3 -
 arch/unicore32/include/asm/signal.h             |  21 +
 arch/unicore32/include/asm/syscalls.h           |  25 +
 arch/unicore32/include/uapi/asm/sigcontext.h    |  14 +
 arch/unicore32/include/uapi/asm/stat-oldabi.h   |  71 +++
 arch/unicore32/include/uapi/asm/stat.h          |  19 +
 arch/unicore32/include/uapi/asm/unistd-oldabi.h | 770 ++++++++++++++++++++++++
 arch/unicore32/include/uapi/asm/unistd.h        |   8 +
 arch/unicore32/kernel/entry.S                   |  17 +
 arch/unicore32/kernel/signal.c                  |  41 ++
 11 files changed, 1000 insertions(+), 3 deletions(-)
 create mode 100644 arch/unicore32/include/asm/signal.h
 create mode 100644 arch/unicore32/include/asm/syscalls.h
 create mode 100644 arch/unicore32/include/uapi/asm/stat-oldabi.h
 create mode 100644 arch/unicore32/include/uapi/asm/stat.h
 create mode 100644 arch/unicore32/include/uapi/asm/unistd-oldabi.h
Merging xtensa/xtensa-for-next (6fad04b7585d Merge branch 'xtensa-fixes' into xtensa-for-next)
$ git merge xtensa/xtensa-for-next
Already up-to-date!
Merge made by the 'recursive' strategy.
Merging fscrypt/master (6f9d696f016f fscrypt: correct collision claim for digested names)
$ git merge fscrypt/master
Already up-to-date.
Merging befs/for-next (0bbabf98dd76 befs: make export work with cold dcache)
$ git merge befs/for-next
Merge made by the 'recursive' strategy.
Merging btrfs/next (8b8b08cbfb90 Btrfs: fix delalloc accounting after copy_from_user faults)
$ git merge btrfs/next
Already up-to-date.
Merging btrfs-kdave/for-next (24f8acd362fc Merge branch 'for-next-next-v4.13-20170512' into for-next-20170512)
$ git merge btrfs-kdave/for-next
Auto-merging fs/btrfs/qgroup.c
Auto-merging fs/btrfs/ioctl.c
Auto-merging fs/btrfs/disk-io.c
Auto-merging fs/btrfs/ctree.h
Merge made by the 'recursive' strategy.
 fs/btrfs/check-integrity.c   |   8 +-
 fs/btrfs/ctree.h             |  12 ++-
 fs/btrfs/disk-io.c           |  67 +++++++++++++--
 fs/btrfs/extent-tree.c       |  31 ++++---
 fs/btrfs/extent_io.c         | 126 +++++++++++++++++++++++++++-
 fs/btrfs/extent_io.h         |  14 +++-
 fs/btrfs/file.c              |  46 ++++++----
 fs/btrfs/inode-map.c         |   6 +-
 fs/btrfs/inode.c             |  66 ++++++++++-----
 fs/btrfs/ioctl.c             |  14 ++--
 fs/btrfs/qgroup.c            | 196 +++++++++++++++++++++++++++++++------------
 fs/btrfs/qgroup.h            |   8 +-
 fs/btrfs/relocation.c        |  13 +--
 fs/btrfs/transaction.c       |  10 ---
 fs/btrfs/volumes.h           |   1 +
 include/trace/events/btrfs.h |  36 --------
 16 files changed, 467 insertions(+), 187 deletions(-)
Merging ceph/master (eeca958dce0a ceph: fix memory leak in __ceph_setxattr())
$ git merge ceph/master
Already up-to-date.
Merging cifs/for-next (67b4c889cc83 [CIFS] Minor cleanup of xattr query function)
$ git merge cifs/for-next
Merge made by the 'recursive' strategy.
 fs/cifs/cifsacl.c   | 30 ++++++++++++++----------------
 fs/cifs/cifsglob.h  |  2 +-
 fs/cifs/cifsproto.h |  3 +--
 fs/cifs/cifssmb.c   | 11 +++--------
 fs/cifs/file.c      |  2 +-
 fs/cifs/inode.c     |  3 +--
 fs/cifs/smb2pdu.c   | 21 +++++++++------------
 fs/cifs/transport.c |  4 +---
 fs/cifs/xattr.c     |  6 ++----
 9 files changed, 33 insertions(+), 49 deletions(-)
Merging configfs/for-next (e16769d4bca6 fs: configfs: don't return anything from drop_link)
$ git merge configfs/for-next
Already up-to-date.
Merging ecryptfs/next (be280b25c328 ecryptfs: remove private bin2hex implementation)
$ git merge ecryptfs/next
Auto-merging fs/ecryptfs/main.c
Auto-merging fs/ecryptfs/ecryptfs_kernel.h
Merge made by the 'recursive' strategy.
 fs/ecryptfs/crypto.c          | 15 ---------------
 fs/ecryptfs/ecryptfs_kernel.h |  9 ++++++++-
 fs/ecryptfs/keystore.c        |  2 +-
 fs/ecryptfs/main.c            |  2 +-
 fs/ecryptfs/miscdev.c         |  2 +-
 5 files changed, 11 insertions(+), 19 deletions(-)
Merging ext3/for_next (07f7e3135e58 Merge branch 'fsnotify' into for_next)
$ git merge ext3/for_next
Already up-to-date!
Merge made by the 'recursive' strategy.
Merging ext4/dev (17f423b51607 jbd2: cleanup write flags handling from jbd2_write_superblock())
$ git merge ext4/dev
Already up-to-date.
Merging f2fs/dev (2d3e4866dea9 Merge tag 'for-linus' of git://git.kernel.org/pub/scm/virt/kvm/kvm)
$ git merge f2fs/dev
Already up-to-date.
Merging freevxfs/for-next (bf1bb4b460c8 freevxfs: update Kconfig information)
$ git merge freevxfs/for-next
Already up-to-date.
Merging fscache/fscache (d52bd54db8be Merge branch 'akpm' (patches from Andrew))
$ git merge fscache/fscache
Already up-to-date.
Merging fuse/for-next (0b6e9ea041e6 fuse: Add support for pid namespaces)
$ git merge fuse/for-next
Already up-to-date.
Merging jfs/jfs-next (684666e51585 jfs: atomically read inode size)
$ git merge jfs/jfs-next
Auto-merging fs/jfs/super.c
Merge made by the 'recursive' strategy.
 fs/jfs/resize.c | 4 ++--
 fs/jfs/super.c  | 4 ++--
 2 files changed, 4 insertions(+), 4 deletions(-)
Merging nfs/linux-next (76b2a303384e pNFS/flexfiles: Always attempt to call layoutstats when flexfiles is enabled)
$ git merge nfs/linux-next
Already up-to-date.
Merging nfsd/nfsd-next (b26b78cb7260 nfsd: Fix up the "supattr_exclcreat" attributes)
$ git merge nfsd/nfsd-next
Already up-to-date.
Merging orangefs/for-next (2f713b5c7d2a orangefs: count directory pieces correctly)
$ git merge orangefs/for-next
Already up-to-date.
Merging overlayfs/overlayfs-next (65f2673832d4 ovl: update documentation w.r.t. constant inode numbers)
$ git merge overlayfs/overlayfs-next
Already up-to-date.
Merging v9fs/for-next (a333e4bf2556 fs/9p: use fscache mutex rather than spinlock)
$ git merge v9fs/for-next
Already up-to-date.
Merging ubifs/linux-next (7bccd12d27b7 ubi: Add debugfs file for tracking PEB state)
$ git merge ubifs/linux-next
Already up-to-date.
Merging xfs/for-next (161f55efba5d xfs: fix use-after-free in xfs_finish_page_writeback)
$ git merge xfs/for-next
Already up-to-date.
Merging file-locks/linux-next (07d9a380680d Linux 4.9-rc2)
$ git merge file-locks/linux-next
Already up-to-date.
Merging vfs/for-next (919bb328b020 Merge branch 'work.misc' into for-next)
$ git merge vfs/for-next
Auto-merging fs/stat.c
Auto-merging fs/namei.c
Merge made by the 'recursive' strategy.
 fs/namei.c                 | 56 ++++++++++++++++++++++++++++++++++------------
 fs/stat.c                  |  4 +++-
 include/linux/namei.h      |  2 ++
 include/uapi/linux/fcntl.h |  1 +
 4 files changed, 48 insertions(+), 15 deletions(-)
Merging vfs-jk/vfs (030b533c4fd4 fs: Avoid premature clearing of capabilities)
$ git merge vfs-jk/vfs
Already up-to-date.
Merging vfs-miklos/next (0eb8af4916a5 vfs: use helper for calling f_op->fsync())
$ git merge vfs-miklos/next
Already up-to-date.
Merging printk/for-next (cf39bf58afda printk: fix double printing with earlycon)
$ git merge printk/for-next
Already up-to-date.
Merging pci/next (3146c8f4de9b Merge branch 'pci/remove' into next)
$ git merge pci/next
Already up-to-date.
Merging pstore/for-next/pstore (d123ad328124 efi-pstore: Fix read iter after pstore API refactor)
$ git merge pstore/for-next/pstore
Auto-merging drivers/firmware/efi/efi-pstore.c
Merge made by the 'recursive' strategy.
 drivers/firmware/efi/efi-pstore.c | 26 ++++++++++----------------
 1 file changed, 10 insertions(+), 16 deletions(-)
Merging hid/for-next (edb2a51c6fbb Merge branch 'for-4.12/upstream-fixes' into for-next)
$ git merge hid/for-next
Merge made by the 'recursive' strategy.
 drivers/hid/hid-magicmouse.c | 15 ++++++++-------
 drivers/hid/wacom_wac.c      | 45 ++++++++++++++++++++++----------------------
 2 files changed, 31 insertions(+), 29 deletions(-)
Merging i2c/i2c/for-next (f49ee0593cde Merge branch 'i2c/for-4.12' into i2c/for-next)
$ git merge i2c/i2c/for-next
Already up-to-date!
Merge made by the 'recursive' strategy.
Merging jdelvare-hwmon/master (08d27eb20666 Merge branch 'for-linus' of git://git.kernel.org/pub/scm/linux/kernel/git/viro/vfs)
$ git merge jdelvare-hwmon/master
Already up-to-date.
Merging dmi/master (b3398adc0da6 firmware: dmi_scan: Look for SMBIOS 3 entry point first)
$ git merge dmi/master
Merge made by the 'recursive' strategy.
 drivers/firmware/dmi_scan.c | 17 ++++++++++++++++-
 1 file changed, 16 insertions(+), 1 deletion(-)
Merging hwmon-staging/hwmon-next (6eaaea144dc5 hwmon: (pmbus) Add client driver for IR35221)
$ git merge hwmon-staging/hwmon-next
Merge made by the 'recursive' strategy.
 Documentation/hwmon/ir35221   |  87 ++++++++++++
 drivers/hwmon/pmbus/Kconfig   |  10 ++
 drivers/hwmon/pmbus/Makefile  |   1 +
 drivers/hwmon/pmbus/ir35221.c | 313 ++++++++++++++++++++++++++++++++++++++++++
 4 files changed, 411 insertions(+)
 create mode 100644 Documentation/hwmon/ir35221
 create mode 100644 drivers/hwmon/pmbus/ir35221.c
Merging jc_docs/docs-next (25a0da73f24c doc: replace FTP URL to kernel.org with HTTPS one)
$ git merge jc_docs/docs-next
Already up-to-date.
Merging v4l-dvb/master (3622d3e77ece [media] ov2640: print error if devm_*_optional*() fails)
$ git merge v4l-dvb/master
Already up-to-date.
Merging v4l-dvb-next/master (6d95b3f24881 Merge branch 'TTT' into to_next)
$ git merge v4l-dvb-next/master
Already up-to-date!
Merge made by the 'recursive' strategy.
Merging fbdev/fbdev-for-next (34bf129a7f06 fbdev: sti: don't select CONFIG_VT)
$ git merge fbdev/fbdev-for-next
Already up-to-date.
Merging pm/linux-next (eac94524b023 Merge branches 'acpi-tools' and 'acpi-button' into linux-next)
$ git merge pm/linux-next
Merge made by the 'recursive' strategy.
 Documentation/acpi/acpi-lid.txt  | 16 ++++++++++++----
 drivers/acpi/button.c            | 34 ++++++++++++++++------------------
 kernel/sched/cpufreq_schedutil.c |  7 +++----
 tools/power/acpi/.gitignore      |  4 ++++
 4 files changed, 35 insertions(+), 26 deletions(-)
 create mode 100644 tools/power/acpi/.gitignore
Merging idle/next (306899f94804 x86 tsc: Add the Intel Denverton Processor to native_calibrate_tsc())
$ git merge idle/next
Merge made by the 'recursive' strategy.
Merging thermal/next (cb15c81a0c1c Merge branch 'thermal-soc' into next)
$ git merge thermal/next
Already up-to-date.
Merging thermal-soc/next (19fd1783c24e Merge branch 'work-linus' into work-next)
$ git merge thermal-soc/next
Already up-to-date!
Merge made by the 'recursive' strategy.
Merging ieee1394/for-next (72f3c27aa646 firewire: net: max MTU off by one)
$ git merge ieee1394/for-next
Merge made by the 'recursive' strategy.
 drivers/firewire/net.c | 7 ++++++-
 1 file changed, 6 insertions(+), 1 deletion(-)
Merging dlm/next (c0ae14857677 dlm: Fix kernel memory disclosure)
$ git merge dlm/next
Auto-merging fs/dlm/user.c
Merge made by the 'recursive' strategy.
 fs/dlm/user.c | 2 ++
 1 file changed, 2 insertions(+)
Merging swiotlb/linux-next (69369f52d28a swiotlb-xen: implement xen_swiotlb_get_sgtable callback)
$ git merge swiotlb/linux-next
Already up-to-date.
Merging net-next/master (89c9fea3c803 Merge branch 'for-linus' of git://git.kernel.org/pub/scm/linux/kernel/git/jikos/trivial)
$ git merge net-next/master
Already up-to-date.
Merging ipsec-next/master (e892d2d40445 esp: Fix misplaced spin_unlock_bh.)
$ git merge ipsec-next/master
Already up-to-date.
Merging netfilter-next/master (89c9fea3c803 Merge branch 'for-linus' of git://git.kernel.org/pub/scm/linux/kernel/git/jikos/trivial)
$ git merge netfilter-next/master
Already up-to-date.
Merging ipvs-next/master (fb90e8dedb46 ipvs: change comparison on sync_refresh_period)
$ git merge ipvs-next/master
Already up-to-date.
Merging wireless-drivers-next/master (47d272f0f988 Merge tag 'iwlwifi-next-for-kalle-2017-04-26' of git://git.kernel.org/pub/scm/linux/kernel/git/iwlwifi/iwlwifi-next)
$ git merge wireless-drivers-next/master
Already up-to-date.
Merging bluetooth/master (2a25b3faef44 Bluetooth: hci_ldisc: Use rwlocking to avoid closing proto races)
$ git merge bluetooth/master
Merge made by the 'recursive' strategy.
 drivers/bluetooth/Kconfig     |  2 +-
 drivers/bluetooth/btusb.c     |  4 ++++
 drivers/bluetooth/hci_ldisc.c | 40 ++++++++++++++++++++++++++++++++-----
 drivers/bluetooth/hci_uart.h  |  1 +
 include/net/bluetooth/hci.h   |  8 ++++++++
 net/bluetooth/hci_core.c      | 46 ++++++++++++++++++++++++++++++++++++++-----
 6 files changed, 90 insertions(+), 11 deletions(-)
Merging mac80211-next/master (89c9fea3c803 Merge branch 'for-linus' of git://git.kernel.org/pub/scm/linux/kernel/git/jikos/trivial)
$ git merge mac80211-next/master
Already up-to-date.
Merging rdma/for-next (67cf3623e097 rxe: expose num_possible_cpus() cnum_comp_vectors)
$ git merge rdma/for-next
Already up-to-date.
Merging gfs2/for-next (3ef2bc099d1c Merge tag 'devicetree-for-4.12' of git://git.kernel.org/pub/scm/linux/kernel/git/robh/linux)
$ git merge gfs2/for-next
Already up-to-date.
Merging mtd/master (a9402889f41c MAINTAINERS: Update NAND subsystem git repositories)
$ git merge mtd/master
Already up-to-date.
Merging l2-mtd/master (a9402889f41c MAINTAINERS: Update NAND subsystem git repositories)
$ git merge l2-mtd/master
Already up-to-date.
Merging nand/nand/next (9d2ee0a60b8b mtd: nand: brcmnand: Check flash #WP pin status before nand erase/program)
$ git merge nand/nand/next
Already up-to-date.
Merging spi-nor/spi-nor/next (b67166569698 mtd: spi-nor: Potential oops on error path in quad_enable())
$ git merge spi-nor/spi-nor/next
Auto-merging drivers/mtd/spi-nor/spi-nor.c
Merge made by the 'recursive' strategy.
 drivers/mtd/devices/m25p80.c          | 121 ++++++---
 drivers/mtd/spi-nor/Kconfig           |   2 +-
 drivers/mtd/spi-nor/aspeed-smc.c      |  23 +-
 drivers/mtd/spi-nor/atmel-quadspi.c   |  83 ++++--
 drivers/mtd/spi-nor/cadence-quadspi.c |  18 +-
 drivers/mtd/spi-nor/fsl-quadspi.c     |   6 +-
 drivers/mtd/spi-nor/hisi-sfc.c        |  31 ++-
 drivers/mtd/spi-nor/intel-spi.c       |   7 +-
 drivers/mtd/spi-nor/mtk-quadspi.c     |  15 +-
 drivers/mtd/spi-nor/nxp-spifi.c       |  22 +-
 drivers/mtd/spi-nor/spi-nor.c         | 475 +++++++++++++++++++++++++++-------
 drivers/mtd/spi-nor/stm32-quadspi.c   |  32 ++-
 include/linux/mtd/spi-nor.h           | 161 +++++++++++-
 13 files changed, 770 insertions(+), 226 deletions(-)
Merging crypto/master (929562b14478 crypto: stm32 - Fix OF module alias information)
$ git merge crypto/master
Already up-to-date.
Merging drm/drm-next (7b8cd3363e8a drm/i915: Make vblank evade warnings optional)
$ git merge drm/drm-next
Already up-to-date.
Merging drm-panel/drm/panel/for-next (e4bac408b084 drm/panel: simple: Add support for Winstar WF35LTIACD)
$ git merge drm-panel/drm/panel/for-next
Already up-to-date.
Merging drm-intel/for-linux-next (88326ef05b26 drm/i915: Confirm the request is still active before adding it to the await)
$ git merge drm-intel/for-linux-next
Already up-to-date.
Merging drm-tegra/drm/tegra/for-next (b0d36daa0ab5 gpu: host1x: Fix host1x driver shutdown)
$ git merge drm-tegra/drm/tegra/for-next
Already up-to-date.
Merging drm-misc/for-linux-next (e345da82bd6b drm/edid: Add 10 bpc quirk for LGD 764 panel in HP zBook 17 G2)
$ git merge drm-misc/for-linux-next
Already up-to-date.
Merging drm-exynos/exynos-drm/for-next (7d1e04231461 Merge tag 'usercopy-v4.8-rc8' of git://git.kernel.org/pub/scm/linux/kernel/git/kees/linux)
$ git merge drm-exynos/exynos-drm/for-next
Already up-to-date.
Merging drm-msm/msm-next (98db803f6413 msm/drm: gpu: Dynamically locate the clocks from the device tree)
$ git merge drm-msm/msm-next
Already up-to-date.
Merging hdlcd/for-upstream/hdlcd (1de3cd4fb49f drm: hdlcd: Fix the calculation of the scanout start address)
$ git merge hdlcd/for-upstream/hdlcd
Auto-merging drivers/gpu/drm/arm/hdlcd_crtc.c
Merge made by the 'recursive' strategy.
 drivers/gpu/drm/arm/hdlcd_crtc.c | 47 ++++++++++++++++++++++++++--------------
 1 file changed, 31 insertions(+), 16 deletions(-)
Merging mali-dp/for-upstream/mali-dp (763656d30b3d drm: mali-dp: use div_u64 for expensive 64-bit divisions)
$ git merge mali-dp/for-upstream/mali-dp
Already up-to-date.
Merging sunxi-drm/sunxi-drm/for-next (cf80aeef958f drm/sun4i: backend: Clarify sun4i_backend_layer_enable debug message)
$ git merge sunxi-drm/sunxi-drm/for-next
Merge made by the 'recursive' strategy.
 .../bindings/display/sunxi/sun4i-drm.txt           | 10 ++++
 drivers/gpu/drm/sun4i/sun4i_backend.c              | 56 +++++++++++++++++-
 drivers/gpu/drm/sun4i/sun4i_backend.h              |  8 +++
 drivers/gpu/drm/sun4i/sun4i_drv.c                  |  2 +
 drivers/gpu/drm/sun4i/sun4i_drv.h                  |  5 +-
 drivers/gpu/drm/sun4i/sun4i_rgb.c                  |  2 -
 drivers/gpu/drm/sun4i/sun4i_tcon.c                 | 68 +++++++++++++++++++++-
 drivers/gpu/drm/sun4i/sun4i_tcon.h                 |  6 ++
 drivers/gpu/drm/sun4i/sun4i_tv.c                   |  2 -
 9 files changed, 148 insertions(+), 11 deletions(-)
Merging imx-drm/imx-drm/next (1465dc794b00 gpu: ipu-v3: prg: remove counter load enable)
$ git merge imx-drm/imx-drm/next
Merge made by the 'recursive' strategy.
 drivers/gpu/ipu-v3/ipu-prg.c | 2 --
 1 file changed, 2 deletions(-)
Merging etnaviv/etnaviv/next (d79fd1ccf2cd drm/etnaviv: implement cooling support for new GPU cores)
$ git merge etnaviv/etnaviv/next
Merge made by the 'recursive' strategy.
 drivers/gpu/drm/etnaviv/common.xml.h         | 150 ++++++++++++++++-----------
 drivers/gpu/drm/etnaviv/etnaviv_drv.c        |   1 +
 drivers/gpu/drm/etnaviv/etnaviv_drv.h        |   1 +
 drivers/gpu/drm/etnaviv/etnaviv_gem_prime.c  |   7 ++
 drivers/gpu/drm/etnaviv/etnaviv_gem_submit.c |   4 +-
 drivers/gpu/drm/etnaviv/etnaviv_gpu.c        |  30 ++++--
 drivers/gpu/drm/etnaviv/etnaviv_gpu.h        |   2 +
 7 files changed, 125 insertions(+), 70 deletions(-)
Merging kspp/for-next/kspp (62111ab351b8 Merge branch 'for-next/gcc-plugin-infrastructure' into for-next/kspp)
$ git merge kspp/for-next/kspp
Auto-merging arch/Kconfig
Merge made by the 'recursive' strategy.
 arch/Kconfig | 2 +-
 1 file changed, 1 insertion(+), 1 deletion(-)
Merging kconfig/for-next (5bcba792bb30 localmodconfig: Fix whitespace repeat count after "tristate")
$ git merge kconfig/for-next
Already up-to-date.
Merging regmap/for-next (bbbed1951704 Merge remote-tracking branches 'regmap/topic/doc' and 'regmap/topic/rbtree' into regmap-next)
$ git merge regmap/for-next
Already up-to-date!
Merge made by the 'recursive' strategy.
Merging sound/for-next (037ea61a9241 ALSA: usb-audio: fix Amanero Combo384 quirk on big-endian hosts)
$ git merge sound/for-next
Merge made by the 'recursive' strategy.
 sound/usb/quirks.c | 2 +-
 1 file changed, 1 insertion(+), 1 deletion(-)
Merging sound-asoc/for-next (20d5c84bef06 Merge remote-tracking branches 'asoc/topic/wm8960', 'asoc/topic/wm8978' and 'asoc/topic/zte-tdm' into asoc-next)
$ git merge sound-asoc/for-next
Already up-to-date.
Merging modules/modules-next (175861882769 kallsyms: Use bounded strnchr() when parsing string)
$ git merge modules/modules-next
Already up-to-date.
Merging input/next (d899520b0431 Input: elantech - force relative mode on a certain module)
$ git merge input/next
Auto-merging drivers/input/mouse/elantech.c
Merge made by the 'recursive' strategy.
 drivers/input/input.c                | 12 +++---
 drivers/input/mouse/elan_i2c.h       |  3 +-
 drivers/input/mouse/elan_i2c_core.c  | 40 ++++++++++++++++----
 drivers/input/mouse/elan_i2c_i2c.c   | 71 ++++++++++++++++++++++++++++++++----
 drivers/input/mouse/elan_i2c_smbus.c |  9 ++++-
 drivers/input/mouse/elantech.c       | 11 ++++++
 6 files changed, 123 insertions(+), 23 deletions(-)
Merging block/for-next (0789bd7bdb5b Merge branch 'for-linus' into for-next)
$ git merge block/for-next
Already up-to-date!
Merge made by the 'recursive' strategy.
Merging lightnvm/for-next (1c6286f26301 lightnvm: fix some error code in pblk-init.c)
$ git merge lightnvm/for-next
Already up-to-date.
Merging device-mapper/for-next (0e8a4f1a22f4 dm ioctl: report event number in DM_LIST_DEVICES)
$ git merge device-mapper/for-next
Auto-merging drivers/md/dm.c
Auto-merging drivers/md/dm-ioctl.c
Auto-merging drivers/md/dm-core.h
Merge made by the 'recursive' strategy.
 drivers/md/dm-cache-policy-smq.c |  31 +++++------
 drivers/md/dm-cache-target.c     |  27 +++++-----
 drivers/md/dm-core.h             |   3 ++
 drivers/md/dm-ioctl.c            | 109 +++++++++++++++++++++++++++++++--------
 drivers/md/dm.c                  |   5 ++
 include/uapi/linux/dm-ioctl.h    |   6 ++-
 6 files changed, 124 insertions(+), 57 deletions(-)
Merging pcmcia/master (e8e68fd86d22 pcmcia: do not break rsrc_nonstatic when handling anonymous cards)
$ git merge pcmcia/master
Already up-to-date.
Merging mmc/next (a627f025eb05 mmc: sdhci-of-esdhc: limit SD clock for ls1012a/ls1046a)
$ git merge mmc/next
Already up-to-date.
Merging kgdb/kgdb-next (7a6653fca500 kdb: Fix handling of kallsyms_symbol_next() return value)
$ git merge kgdb/kgdb-next
Auto-merging kernel/debug/kdb/kdb_io.c
Merge made by the 'recursive' strategy.
 kernel/debug/kdb/kdb_io.c | 2 +-
 1 file changed, 1 insertion(+), 1 deletion(-)
Merging md/for-next (d82dd0e34d03 raid1: prefer disk without bad blocks)
$ git merge md/for-next
Merge made by the 'recursive' strategy.
 drivers/md/md.c          |  20 ++++----
 drivers/md/md.h          |   2 +-
 drivers/md/raid0.c       | 116 +++++++++++++++++++++++++++++++++++++++++------
 drivers/md/raid1.c       |  21 ++++-----
 drivers/md/raid10.c      |   7 ++-
 drivers/md/raid5-cache.c |  47 ++++++++++++++-----
 drivers/md/raid5-log.h   |   3 +-
 drivers/md/raid5.c       |  79 +++++++++++++++++++-------------
 8 files changed, 209 insertions(+), 86 deletions(-)
Merging mfd/for-mfd-next (ab6241ae07c3 input: touchscreen: mxs-lradc: || vs && typos)
$ git merge mfd/for-mfd-next
Already up-to-date.
Merging backlight/for-backlight-next (e739c5bb20be backlight: Add support for Arctic Sand LED backlight driver chips)
$ git merge backlight/for-backlight-next
Already up-to-date.
Merging battery/for-next (70c9fc9a5605 power: supply: cpcap-charger: Fix charger voltages based on ADC values)
$ git merge battery/for-next
Merge made by the 'recursive' strategy.
 drivers/power/supply/cpcap-charger.c | 83 +++++++++++++++++++++---------------
 1 file changed, 49 insertions(+), 34 deletions(-)
Merging omap_dss2/for-next (c456a2f30de5 video: smscufx: remove unused variable)
$ git merge omap_dss2/for-next
Already up-to-date.
Merging regulator/for-next (f123e7b2a6e3 Merge remote-tracking branch 'regulator/topic/vctrl' into regulator-next)
$ git merge regulator/for-next
Already up-to-date!
Merge made by the 'recursive' strategy.
Merging security/next (99c55fb18fc4 security: Grammar s/allocates/allocated/)
$ git merge security/next
Auto-merging security/security.c
Auto-merging security/Kconfig
Merge made by the 'recursive' strategy.
 security/Kconfig    |  2 +-
 security/security.c | 19 +++++++++++++++++++
 2 files changed, 20 insertions(+), 1 deletion(-)
Merging integrity/next (3dd0c8d06511 ima: provide ">" and "<" operators for fowner/uid/euid rules.)
$ git merge integrity/next
Already up-to-date.
Merging keys/keys-next (e36484b5ac31 crypto : asymmetric_keys : verify_pefile:zero memory content before freeing)
$ git merge keys/keys-next
Auto-merging security/keys/keyctl.c
Auto-merging security/keys/gc.c
Merge made by the 'recursive' strategy.
 crypto/asymmetric_keys/verify_pefile.c   |  4 +--
 include/linux/key.h                      |  1 -
 include/linux/mpi.h                      |  2 +-
 include/uapi/linux/keyctl.h              |  4 +--
 lib/mpi/mpicoder.c                       | 10 ++++---
 security/keys/dh.c                       | 34 +++++++++++-----------
 security/keys/encrypted-keys/encrypted.c | 31 +++++++++-----------
 security/keys/gc.c                       |  4 +--
 security/keys/keyctl.c                   |  4 ++-
 security/keys/trusted.c                  | 50 ++++++++++++++------------------
 security/keys/user_defined.c             | 16 +++++++---
 11 files changed, 79 insertions(+), 81 deletions(-)
Merging selinux/next (cae303df3f37 selinux: Fix an uninitialized variable bug)
$ git merge selinux/next
Already up-to-date.
Merging tpmdd/next (da4cee99ca6d tpm_tis: Consolidate the platform and acpi probe flow)
$ git merge tpmdd/next
Merge made by the 'recursive' strategy.
 drivers/char/tpm/tpm-interface.c |  79 ++++++++++--------
 drivers/char/tpm/tpm-sysfs.c     |   6 +-
 drivers/char/tpm/tpm.h           |   2 +-
 drivers/char/tpm/tpm_tis.c       | 175 +++++++++++++--------------------------
 4 files changed, 104 insertions(+), 158 deletions(-)
Merging watchdog/master (00078cff73db Merge branch 'watchdog-next' of git://git.kernel.org/pub/scm/linux/kernel/git/groeck/linux-staging)
$ git merge watchdog/master
Resolved 'drivers/watchdog/iTCO_wdt.c' using previous resolution.
Auto-merging drivers/watchdog/iTCO_wdt.c
CONFLICT (content): Merge conflict in drivers/watchdog/iTCO_wdt.c
Automatic merge failed; fix conflicts and then commit the result.
$ git commit -v -a
[master a8e8f91363dd] Merge remote-tracking branch 'watchdog/master'
$ git diff -M --stat --summary HEAD^..
 .../devicetree/bindings/watchdog/da9062-wdt.txt    |  23 ++
 .../devicetree/bindings/watchdog/renesas-wdt.txt   |   4 +-
 .../devicetree/bindings/watchdog/st,stm32-iwdg.txt |  19 ++
 Documentation/watchdog/watchdog-parameters.txt     |   2 +-
 drivers/watchdog/Kconfig                           |  29 ++-
 drivers/watchdog/Makefile                          |   2 +
 drivers/watchdog/bcm_kona_wdt.c                    |   3 +-
 drivers/watchdog/cadence_wdt.c                     |   2 +-
 drivers/watchdog/f71808e_wdt.c                     |  27 ++-
 drivers/watchdog/gpio_wdt.c                        |  73 ++----
 drivers/watchdog/iTCO_wdt.c                        |  22 +-
 drivers/watchdog/intel-mid_wdt.c                   |  17 +-
 drivers/watchdog/orion_wdt.c                       |   2 +-
 drivers/watchdog/pcwd_usb.c                        |   3 +
 drivers/watchdog/rza_wdt.c                         | 199 ++++++++++++++++
 drivers/watchdog/s3c2410_wdt.c                     |  58 +++--
 drivers/watchdog/sama5d4_wdt.c                     |  96 +++++---
 drivers/watchdog/stm32_iwdg.c                      | 253 +++++++++++++++++++++
 drivers/watchdog/wdt_pci.c                         |   2 +-
 drivers/watchdog/zx2967_wdt.c                      |   4 +-
 20 files changed, 686 insertions(+), 154 deletions(-)
 create mode 100644 Documentation/devicetree/bindings/watchdog/da9062-wdt.txt
 create mode 100644 Documentation/devicetree/bindings/watchdog/st,stm32-iwdg.txt
 create mode 100644 drivers/watchdog/rza_wdt.c
 create mode 100644 drivers/watchdog/stm32_iwdg.c
Merging iommu/next (2c0248d68880 Merge branches 'arm/exynos', 'arm/omap', 'arm/rockchip', 'arm/mediatek', 'arm/smmu', 'arm/core', 'x86/vt-d', 'x86/amd' and 'core' into next)
$ git merge iommu/next
Already up-to-date.
Merging dwmw2-iommu/master (910170442944 iommu/vt-d: Fix PASID table allocation)
$ git merge dwmw2-iommu/master
Already up-to-date.
Merging vfio/next (7cb671e7a34d vfio/type1: Reduce repetitive calls in vfio_pin_pages_remote())
$ git merge vfio/next
Already up-to-date.
Merging trivial/for-next (6fbc8798d946 tty: fix comment for __tty_alloc_driver())
$ git merge trivial/for-next
Already up-to-date.
Merging audit/next (48d0e023af97 audit: fix the RCU locking for the auditd_connection structure)
$ git merge audit/next
Already up-to-date.
Merging devicetree/for-next (df3ed9323944 Partially Revert "of: fix sparse warnings in fdt, irq, reserved mem, and resolver code")
$ git merge devicetree/for-next
Merge made by the 'recursive' strategy.
 drivers/of/of_reserved_mem.c | 2 +-
 include/linux/of_irq.h       | 2 +-
 2 files changed, 2 insertions(+), 2 deletions(-)
Merging mailbox/mailbox-for-next (cb710ab1d8a2 mailbox: handle empty message in tx_tick)
$ git merge mailbox/mailbox-for-next
Already up-to-date.
Merging spi/for-next (282ec0ea65da Merge remote-tracking branches 'spi/topic/ti-qspi' and 'spi/topic/xlp' into spi-next)
$ git merge spi/for-next
Already up-to-date.
Merging tip/auto-latest (30e2fc1b448b Merge branch 'x86/urgent')
$ git merge tip/auto-latest
Auto-merging kernel/trace/trace_events.c
Auto-merging kernel/padata.c
Auto-merging kernel/kprobes.c
Auto-merging include/linux/pci.h
Auto-merging include/linux/cpuhotplug.h
Auto-merging drivers/pci/pci-driver.c
Auto-merging arch/powerpc/kvm/book3s_hv.c
Auto-merging arch/arm64/kernel/cpufeature.c
Auto-merging arch/arm64/include/asm/cpufeature.h
Merge made by the 'recursive' strategy.
 arch/arm/kernel/hw_breakpoint.c               |   5 +-
 arch/arm64/include/asm/cpufeature.h           |   3 +-
 arch/arm64/kernel/cpu_errata.c                |   9 +-
 arch/arm64/kernel/cpufeature.c                |   5 +-
 arch/mips/kernel/jump_label.c                 |   2 -
 arch/powerpc/kvm/book3s_hv.c                  |   8 +-
 arch/powerpc/platforms/powernv/subcore.c      |   3 +-
 arch/s390/kernel/time.c                       |   2 +-
 arch/sparc/kernel/jump_label.c                |   2 -
 arch/tile/kernel/jump_label.c                 |   2 -
 arch/x86/events/core.c                        |   1 -
 arch/x86/events/intel/core.c                  |   4 +-
 arch/x86/events/intel/cqm.c                   |  12 +-
 arch/x86/events/intel/ds.c                    |   7 +-
 arch/x86/kernel/cpu/mtrr/main.c               |   2 -
 arch/x86/kernel/jump_label.c                  |   2 -
 drivers/acpi/processor_driver.c               |   4 +-
 drivers/cpufreq/cpufreq.c                     |   9 +-
 drivers/hwtracing/coresight/coresight-etm3x.c |  12 +-
 drivers/hwtracing/coresight/coresight-etm4x.c |  12 +-
 drivers/pci/pci-driver.c                      |  47 +++----
 include/linux/cpu.h                           |   2 +
 include/linux/cpuhotplug.h                    |  38 ++++++
 include/linux/jump_label.h                    |  27 +++-
 include/linux/padata.h                        |   3 -
 include/linux/pci.h                           |   1 +
 include/linux/stop_machine.h                  |  26 +++-
 kernel/cpu.c                                  | 173 ++++++++++----------------
 kernel/events/core.c                          |  56 ++++++---
 kernel/jump_label.c                           |  57 ++++++++-
 kernel/kprobes.c                              |  25 ++--
 kernel/padata.c                               |  43 +++----
 kernel/stop_machine.c                         |   7 +-
 kernel/trace/trace_events.c                   |   8 ++
 kernel/tracepoint.c                           |   4 +-
 35 files changed, 374 insertions(+), 249 deletions(-)
Merging clockevents/clockevents/next (6f9c89000c3f Merge tag 'arch-timer-errata' of git://git.kernel.org/pub/scm/linux/kernel/git/maz/arm-platforms into clockevents/4.12)
$ git merge clockevents/clockevents/next
Already up-to-date.
Merging edac/linux_next (345fb0a9a634 Merge tag 'edac_for_4.11' of git://git.kernel.org/pub/scm/linux/kernel/git/bp/bp)
$ git merge edac/linux_next
Already up-to-date.
Merging edac-amd/for-next (f8d5549df25e EDAC, ghes: Do not enable it by default)
$ git merge edac-amd/for-next
Already up-to-date.
Merging irqchip/irqchip/for-next (c1ae3cfa0e89 Linux 4.11-rc1)
$ git merge irqchip/irqchip/for-next
Already up-to-date.
Merging ftrace/for-next (4dbbe2d8e95c tracing: Use cpumask_available() to check if cpumask variable may be used)
$ git merge ftrace/for-next
Already up-to-date.
Merging rcu/rcu/next (933dfbd7c437 rcu: Open-code the rcu_cblist_n_lazy_cbs() function)
$ git merge rcu/rcu/next
Already up-to-date.
Merging kvm/linux-next (36c344f3f1ff Merge tag 'kvm-arm-for-v4.12-round2' of git://git.kernel.org/pub/scm/linux/kernel/git/kvmarm/kvmarm into HEAD)
$ git merge kvm/linux-next
Already up-to-date.
Merging kvm-arm/next (a2b19e6e2d4b KVM: arm/arm64: vgic-its: Cleanup after failed ITT restore)
$ git merge kvm-arm/next
Already up-to-date.
Merging kvm-mips/next (dc44abd6aad2 KVM: MIPS/Emulate: Properly implement TLBR for T&E)
$ git merge kvm-mips/next
Already up-to-date.
Merging kvm-ppc/kvm-ppc-next (76d837a4c0f9 KVM: PPC: Book3S PR: Don't include SPAPR TCE code on non-pseries platforms)
$ git merge kvm-ppc/kvm-ppc-next
Merge made by the 'recursive' strategy.
 arch/powerpc/kvm/Kconfig             |  2 +-
 arch/powerpc/kvm/Makefile            |  4 +--
 arch/powerpc/kvm/book3s_64_vio_hv.c  | 13 +++++++
 arch/powerpc/kvm/book3s_hv_builtin.c |  9 ++++-
 arch/powerpc/kvm/book3s_pr_papr.c    | 70 +++++++++++++++++++++++++++---------
 arch/powerpc/kvm/powerpc.c           |  4 ++-
 6 files changed, 80 insertions(+), 22 deletions(-)
Merging kvms390/next (e000b8e0968d s390: kvm: Cpu model support for msa6, msa7 and msa8)
$ git merge kvms390/next
Already up-to-date.
Merging xen-tip/linux-next (69861e0a52f8 xen: adjust early dom0 p2m handling to xen hypervisor behavior)
$ git merge xen-tip/linux-next
Already up-to-date.
Merging percpu/for-next (1328710b8ec3 mark most percpu globals as __ro_after_init)
$ git merge percpu/for-next
Merge made by the 'recursive' strategy.
 mm/percpu.c | 36 ++++++++++++++++++------------------
 1 file changed, 18 insertions(+), 18 deletions(-)
Merging workqueues/for-next (bacb71fc9187 Merge branch 'for-4.12' into for-next)
$ git merge workqueues/for-next
Already up-to-date!
Merge made by the 'recursive' strategy.
Merging drivers-x86/for-next (6df97f85611c platform/x86: Make SILEAD_DMI depend on TOUCHSCREEN_SILEAD)
$ git merge drivers-x86/for-next
Already up-to-date.
Merging chrome-platform/for-next (31b764171cb5 Revert "platform/chrome: chromeos_laptop: Add Leon Touch")
$ git merge chrome-platform/for-next
Merge made by the 'recursive' strategy.
Merging hsi/for-next (3026050179a3 HSI: ssi_protocol: double free in ssip_pn_xmit())
$ git merge hsi/for-next
Already up-to-date.
Merging leds/for-next (7678da8ee6de leds: Delete obsolete Versatile driver)
$ git merge leds/for-next
Removing drivers/leds/leds-versatile.c
Merge made by the 'recursive' strategy.
 Documentation/devicetree/bindings/leds/pca963x.txt |   1 +
 drivers/leds/Kconfig                               |   8 --
 drivers/leds/Makefile                              |   1 -
 drivers/leds/leds-pca963x.c                        |  17 +++-
 drivers/leds/leds-versatile.c                      | 110 ---------------------
 include/linux/platform_data/leds-pca963x.h         |   6 ++
 6 files changed, 22 insertions(+), 121 deletions(-)
 delete mode 100644 drivers/leds/leds-versatile.c
Merging ipmi/for-next (2c1175c2e8e5 ipmi/watchdog: fix wdog hang on panic waiting for ipmi response)
$ git merge ipmi/for-next
Already up-to-date.
Merging driver-core/driver-core-next (af82455f7dbd Merge tag 'char-misc-4.12-rc1' of git://git.kernel.org/pub/scm/linux/kernel/git/gregkh/char-misc)
$ git merge driver-core/driver-core-next
Already up-to-date.
Merging usb/usb-next (c034a43e72dd staging: typec: Fairchild FUSB302 Type-c chip driver)
$ git merge usb/usb-next
Already up-to-date.
Merging usb-gadget/next (2868b2513aa7 Merge tag 'linux-kselftest-4.12-rc1' of git://git.kernel.org/pub/scm/linux/kernel/git/shuah/linux-kselftest)
$ git merge usb-gadget/next
Already up-to-date.
Merging usb-serial/usb-next (31c5d1922b90 USB: serial: ftdi_sio: add device ID for Microsemi/Arrow SF2PLUS Dev Kit)
$ git merge usb-serial/usb-next
Already up-to-date.
Merging usb-chipidea-next/ci-for-usb-next (a932a8041ff9 usb: chipidea: core: add sysfs group)
$ git merge usb-chipidea-next/ci-for-usb-next
Already up-to-date.
Merging phy-next/next (6239879b415e phy: qcom-qusb2: add NVMEM dependency)
$ git merge phy-next/next
Already up-to-date.
Merging tty/tty-next (8e1c21f48694 serial: small Makefile reordering)
$ git merge tty/tty-next
Already up-to-date.
Merging char-misc/char-misc-next (af82455f7dbd Merge tag 'char-misc-4.12-rc1' of git://git.kernel.org/pub/scm/linux/kernel/git/gregkh/char-misc)
$ git merge char-misc/char-misc-next
Already up-to-date.
Merging extcon/extcon-next (2ea659a9ef48 Linux 4.12-rc1)
$ git merge extcon/extcon-next
Already up-to-date.
Merging staging/staging-next (09d79d103371 Merge tag 'docs-4.12-2' of git://git.lwn.net/linux)
$ git merge staging/staging-next
Already up-to-date.
Merging mux/for-next (a351e9b9fc24 Linux 4.11)
$ git merge mux/for-next
Already up-to-date.
Merging slave-dma/next (7f3b465b8127 Merge branch 'topic/dw' into next)
$ git merge slave-dma/next
Merge made by the 'recursive' strategy.
 drivers/dma/dw/Kconfig  |   7 +-
 drivers/dma/dw/core.c   | 332 +-----------------------------------------------
 drivers/dma/dw/regs.h   |  50 ++------
 drivers/dma/mv_xor_v2.c | 147 +++++++++++++--------
 include/linux/dma/dw.h  |  21 ---
 5 files changed, 105 insertions(+), 452 deletions(-)
Merging cgroup/for-next (0948307b3a5d Merge branch 'for-4.12' into for-next)
$ git merge cgroup/for-next
Already up-to-date!
Merge made by the 'recursive' strategy.
Merging scsi/for-next (b77b36cb7272 scsi: pmcraid: remove redundant check to see if request_size is less than zero)
$ git merge scsi/for-next
Auto-merging MAINTAINERS
Merge made by the 'recursive' strategy.
 MAINTAINERS                   |  4 ----
 drivers/scsi/cxlflash/Kconfig |  1 +
 drivers/scsi/libfc/fc_fcp.c   | 15 +++++++++------
 drivers/scsi/lpfc/lpfc_crtn.h |  1 +
 drivers/scsi/lpfc/lpfc_ct.c   |  2 +-
 drivers/scsi/lpfc/lpfc_init.c |  9 ++++++++-
 drivers/scsi/lpfc/lpfc_sli.c  | 19 ++++++++++++-------
 drivers/scsi/pmcraid.c        |  3 ---
 drivers/scsi/qedf/qedf.h      |  2 +-
 drivers/scsi/qedf/qedf_els.c  |  2 +-
 drivers/scsi/qedf/qedf_main.c |  2 +-
 drivers/scsi/scsi.c           |  2 ++
 drivers/scsi/scsi_lib.c       |  1 +
 13 files changed, 38 insertions(+), 25 deletions(-)
Merging scsi-mkp/for-next (dad9410b2454 scsi: smartpqi: bump driver version)
$ git merge scsi-mkp/for-next
Merge made by the 'recursive' strategy.
 drivers/scsi/aacraid/aachba.c                  |   17 +-
 drivers/scsi/aacraid/aacraid.h                 |   22 +-
 drivers/scsi/aacraid/commctrl.c                |   15 +-
 drivers/scsi/aacraid/comminit.c                |   18 +-
 drivers/scsi/aacraid/commsup.c                 |   78 +-
 drivers/scsi/aacraid/linit.c                   |  232 ++-
 drivers/scsi/aacraid/src.c                     |  136 +-
 drivers/scsi/hpsa.c                            |  849 ++-------
 drivers/scsi/hpsa.h                            |    4 +-
 drivers/scsi/hpsa_cmd.h                        |   20 +-
 drivers/scsi/smartpqi/smartpqi.h               |  194 +-
 drivers/scsi/smartpqi/smartpqi_init.c          | 2427 ++++++++++++++++++------
 drivers/scsi/smartpqi/smartpqi_sas_transport.c |    2 +-
 drivers/scsi/smartpqi/smartpqi_sis.c           |  100 +-
 drivers/scsi/smartpqi/smartpqi_sis.h           |    7 +-
 15 files changed, 2545 insertions(+), 1576 deletions(-)
Merging target-updates/for-next (984a9d4c40be Revert "target: Fix VERIFY and WRITE VERIFY command parsing")
$ git merge target-updates/for-next
Already up-to-date.
Merging target-merge/for-next-merge (2994a7518317 cxgb4: update Kconfig and Makefile)
$ git merge target-merge/for-next-merge
Already up-to-date.
Merging target-bva/for-next (a351e9b9fc24 Linux 4.11)
$ git merge target-bva/for-next
Already up-to-date.
Merging libata/for-next (b4dd60a5ddbc ata: sata_rcar: Handle return value of clk_prepare_enable)
$ git merge libata/for-next
Merge made by the 'recursive' strategy.
 drivers/ata/ahci.c      | 38 ++++++++++++++++++++++++++++++++++++++
 drivers/ata/sata_rcar.c | 15 ++++++++++++---
 2 files changed, 50 insertions(+), 3 deletions(-)
Merging binfmt_misc/for-next (4af75df6a410 binfmt_misc: add F option description to documentation)
$ git merge binfmt_misc/for-next
Already up-to-date.
Merging vhost/linux-next (c8b0d7290657 s390/virtio: change maintainership)
$ git merge vhost/linux-next
Already up-to-date.
Merging rpmsg/for-next (5e78de7eee74 Merge branches 'hwspinlock-next', 'rpmsg-next' and 'rproc-next' into for-next)
$ git merge rpmsg/for-next
Auto-merging drivers/rpmsg/virtio_rpmsg_bus.c
Merge made by the 'recursive' strategy.
 drivers/rpmsg/qcom_smd.c         | 11 +++++++++++
 drivers/rpmsg/virtio_rpmsg_bus.c |  9 +++++++++
 2 files changed, 20 insertions(+)
Merging gpio/for-next (b86c86aa9805 gpio: f7188x: Add a missing break)
$ git merge gpio/for-next
Already up-to-date.
Merging pinctrl/for-next (1aa2faf52f76 pinctrl: mediatek: Add missing pinctrl bindings for mt7623)
$ git merge pinctrl/for-next
Already up-to-date.
Merging pinctrl-samsung/for-next (2ea659a9ef48 Linux 4.12-rc1)
$ git merge pinctrl-samsung/for-next
Already up-to-date.
Merging dma-mapping/dma-mapping-next (1001354ca341 Linux 4.9-rc1)
$ git merge dma-mapping/dma-mapping-next
Already up-to-date.
Merging pwm/for-next (97512ceafaac Merge branch 'for-4.12/drivers' into for-next)
$ git merge pwm/for-next
Already up-to-date.
Merging dma-buf/for-next (194cad44c4e1 dma-buf/sync_file: improve Kconfig description for Sync Files)
$ git merge dma-buf/for-next
Resolved 'drivers/dma-buf/Kconfig' using previous resolution.
Auto-merging drivers/dma-buf/Kconfig
CONFLICT (content): Merge conflict in drivers/dma-buf/Kconfig
Auto-merging MAINTAINERS
Automatic merge failed; fix conflicts and then commit the result.
$ git commit -v -a
[master 0c60b96ad5d3] Merge remote-tracking branch 'dma-buf/for-next'
$ git diff -M --stat --summary HEAD^..
 MAINTAINERS | 11 +++++++++++
 1 file changed, 11 insertions(+)
Merging userns/for-next (3fd372262166 pid_ns: Fix race between setns'ed fork() and zap_pid_ns_processes())
$ git merge userns/for-next
Merge made by the 'recursive' strategy.
 kernel/fork.c          | 8 ++++++--
 kernel/pid_namespace.c | 2 +-
 2 files changed, 7 insertions(+), 3 deletions(-)
Merging ktest/for-next (f7c6401ff84a ktest: Make sure wait_for_input does honor the timeout)
$ git merge ktest/for-next
Already up-to-date.
Merging random/dev (db61ffe3a71c random: move random_min_urandom_seed into CONFIG_SYSCTL ifdef block)
$ git merge random/dev
Already up-to-date.
Merging aio/master (b562e44f507e Linux 4.5)
$ git merge aio/master
Already up-to-date.
Merging kselftest/next (945f8f5f8633 selftests: x86: add missing executables to .gitignore)
$ git merge kselftest/next
Already up-to-date.
Merging y2038/y2038 (69973b830859 Linux 4.9)
$ git merge y2038/y2038
Already up-to-date.
Merging luto-misc/next (2dcd0af568b0 Linux 4.6)
$ git merge luto-misc/next
Already up-to-date.
Merging borntraeger/linux-next (e76d21c40bd6 Merge git://git.kernel.org/pub/scm/linux/kernel/git/davem/net)
$ git merge borntraeger/linux-next
Already up-to-date.
Merging livepatching/for-next (608822c0f7af Merge branch 'for-4.12/upstream' into for-next)
$ git merge livepatching/for-next
Already up-to-date!
Merge made by the 'recursive' strategy.
Merging coresight/next (8b3fa19142e8 coresight: tmc: minor fix for output log)
$ git merge coresight/next
Auto-merging drivers/hwtracing/coresight/coresight-tmc-etf.c
Auto-merging drivers/hwtracing/coresight/coresight-etm-perf.c
Merge made by the 'recursive' strategy.
 drivers/hwtracing/coresight/coresight-etm-perf.c |  3 +--
 drivers/hwtracing/coresight/coresight-tmc-etf.c  | 25 +++++++++++------
 drivers/hwtracing/coresight/coresight.c          | 34 ++++++++++++++++++------
 3 files changed, 44 insertions(+), 18 deletions(-)
Merging rtc/rtc-next (332e0d13d3c7 rtc: gemini: add return value validation)
$ git merge rtc/rtc-next
Already up-to-date.
Merging hwspinlock/for-next (bd5717a4632c hwspinlock: qcom: Correct msb in regmap_field)
$ git merge hwspinlock/for-next
Already up-to-date.
Merging nvdimm/libnvdimm-for-next (e84b83b9ee21 filesystem-dax: fix broken __dax_zero_page_range() conversion)
$ git merge nvdimm/libnvdimm-for-next
Already up-to-date.
Merging dax-misc/dax-misc (4d9a2c874667 dax: Remove i_mmap_lock protection)
$ git merge dax-misc/dax-misc
Already up-to-date.
Merging idr/idr-4.11 (f0f3f2d0a3e0 radix tree test suite: Specify -m32 in LDFLAGS too)
$ git merge idr/idr-4.11
Already up-to-date.
Merging akpm-current/current (907c16c9686e ipc/sem: avoid indexing past end of sem_array)
$ git merge --no-ff akpm-current/current
Auto-merging kernel/fork.c
Merge made by the 'recursive' strategy.
 Documentation/ABI/testing/sysfs-block-zram        |  10 +
 Documentation/blockdev/zram.txt                   |   3 +
 Documentation/fault-injection/fault-injection.txt |  79 +++
 Documentation/filesystems/proc.txt                |   6 +-
 Documentation/vm/ksm.txt                          |  63 ++
 arch/arm/include/asm/page.h                       |   2 +
 arch/ia64/kernel/machine_kexec.c                  |   5 -
 arch/powerpc/kernel/fadump.c                      |   3 +-
 arch/s390/kernel/machine_kexec.c                  |   1 +
 arch/s390/kernel/setup.c                          |   6 -
 arch/x86/kernel/crash.c                           |   2 +-
 arch/x86/kernel/machine_kexec_64.c                |   1 +
 arch/x86/xen/mmu_pv.c                             |   4 +-
 block/genhd.c                                     |   2 +-
 drivers/base/memory.c                             |   4 +
 drivers/block/zram/Kconfig                        |  14 +
 drivers/block/zram/Makefile                       |   3 +-
 drivers/block/zram/zram_dedup.c                   | 254 +++++++
 drivers/block/zram/zram_dedup.h                   |  45 ++
 drivers/block/zram/zram_drv.c                     | 184 ++++-
 drivers/block/zram/zram_drv.h                     |  32 +-
 fs/bfs/inode.c                                    |   2 +-
 fs/eventpoll.c                                    |  60 +-
 fs/ocfs2/dlm/dlmmaster.c                          |  66 +-
 fs/ocfs2/dlm/dlmrecovery.c                        |  40 +-
 fs/proc/base.c                                    |  44 ++
 include/linux/crash_core.h                        |   9 +-
 include/linux/eventpoll.h                         |   3 +
 include/linux/kexec.h                             |   2 +
 include/linux/mmzone.h                            |   2 +
 include/linux/reboot.h                            |   4 +
 include/linux/sched.h                             |   1 +
 include/linux/slub_def.h                          |  34 +-
 include/uapi/linux/kcmp.h                         |  10 +
 include/uapi/linux/sysctl.h                       |   4 +
 ipc/sem.c                                         |  12 +-
 kernel/crash_core.c                               |  44 +-
 kernel/fork.c                                     |   4 +
 kernel/kcmp.c                                     |  57 ++
 kernel/kexec.c                                    |   8 +
 kernel/kexec_core.c                               |  39 ++
 kernel/kexec_file.c                               |   8 +
 kernel/ksysfs.c                                   |   2 +-
 kernel/reboot.c                                   |  27 +
 lib/fault-inject.c                                |   7 +
 mm/ksm.c                                          | 777 ++++++++++++++++++++--
 mm/memory_hotplug.c                               |   4 +
 mm/mmap.c                                         |   2 +-
 mm/nobootmem.c                                    |   2 +-
 mm/page_alloc.c                                   |   5 +
 mm/page_owner.c                                   |   4 +-
 mm/slub.c                                         | 109 +--
 mm/sparse.c                                       |  60 +-
 mm/vmscan.c                                       |  30 +-
 mm/vmstat.c                                       |  16 +-
 scripts/gdb/linux/constants.py.in                 |   7 +
 scripts/gdb/linux/proc.py                         |  73 ++
 scripts/gen_initramfs_list.sh                     |   2 +
 usr/Kconfig                                       |  24 +-
 59 files changed, 2038 insertions(+), 289 deletions(-)
 create mode 100644 drivers/block/zram/zram_dedup.c
 create mode 100644 drivers/block/zram/zram_dedup.h
$ git clone -s -l -n -q . ../rebase-tmp
$ cd ../rebase-tmp
$ git checkout -b akpm remotes/origin/akpm/master
Switched to a new branch 'akpm'
$ git rebase --onto master remotes/origin/akpm/master-base
First, rewinding head to replay your work on top of it...
Applying: imx7: fix Kconfig warning and build errors
Applying: sparc64: NG4 memset 32 bits overflow
Applying: mm: zero hash tables in allocator
Applying: mm: update callers to use HASH_ZERO flag
Applying: mm: adaptive hash table scaling
Applying: lib/crc-ccitt: add CCITT-FALSE CRC16 variant
$ cd ../next
$ git fetch -f ../rebase-tmp akpm:akpm/master
From ../rebase-tmp
 + 2e014b748574...21cbbde7333a akpm       -> akpm/master  (forced update)
$ rm -rf ../rebase-tmp
Merging akpm/master (21cbbde7333a lib/crc-ccitt: add CCITT-FALSE CRC16 variant)
$ git merge --no-ff akpm/master
Merge made by the 'recursive' strategy.
 arch/sparc/lib/NG4memset.S          | 26 ++++++++---------
 drivers/soc/imx/Kconfig             |  1 +
 fs/dcache.c                         | 18 +++---------
 fs/inode.c                          | 14 ++-------
 fs/namespace.c                      | 10 ++-----
 include/linux/bootmem.h             |  2 ++
 include/linux/crc-ccitt.h           |  7 +++++
 kernel/locking/qspinlock_paravirt.h |  3 +-
 kernel/pid.c                        |  7 ++---
 lib/crc-ccitt.c                     | 58 ++++++++++++++++++++++++++++++++++++-
 mm/page_alloc.c                     | 31 ++++++++++++++++++--
 11 files changed, 120 insertions(+), 57 deletions(-)
