$ date
Tuesday 12 August  09:11:12 AEST 2014
$ git checkout master
Already on 'master'
$ git reset --hard stable
HEAD is now at 58d08e3b2c20 Merge tag 'for-linus' of git://git.kernel.org/pub/scm/linux/kernel/git/olof/chrome-platform
Merging origin/master (c8d6637d0497 Merge tag 'modules-next-for-linus' of git://git.kernel.org/pub/scm/linux/kernel/git/rusty/linux)
$ git merge origin/master
Updating 58d08e3b2c20..c8d6637d0497
Fast-forward
 arch/powerpc/platforms/powernv/opal-dump.c |  4 +--
 arch/powerpc/platforms/powernv/opal-elog.c |  4 +--
 drivers/char/hw_random/core.c              |  6 ----
 drivers/char/hw_random/virtio-rng.c        | 39 +++++++++-----------
 drivers/char/virtio_console.c              |  6 ++--
 drivers/video/fbdev/s3c2410fb.c            |  2 +-
 drivers/virtio/virtio_pci.c                |  2 +-
 fs/proc/proc_net.c                         |  2 +-
 fs/proc/root.c                             |  2 +-
 include/linux/kernel.h                     |  2 ++
 include/linux/module.h                     | 11 ++++--
 include/linux/moduleloader.h               |  6 ++--
 kernel/module.c                            | 14 ++++----
 scripts/mod/modpost.c                      | 58 ++++++++----------------------
 14 files changed, 62 insertions(+), 96 deletions(-)
Merging fixes/master (23cf8d3ca0fd powerpc: Fix "attempt to move .org backwards" error)
$ git merge fixes/master
Merge made by the 'recursive' strategy.
 arch/powerpc/kernel/exceptions-64s.S | 110 +++++++++++++++++------------------
 1 file changed, 55 insertions(+), 55 deletions(-)
Merging kbuild-current/rc-fixes (dd5a6752ae7d firmware: Create directories for external firmware)
$ git merge kbuild-current/rc-fixes
Already up-to-date.
Merging arc-current/for-curr (89ca3b881987 Linux 3.15-rc4)
$ git merge arc-current/for-curr
Already up-to-date.
Merging arm-current/fixes (e57e41931134 ARM: wire up memfd_create syscall)
$ git merge arm-current/fixes
Already up-to-date.
Merging m68k-current/for-linus (9117710a5997 m68k/sun3: Remove define statement no longer needed)
$ git merge m68k-current/for-linus
Already up-to-date.
Merging metag-fixes/fixes (ffe6902b66aa asm-generic: remove _STK_LIM_MAX)
$ git merge metag-fixes/fixes
Already up-to-date.
Merging mips-fixes/mips-fixes (08a9c3c9afcf MIPS: OCTEON: make get_system_type() thread-safe)
$ git merge mips-fixes/mips-fixes
Auto-merging arch/mips/kernel/scall64-o32.S
Merge made by the 'recursive' strategy.
 arch/mips/cavium-octeon/setup.c                    | 18 ++++++---
 arch/mips/include/asm/eva.h                        | 43 ++++++++++++++++++++++
 .../include/asm/mach-malta/kernel-entry-init.h     | 22 ++++++++---
 arch/mips/include/asm/syscall.h                    |  8 ++--
 arch/mips/kernel/cps-vec.S                         |  4 ++
 arch/mips/kernel/scall64-o32.S                     | 12 ++++--
 6 files changed, 89 insertions(+), 18 deletions(-)
 create mode 100644 arch/mips/include/asm/eva.h
Merging powerpc-merge/merge (396a34340cdf powerpc: Fix endianness of flash_block_list in rtas_flash)
$ git merge powerpc-merge/merge
Already up-to-date.
Merging sparc/master (caa9199b0efd sparc: Hook up seccomp and getrandom system calls.)
$ git merge sparc/master
Merge made by the 'recursive' strategy.
 arch/sparc/include/uapi/asm/unistd.h | 4 +++-
 arch/sparc/kernel/smp_32.c           | 2 +-
 arch/sparc/kernel/systbls_32.S       | 2 +-
 arch/sparc/kernel/systbls_64.S       | 4 ++--
 4 files changed, 7 insertions(+), 5 deletions(-)
Merging net/master (61dac43ee6be Merge branch 'bcmgenet')
$ git merge net/master
Auto-merging MAINTAINERS
Merge made by the 'recursive' strategy.
 .../devicetree/bindings/net/apm-xgene-enet.txt     |  66 ++
 Documentation/devicetree/bindings/net/fsl-fec.txt  |  29 +-
 MAINTAINERS                                        |   8 +
 arch/arm64/boot/dts/apm-mustang.dts                |   4 +
 arch/arm64/boot/dts/apm-storm.dtsi                 |  30 +-
 drivers/atm/atmtcp.c                               |   1 +
 drivers/atm/solos-pci.c                            |   1 +
 drivers/net/arcnet/com20020_cs.c                   |  16 +-
 drivers/net/ethernet/8390/Kconfig                  |   3 +-
 drivers/net/ethernet/8390/axnet_cs.c               |  26 +-
 drivers/net/ethernet/8390/ne.c                     |   2 +
 drivers/net/ethernet/8390/pcnet_cs.c               |  68 +-
 drivers/net/ethernet/Kconfig                       |   1 +
 drivers/net/ethernet/Makefile                      |   1 +
 drivers/net/ethernet/amd/xgbe/xgbe-drv.c           |   1 -
 drivers/net/ethernet/apm/Kconfig                   |   1 +
 drivers/net/ethernet/apm/Makefile                  |   5 +
 drivers/net/ethernet/apm/xgene/Kconfig             |   9 +
 drivers/net/ethernet/apm/xgene/Makefile            |   6 +
 .../net/ethernet/apm/xgene/xgene_enet_ethtool.c    | 125 +++
 drivers/net/ethernet/apm/xgene/xgene_enet_hw.c     | 728 ++++++++++++++++
 drivers/net/ethernet/apm/xgene/xgene_enet_hw.h     | 337 ++++++++
 drivers/net/ethernet/apm/xgene/xgene_enet_main.c   | 951 +++++++++++++++++++++
 drivers/net/ethernet/apm/xgene/xgene_enet_main.h   | 135 +++
 drivers/net/ethernet/broadcom/genet/bcmgenet.c     |  37 +-
 drivers/net/ethernet/broadcom/genet/bcmmii.c       |  14 +-
 drivers/net/ethernet/chelsio/cxgb4/cxgb4.h         |  11 +-
 drivers/net/ethernet/chelsio/cxgb4/cxgb4_dcb.c     | 260 ++++--
 drivers/net/ethernet/chelsio/cxgb4/cxgb4_dcb.h     |  10 +
 drivers/net/ethernet/chelsio/cxgb4/cxgb4_main.c    |   2 +
 drivers/net/ethernet/chelsio/cxgb4/t4fw_api.h      |  12 +-
 drivers/net/ethernet/davicom/dm9000.c              |  92 +-
 drivers/net/ethernet/freescale/fec.h               |   1 +
 drivers/net/ethernet/freescale/fec_main.c          |  76 +-
 drivers/net/ethernet/freescale/fec_mpc52xx.c       |   3 +-
 .../net/ethernet/freescale/fs_enet/fs_enet-main.c  |   2 +-
 drivers/net/ethernet/freescale/gianfar.c           |  16 +-
 drivers/net/ethernet/freescale/ucc_geth.c          |  24 +-
 drivers/net/ethernet/fujitsu/fmvj18x_cs.c          |  34 +-
 drivers/net/ethernet/marvell/mvneta.c              |   9 +-
 drivers/net/ethernet/myricom/myri10ge/myri10ge.c   |   1 +
 drivers/net/ethernet/qlogic/qlcnic/Makefile        |   2 +-
 drivers/net/ethernet/smsc/smsc911x.h               |   2 +-
 drivers/net/ethernet/ti/cpmac.c                    |   1 +
 drivers/net/ethernet/xilinx/ll_temac_main.c        |   3 +-
 drivers/net/ethernet/xilinx/xilinx_axienet_main.c  |   3 +-
 drivers/net/ethernet/xircom/xirc2ps_cs.c           |  40 +-
 drivers/net/wan/hdlc_fr.c                          |  63 +-
 drivers/net/wan/wanxl.c                            |  63 +-
 drivers/net/wireless/airo_cs.c                     |  25 +-
 drivers/net/wireless/atmel.c                       |   8 +-
 drivers/net/xen-netback/interface.c                |   6 +-
 drivers/net/xen-netback/netback.c                  |  10 +-
 drivers/net/xen-netfront.c                         |   7 +-
 include/linux/if_vlan.h                            |   6 -
 include/linux/skbuff.h                             |   1 +
 net/6lowpan/Kconfig                                |   2 +-
 net/8021q/vlan_core.c                              |  53 --
 net/batman-adv/multicast.c                         |   1 -
 net/bridge/br_vlan.c                               |   2 +-
 net/bridge/netfilter/ebtables.c                    |  10 +-
 net/core/dev.c                                     |   2 +-
 net/core/rtnetlink.c                               |   3 +-
 net/core/skbuff.c                                  |  53 ++
 net/ipv4/route.c                                   |   2 -
 net/netfilter/core.c                               |  11 +-
 net/netfilter/ipvs/ip_vs_ctl.c                     |  19 +-
 net/netfilter/nf_sockopt.c                         |   8 +-
 net/netfilter/nf_tables_api.c                      |  30 +-
 net/netfilter/x_tables.c                           |  47 +-
 net/netlink/af_netlink.c                           |   2 +-
 net/openvswitch/datapath.c                         |   2 -
 72 files changed, 3114 insertions(+), 531 deletions(-)
 create mode 100644 Documentation/devicetree/bindings/net/apm-xgene-enet.txt
 create mode 100644 drivers/net/ethernet/apm/Kconfig
 create mode 100644 drivers/net/ethernet/apm/Makefile
 create mode 100644 drivers/net/ethernet/apm/xgene/Kconfig
 create mode 100644 drivers/net/ethernet/apm/xgene/Makefile
 create mode 100644 drivers/net/ethernet/apm/xgene/xgene_enet_ethtool.c
 create mode 100644 drivers/net/ethernet/apm/xgene/xgene_enet_hw.c
 create mode 100644 drivers/net/ethernet/apm/xgene/xgene_enet_hw.h
 create mode 100644 drivers/net/ethernet/apm/xgene/xgene_enet_main.c
 create mode 100644 drivers/net/ethernet/apm/xgene/xgene_enet_main.h
Merging ipsec/master (a0e5ef53aac8 xfrm: Fix installation of AH IPsec SAs)
$ git merge ipsec/master
Already up-to-date.
Merging sound-current/for-linus (e24aa0a4c5ac ALSA: hda/ca0132 - Don't try loading firmware at resume when already failed)
$ git merge sound-current/for-linus
Merge made by the 'recursive' strategy.
 sound/oss/uart401.c           |  40 ++++++-----
 sound/oss/waveartist.c        | 157 ++++++++++++++++++++++++------------------
 sound/pci/hda/hda_intel.c     |   7 ++
 sound/pci/hda/patch_ca0132.c  |   7 +-
 sound/pci/hda/patch_cmedia.c  |  47 +++++++++++++
 sound/pci/hda/patch_realtek.c |  35 +++++++++-
 sound/usb/quirks-table.h      |  29 ++++++++
 7 files changed, 233 insertions(+), 89 deletions(-)
Merging pci-current/for-linus (bf177a1eb6d1 MAINTAINERS: Update mx6 PCI driver maintainer's email)
$ git merge pci-current/for-linus
Already up-to-date.
Merging wireless/master (2da2c5854ed7 net: wireless: ipw2x00: ipw2200.c: Cleaning up missing null-terminate after strncpy call)
$ git merge wireless/master
Merge made by the 'recursive' strategy.
 drivers/net/wireless/ath/carl9170/carl9170.h     |  1 +
 drivers/net/wireless/ath/carl9170/usb.c          | 31 +++++++++++++++++++++---
 drivers/net/wireless/brcm80211/brcmfmac/msgbuf.c |  4 +++
 drivers/net/wireless/brcm80211/brcmfmac/pcie.c   |  3 ++-
 drivers/net/wireless/ipw2x00/ipw2200.c           |  1 +
 5 files changed, 35 insertions(+), 5 deletions(-)
Merging driver-core.current/driver-core-linus (c489d98c8c81 Merge branch 'for-linus' of git://ftp.arm.linux.org.uk/~rmk/linux-arm)
$ git merge driver-core.current/driver-core-linus
Already up-to-date.
Merging tty.current/tty-linus (c489d98c8c81 Merge branch 'for-linus' of git://ftp.arm.linux.org.uk/~rmk/linux-arm)
$ git merge tty.current/tty-linus
Already up-to-date.
Merging usb.current/usb-linus (c489d98c8c81 Merge branch 'for-linus' of git://ftp.arm.linux.org.uk/~rmk/linux-arm)
$ git merge usb.current/usb-linus
Already up-to-date.
Merging usb-gadget-fixes/fixes (a8a85b01d185 usb: musb/cppi41: call musb_ep_select() before accessing an endpoint's CSR)
$ git merge usb-gadget-fixes/fixes
Resolved 'drivers/usb/musb/musb_host.c' using previous resolution.
Auto-merging drivers/usb/musb/musb_host.c
CONFLICT (content): Merge conflict in drivers/usb/musb/musb_host.c
Automatic merge failed; fix conflicts and then commit the result.
$ git commit -v -a
[master 65e77a4ec626] Merge remote-tracking branch 'usb-gadget-fixes/fixes'
$ git diff -M --stat --summary HEAD^..
Merging usb-serial-fixes/usb-linus (19583ca584d6 Linux 3.16)
$ git merge usb-serial-fixes/usb-linus
Already up-to-date.
Merging staging.current/staging-linus (c309bfa9b481 Merge tag 'for-linus-20140808' of git://git.infradead.org/linux-mtd)
$ git merge staging.current/staging-linus
Already up-to-date.
Merging char-misc.current/char-misc-linus (c489d98c8c81 Merge branch 'for-linus' of git://ftp.arm.linux.org.uk/~rmk/linux-arm)
$ git merge char-misc.current/char-misc-linus
Already up-to-date.
Merging input-current/for-linus (c704b4ef1a81 Input: wacom - update the ABI doc according to latest changes)
$ git merge input-current/for-linus
Already up-to-date.
Merging md-current/for-linus (d47648fcf061 raid5: avoid finding "discard" stripe)
$ git merge md-current/for-linus
Already up-to-date.
Merging crypto-current/master (ce5481d01f67 crypto: drbg - fix failure of generating multiple of 2**16 bytes)
$ git merge crypto-current/master
Already up-to-date.
Merging ide/master (a53dae49b2fe ide: use module_platform_driver())
$ git merge ide/master
Already up-to-date.
Merging dwmw2/master (5950f0803ca9 pcmcia: remove RPX board stuff)
$ git merge dwmw2/master
Already up-to-date.
Merging devicetree-current/devicetree/merge (5a12a597a862 arm: Add devicetree fixup machine function)
$ git merge devicetree-current/devicetree/merge
Already up-to-date.
Merging rr-fixes/fixes (79465d2fd48e module: remove warning about waiting module removal.)
$ git merge rr-fixes/fixes
Already up-to-date.
Merging vfio-fixes/for-linus (239a87020b26 Merge branch 'for-joerg/arm-smmu/fixes' of git://git.kernel.org/pub/scm/linux/kernel/git/will/linux into for-linus)
$ git merge vfio-fixes/for-linus
Already up-to-date.
Merging drm-intel-fixes/for-linux-next-fixes (f4be89cecea4 drm/i915: Fix crash when failing to parse MIPI VBT)
$ git merge drm-intel-fixes/for-linux-next-fixes
Merge made by the 'recursive' strategy.
Merging asm-generic/master (fb9de7ebc3a2 xtensa: Use generic asm/mmu.h for nommu)
$ git merge asm-generic/master
Already up-to-date.
Merging arc/for-next (2a5e95d4181c mm, arc: remove obsolete pagefault oom killer comment)
$ git merge arc/for-next
Already up-to-date.
Merging arm/for-next (e57e41931134 ARM: wire up memfd_create syscall)
$ git merge arm/for-next
Already up-to-date.
Merging arm-perf/for-next/perf (4c834452aad0 Linux 3.16-rc3)
$ git merge arm-perf/for-next/perf
Already up-to-date.
Merging arm-soc/for-next (74f9f3185b80 Merge branch 'fixes' into for-next)
$ git merge arm-soc/for-next
Merge made by the 'recursive' strategy.
 arch/arm/arm-soc-for-next-contents.txt | 268 +++++++++++++++++++++++++++++++++
 1 file changed, 268 insertions(+)
 create mode 100644 arch/arm/arm-soc-for-next-contents.txt
Merging bcm2835/for-next (fa389e220254 Linux 3.14-rc6)
$ git merge bcm2835/for-next
Already up-to-date.
Merging berlin/berlin/for-next (251f72d06c59 Merge branch 'berlin/soc' into berlin/for-next)
$ git merge berlin/berlin/for-next
Already up-to-date!
Merge made by the 'recursive' strategy.
Merging cortex-m/for-next (f0d7515372ff ARM: v7m: add trivial suspend support)
$ git merge cortex-m/for-next
Already up-to-date.
Merging ep93xx/ep93xx-for-next (bfb0709fd17b Merge branch 'ep93xx-fixes' into ep93xx-for-next)
$ git merge ep93xx/ep93xx-for-next
Merge made by the 'recursive' strategy.
Merging imx-mxs/for-next (c917f0911378 Merge branch 'imx/dt' into for-next)
$ git merge imx-mxs/for-next
Auto-merging arch/arm/mach-imx/suspend-imx6.S
Removing arch/arm/mach-imx/mach-cpuimx27.c
Removing arch/arm/mach-imx/eukrea_mbimx27-baseboard.c
Auto-merging arch/arm/mach-imx/Kconfig
Auto-merging arch/arm/boot/dts/vf610-colibri.dtsi
Auto-merging arch/arm/boot/dts/Makefile
Merge made by the 'recursive' strategy.
 arch/arm/boot/dts/Makefile                         |   2 +-
 arch/arm/boot/dts/imx1-pinfunc.h                   | 302 ++++++++++++++++++
 arch/arm/boot/dts/imx1.dtsi                        | 266 ++++++++++++++++
 arch/arm/boot/dts/imx6qdl-nitrogen6x.dtsi          |  33 ++
 arch/arm/boot/dts/imx6qdl-sabresd.dtsi             |  19 ++
 arch/arm/boot/dts/imx6sl.dtsi                      |  10 +-
 arch/arm/boot/dts/vf610-colibri-eval-v3.dts        |  46 +++
 .../dts/{vf610-colibri.dts => vf610-colibri.dtsi}  |  14 +-
 arch/arm/boot/dts/vf610-twr.dts                    |  17 +-
 arch/arm/configs/imx_v4_v5_defconfig               |   3 -
 arch/arm/mach-imx/Kconfig                          |  60 +---
 arch/arm/mach-imx/Makefile                         |   5 +-
 arch/arm/mach-imx/anatop.c                         |  13 +
 arch/arm/mach-imx/clk-vf610.c                      |   9 +
 arch/arm/mach-imx/eukrea-baseboards.h              |  10 +-
 arch/arm/mach-imx/eukrea_mbimx27-baseboard.c       | 351 ---------------------
 arch/arm/mach-imx/imx1-dt.c                        |  26 ++
 arch/arm/mach-imx/iomux-imx31.c                    |   7 -
 arch/arm/mach-imx/iomux-v1.c                       |   2 -
 arch/arm/mach-imx/iomux-v3.c                       |   2 -
 arch/arm/mach-imx/mach-cpuimx27.c                  | 321 -------------------
 arch/arm/mach-imx/mxc.h                            |   2 +
 arch/arm/mach-imx/suspend-imx6.S                   |   2 +
 23 files changed, 756 insertions(+), 766 deletions(-)
 create mode 100644 arch/arm/boot/dts/imx1-pinfunc.h
 create mode 100644 arch/arm/boot/dts/imx1.dtsi
 create mode 100644 arch/arm/boot/dts/vf610-colibri-eval-v3.dts
 rename arch/arm/boot/dts/{vf610-colibri.dts => vf610-colibri.dtsi} (90%)
 delete mode 100644 arch/arm/mach-imx/eukrea_mbimx27-baseboard.c
 create mode 100644 arch/arm/mach-imx/imx1-dt.c
 delete mode 100644 arch/arm/mach-imx/mach-cpuimx27.c
Merging ixp4xx/next (19f949f52599 Linux 3.8)
$ git merge ixp4xx/next
Already up-to-date.
Merging keystone/next (c9eaa447e77e Linux 3.15-rc1)
$ git merge keystone/next
Already up-to-date.
Merging msm/for-next (81cf1e061d00 ARM: msm: Rename msm devicetrees to have standard 'qcom' prefix)
$ git merge msm/for-next
Already up-to-date.
Merging mvebu/for-next (2e11b0361fb0 Merge branch 'mvebu/dt' into mvebu/for-next)
$ git merge mvebu/for-next
Already up-to-date!
Merge made by the 'recursive' strategy.
Merging renesas/next (883e289aed3a Merge branch 'heads/dt-timers-for-v3.17' into next)
$ git merge renesas/next
Resolved 'arch/arm/mach-shmobile/setup-r7s72100.c' using previous resolution.
Auto-merging arch/arm/mach-shmobile/setup-r8a7791.c
Auto-merging arch/arm/mach-shmobile/setup-r8a7790.c
Auto-merging arch/arm/mach-shmobile/setup-r8a7779.c
Auto-merging arch/arm/mach-shmobile/setup-r7s72100.c
CONFLICT (content): Merge conflict in arch/arm/mach-shmobile/setup-r7s72100.c
Auto-merging arch/arm/mach-shmobile/board-genmai.c
Automatic merge failed; fix conflicts and then commit the result.
$ git commit -v -a
[master 1baa4bf7a1d0] Merge remote-tracking branch 'renesas/next'
$ git diff -M --stat --summary HEAD^..
 .../devicetree/bindings/dma/rcar-audmapp.txt       |  29 ++++++
 arch/arm/boot/dts/r7s72100-genmai.dts              |   4 +
 arch/arm/boot/dts/r7s72100.dtsi                    |  10 ++
 arch/arm/boot/dts/r8a7779-marzen.dts               |   4 +
 arch/arm/boot/dts/r8a7779.dtsi                     |  42 ++++++++
 arch/arm/boot/dts/r8a7790-lager.dts                |   4 +
 arch/arm/boot/dts/r8a7790.dtsi                     |  32 ++++++
 arch/arm/boot/dts/r8a7791-koelsch.dts              |   4 +
 arch/arm/boot/dts/r8a7791.dtsi                     |  32 ++++++
 arch/arm/mach-shmobile/board-genmai-reference.c    |  20 ----
 arch/arm/mach-shmobile/board-genmai.c              |  14 ++-
 arch/arm/mach-shmobile/board-koelsch-reference.c   |   2 -
 arch/arm/mach-shmobile/board-lager-reference.c     |   2 -
 arch/arm/mach-shmobile/board-marzen-reference.c    |  10 --
 arch/arm/mach-shmobile/r7s72100.h                  |   1 -
 arch/arm/mach-shmobile/r8a7779.h                   |   1 -
 arch/arm/mach-shmobile/r8a7790.h                   |   1 -
 arch/arm/mach-shmobile/r8a7791.h                   |   1 -
 arch/arm/mach-shmobile/setup-r7s72100.c            |  21 ----
 arch/arm/mach-shmobile/setup-r8a7779.c             |  17 +--
 arch/arm/mach-shmobile/setup-r8a7790.c             |   7 +-
 arch/arm/mach-shmobile/setup-r8a7791.c             |   7 +-
 arch/sh/drivers/dma/dma-sh.c                       |   2 +-
 arch/sh/include/asm/dma-register.h                 |  36 ++++---
 arch/sh/kernel/cpu/sh4a/setup-sh7722.c             |  24 ++---
 arch/sh/kernel/cpu/sh4a/setup-sh7724.c             |  48 ++++-----
 arch/sh/kernel/cpu/sh4a/setup-sh7757.c             |  64 ++++++------
 drivers/dma/sh/rcar-audmapp.c                      | 114 +++++++++++++++------
 drivers/dma/sh/shdma-arm.h                         |   4 +-
 drivers/dma/sh/shdmac.c                            |  15 ++-
 include/linux/sh_dma.h                             |  24 +++--
 31 files changed, 375 insertions(+), 221 deletions(-)
 create mode 100644 Documentation/devicetree/bindings/dma/rcar-audmapp.txt
Merging samsung/for-next (d5e49aabb545 Merge branch 'v3.17-next/dt-samsung-2' into for-next)
$ git merge samsung/for-next
Auto-merging arch/arm/mach-s5pv210/regs-clock.h
Removing arch/arm/mach-exynos/include/mach/memory.h
Merge made by the 'recursive' strategy.
 arch/arm/mach-exynos/include/mach/memory.h         | 26 ----------------------
 arch/arm/mach-s5pv210/pm.c                         |  3 +--
 .../mach-s5pv210/{include/mach => }/regs-clock.h   |  3 +--
 arch/arm/mach-s5pv210/s5pv210.c                    |  2 +-
 4 files changed, 3 insertions(+), 31 deletions(-)
 delete mode 100644 arch/arm/mach-exynos/include/mach/memory.h
 rename arch/arm/mach-s5pv210/{include/mach => }/regs-clock.h (99%)
Merging sunxi/sunxi/for-next (44b61dc11c6d Merge branch 'sunxi/dt-for-3.17' into sunxi/for-next)
$ git merge sunxi/sunxi/for-next
Already up-to-date!
Merge made by the 'recursive' strategy.
Merging tegra/for-next (9a3c4145af32 Linux 3.16-rc6)
$ git merge tegra/for-next
Already up-to-date.
Merging arm64/for-next/core (ea1719672f59 arm64: add newline to I-cache policy string)
$ git merge arm64/for-next/core
Already up-to-date.
Merging blackfin/for-linus (b76f98236a23 blackfin: vmlinux.lds.S: reserve 32 bytes space at the end of data section for XIP kernel)
$ git merge blackfin/for-linus
Already up-to-date.
Merging c6x/for-linux-next (ae72758f1dd9 c6x: fix build failure caused by cache.h)
$ git merge c6x/for-linux-next
Already up-to-date.
Merging cris/for-next (cd065a010a97 CRISv10: Readd missing header)
$ git merge cris/for-next
Already up-to-date.
Merging hexagon/linux-next (a9a44fdf3296 Hexagon: update CR year for elf.h)
$ git merge hexagon/linux-next
Already up-to-date.
Merging ia64/next (6b15075c2c36 [IA64] sn: Do not needlessly convert between pointers and integers)
$ git merge ia64/next
Already up-to-date.
Merging m68k/for-next (9117710a5997 m68k/sun3: Remove define statement no longer needed)
$ git merge m68k/for-next
Already up-to-date.
Merging m68knommu/for-next (9a1a1aea7572 m68knommu: Remove unnecessary prototype for kobjsize())
$ git merge m68knommu/for-next
Already up-to-date.
Merging metag/for-next (f93125ae17d1 metag: cachepart: Fix failure check)
$ git merge metag/for-next
Merge made by the 'recursive' strategy.
 arch/metag/kernel/cachepart.c | 4 ++--
 arch/metag/mm/hugetlbpage.c   | 2 +-
 2 files changed, 3 insertions(+), 3 deletions(-)
Merging microblaze/next (5676d5bfb93b microblaze: Wire-up getrandom syscall)
$ git merge microblaze/next
Merge made by the 'recursive' strategy.
 arch/microblaze/include/uapi/asm/unistd.h | 2 ++
 arch/microblaze/kernel/syscall_table.S    | 2 ++
 2 files changed, 4 insertions(+)
Merging mips/mips-for-linux-next (475d5928b79b Merge branch '3.16-fixes' into mips-for-linux-next)
$ git merge mips/mips-for-linux-next
Already up-to-date.
Merging openrisc/for-upstream (548dafe880ad openrisc: Use get_signal() signal_setup_done())
$ git merge openrisc/for-upstream
Already up-to-date.
Merging parisc/for-next (6c700d71f7fa [PARISC] hpux: Remove obsolete regs parameter from do_execve() in hpux_execve())
$ git merge parisc/for-next
Already up-to-date.
Merging parisc-hd/for-next (64aa90f26c06 Linux 3.16-rc7)
$ git merge parisc-hd/for-next
Already up-to-date.
Merging powerpc/next (537e5400a0a0 powerpc/eeh: Export eeh_iommu_group_to_pe())
$ git merge powerpc/next
Already up-to-date.
Merging fsl/next (78eb9094ca08 powerpc/t2080rdb: Add T2080RDB board support)
$ git merge fsl/next
Already up-to-date.
Merging mpc5xxx/next (bc7505942233 powerpc/512x: dts: add MPC5125 clock specs)
$ git merge mpc5xxx/next
Already up-to-date.
Merging s390/features (36e7fdaa1a04 s390/locking: Reenable optimistic spinning)
$ git merge s390/features
Already up-to-date.
Merging sparc-next/master (85417aef44fc Merge git://git.kernel.org/pub/scm/linux/kernel/git/davem/ide)
$ git merge sparc-next/master
Already up-to-date.
Merging tile/master (ed93567c6fbc tile: Remove tile-specific _sinitdata and _einitdata)
$ git merge tile/master
Merge made by the 'recursive' strategy.
 arch/tile/include/asm/sections.h |  3 ---
 arch/tile/kernel/traps.c         |  2 +-
 arch/tile/kernel/vmlinux.lds.S   |  2 --
 arch/tile/mm/init.c              | 12 ++++++------
 4 files changed, 7 insertions(+), 12 deletions(-)
Merging uml/next (989e59fa41c5 um: Include generic barrier.h)
$ git merge uml/next
Resolved 'arch/um/include/asm/Kbuild' using previous resolution.
Removing arch/x86/um/shared/sysdep/skas_ptrace.h
Removing arch/um/sys-ppc/shared/sysdep/skas_ptrace.h
Removing arch/um/sys-ia64/sysdep/skas_ptrace.h
Auto-merging arch/um/os-Linux/skas/process.c
Auto-merging arch/um/kernel/trap.c
Removing arch/um/include/shared/skas_ptrace.h
Removing arch/um/include/shared/skas/proc_mm.h
Auto-merging arch/um/include/shared/os.h
Auto-merging arch/um/include/asm/Kbuild
CONFLICT (content): Merge conflict in arch/um/include/asm/Kbuild
Automatic merge failed; fix conflicts and then commit the result.
$ git commit -v -a
[master 39f43a8958dc] Merge remote-tracking branch 'uml/next'
$ git diff -M --stat --summary HEAD^..
 arch/um/include/shared/os.h                 |   2 -
 arch/um/include/shared/skas/proc_mm.h       |  44 ------
 arch/um/include/shared/skas/skas.h          |   3 -
 arch/um/include/shared/skas_ptrace.h        |  14 --
 arch/um/kernel/ptrace.c                     |  32 ----
 arch/um/kernel/reboot.c                     |  35 ++---
 arch/um/kernel/skas/mmu.c                   |  68 +++------
 arch/um/kernel/skas/process.c               |  27 ----
 arch/um/kernel/trap.c                       |   2 +-
 arch/um/kernel/um_arch.c                    |  10 --
 arch/um/os-Linux/process.c                  |  16 --
 arch/um/os-Linux/skas/mem.c                 | 100 ++----------
 arch/um/os-Linux/skas/process.c             | 200 ++++++------------------
 arch/um/os-Linux/start_up.c                 | 154 -------------------
 arch/um/sys-ia64/sysdep/skas_ptrace.h       |  22 ---
 arch/um/sys-ppc/shared/sysdep/skas_ptrace.h |  22 ---
 arch/x86/um/ldt.c                           | 227 ++++++----------------------
 arch/x86/um/shared/sysdep/faultinfo_32.h    |   3 -
 arch/x86/um/shared/sysdep/faultinfo_64.h    |   3 -
 arch/x86/um/shared/sysdep/skas_ptrace.h     |  22 ---
 20 files changed, 148 insertions(+), 858 deletions(-)
 delete mode 100644 arch/um/include/shared/skas/proc_mm.h
 delete mode 100644 arch/um/include/shared/skas_ptrace.h
 delete mode 100644 arch/um/sys-ia64/sysdep/skas_ptrace.h
 delete mode 100644 arch/um/sys-ppc/shared/sysdep/skas_ptrace.h
 delete mode 100644 arch/x86/um/shared/sysdep/skas_ptrace.h
Merging unicore32/unicore32 (d670878e2c9a unicore32: Remove ARCH_HAS_CPUFREQ config option)
$ git merge unicore32/unicore32
Already up-to-date.
Merging xtensa/for_next (4ed2ad38b3b4 Merge tag 'xtensa-for-next-20140715' of git://github.com/jcmvbkbc/linux-xtensa into for_next)
$ git merge xtensa/for_next
Already up-to-date.
Merging btrfs/next (c7548af69d9e Btrfs: convert smp_mb__{before,after}_clear_bit)
$ git merge btrfs/next
Already up-to-date.
Merging ceph/master (5f740d7e1531 libceph: set last_piece in ceph_msg_data_pages_cursor_init() correctly)
$ git merge ceph/master
Merge made by the 'recursive' strategy.
 Documentation/ABI/testing/sysfs-bus-rbd |   4 +-
 drivers/block/rbd.c                     | 689 +++++++++++++++++---------------
 fs/ceph/acl.c                           |  14 +-
 fs/ceph/caps.c                          |   2 +-
 fs/ceph/file.c                          |  24 +-
 fs/ceph/mds_client.c                    |  16 +-
 fs/ceph/xattr.c                         |   4 +-
 include/linux/ceph/messenger.h          |  14 +-
 include/linux/ceph/osd_client.h         |  18 +-
 net/ceph/messenger.c                    |  47 ++-
 net/ceph/osd_client.c                   | 129 ++++--
 11 files changed, 538 insertions(+), 423 deletions(-)
Merging cifs/for-next (e91259f3c726 cifs: remove unused function cifs_oplock_break_wait)
$ git merge cifs/for-next
Merge made by the 'recursive' strategy.
 fs/cifs/misc.c | 7 -------
 1 file changed, 7 deletions(-)
Merging configfs/linux-next (b930c26416c4 Merge branch 'for-linus' of git://git.kernel.org/pub/scm/linux/kernel/git/mason/linux-btrfs)
$ git merge configfs/linux-next
Already up-to-date.
Merging ecryptfs/next (04ec5f5c0022 ecryptfs: remove unnecessary break after goto)
$ git merge ecryptfs/next
Auto-merging fs/ecryptfs/inode.c
Auto-merging fs/ecryptfs/file.c
Merge made by the 'recursive' strategy.
 fs/ecryptfs/file.c      |  4 ++--
 fs/ecryptfs/inode.c     | 16 +++++++---------
 fs/ecryptfs/keystore.c  |  2 --
 fs/ecryptfs/messaging.c |  3 +--
 4 files changed, 10 insertions(+), 15 deletions(-)
Merging ext3/for_next (20601c5299c8 reiserfs: Fix use after free in journal teardown)
$ git merge ext3/for_next
Auto-merging fs/reiserfs/super.c
Auto-merging fs/reiserfs/lbalance.c
Auto-merging fs/reiserfs/do_balan.c
Merge made by the 'recursive' strategy.
 fs/ext2/super.c        |   2 +-
 fs/quota/dquot.c       | 180 ++++++++++++++++++++++---------------------------
 fs/quota/kqid.c        |   2 +-
 fs/quota/netlink.c     |   3 +-
 fs/quota/quota.c       |   6 +-
 fs/reiserfs/do_balan.c | 111 +++++++++++++++++-------------
 fs/reiserfs/journal.c  |  22 ++++--
 fs/reiserfs/lbalance.c |   5 +-
 fs/reiserfs/namei.c    |  41 ++++++-----
 fs/reiserfs/reiserfs.h |   9 +--
 fs/reiserfs/super.c    |   6 +-
 fs/super.c             |   1 -
 fs/udf/file.c          |  22 +-----
 fs/udf/lowlevel.c      |   2 +-
 fs/udf/super.c         |   2 +-
 fs/udf/symlink.c       |   2 +-
 fs/udf/unicode.c       |   9 ++-
 include/linux/quota.h  |   1 -
 18 files changed, 214 insertions(+), 212 deletions(-)
Merging ext4/dev (86f0afd46321 ext4: fix ext4_discard_allocated_blocks() if we can't allocate the pa struct)
$ git merge ext4/dev
Already up-to-date.
Merging f2fs/dev (7f0d32e0c1a7 Merge tag 'microblaze-3.17-rc1' of git://git.monstr.eu/linux-2.6-microblaze)
$ git merge f2fs/dev
Already up-to-date.
Merging fscache/fscache (fe02fb3ec109 FS-Cache: Handle removal of unadded object to the fscache_object_list rb tree)
$ git merge fscache/fscache
Merge made by the 'recursive' strategy.
Merging fuse/for-next (d7afaec0b564 fuse: add FUSE_NO_OPEN_SUPPORT flag to INIT)
$ git merge fuse/for-next
Already up-to-date.
Merging gfs2/master (9a464443aec5 GFS2: Change maxlen variables to size_t)
$ git merge gfs2/master
Auto-merging fs/gfs2/super.c
Merge made by the 'recursive' strategy.
 fs/gfs2/bmap.c  |  9 +++++----
 fs/gfs2/super.c | 20 ++++++++++----------
 2 files changed, 15 insertions(+), 14 deletions(-)
Merging jfs/jfs-next (bb5e50aaa805 fs/jfs/super.c: convert simple_str to kstr)
$ git merge jfs/jfs-next
Already up-to-date.
Merging logfs/master (339466142b3f Fix the call to BUG() caused by no free segment found)
$ git merge logfs/master
Auto-merging fs/logfs/super.c
Merge made by the 'recursive' strategy.
 fs/logfs/dev_mtd.c | 2 +-
 fs/logfs/super.c   | 6 +++---
 2 files changed, 4 insertions(+), 4 deletions(-)
Merging nfs/linux-next (71a6ec8ac587 nfs: reject changes to resvport and sharecache during remount)
$ git merge nfs/linux-next
Resolved 'fs/nfs/pagelist.c' using previous resolution.
Auto-merging net/sunrpc/xprt.c
Auto-merging fs/nfs/write.c
Auto-merging fs/nfs/pnfs.c
Auto-merging fs/nfs/pagelist.c
CONFLICT (content): Merge conflict in fs/nfs/pagelist.c
Auto-merging fs/nfs/nfs4state.c
Auto-merging fs/nfs/internal.h
Auto-merging fs/nfs/inode.c
Auto-merging fs/nfs/filelayout/filelayoutdev.c
Auto-merging fs/nfs/client.c
Automatic merge failed; fix conflicts and then commit the result.
$ git commit -v -a
[master aca97b5a439c] Merge remote-tracking branch 'nfs/linux-next'
$ git diff -M --stat --summary HEAD^..
 fs/nfs/blocklayout/blocklayout.c      | 101 +++--
 fs/nfs/callback.c                     |  12 +
 fs/nfs/client.c                       |  18 +-
 fs/nfs/delegation.c                   |  34 +-
 fs/nfs/delegation.h                   |   1 +
 fs/nfs/dir.c                          | 208 ++++++++--
 fs/nfs/direct.c                       |  33 +-
 fs/nfs/filelayout/filelayout.c        | 298 ++++++++------
 fs/nfs/filelayout/filelayoutdev.c     |   2 +-
 fs/nfs/inode.c                        |   9 +
 fs/nfs/internal.h                     |  11 +-
 fs/nfs/nfs3acl.c                      |   2 +-
 fs/nfs/nfs3proc.c                     |  21 +-
 fs/nfs/nfs4_fs.h                      |  32 +-
 fs/nfs/nfs4client.c                   |   5 +
 fs/nfs/nfs4proc.c                     | 248 ++++++++----
 fs/nfs/nfs4state.c                    |  69 ++--
 fs/nfs/nfs4trace.h                    |  28 +-
 fs/nfs/nfs4xdr.c                      |   2 +-
 fs/nfs/objlayout/objio_osd.c          |  24 +-
 fs/nfs/objlayout/objlayout.c          |  81 ++--
 fs/nfs/objlayout/objlayout.h          |   8 +-
 fs/nfs/pagelist.c                     | 276 ++++++-------
 fs/nfs/pnfs.c                         | 178 +++-----
 fs/nfs/pnfs.h                         |  45 ++-
 fs/nfs/proc.c                         |  27 +-
 fs/nfs/read.c                         |  54 ++-
 fs/nfs/super.c                        |  12 +-
 fs/nfs/write.c                        | 150 +++----
 fs/nfs_common/nfsacl.c                |   5 +-
 include/linux/nfs_fs.h                |   2 +
 include/linux/nfs_fs_sb.h             |   1 +
 include/linux/nfs_page.h              |  19 +-
 include/linux/nfs_xdr.h               |  34 +-
 include/linux/sunrpc/auth.h           |   4 +
 include/linux/sunrpc/auth_gss.h       |   3 +-
 include/linux/sunrpc/gss_krb5.h       |   4 +-
 include/linux/sunrpc/xprtrdma.h       |   2 -
 net/sunrpc/addr.c                     |  16 +-
 net/sunrpc/auth.c                     |  68 +++-
 net/sunrpc/auth_generic.c             |   6 +
 net/sunrpc/auth_gss/auth_gss.c        | 126 ++++--
 net/sunrpc/auth_gss/gss_krb5_crypto.c |   9 +-
 net/sunrpc/auth_gss/gss_krb5_seal.c   |  28 +-
 net/sunrpc/auth_gss/gss_krb5_wrap.c   |  20 +-
 net/sunrpc/auth_null.c                |   2 +
 net/sunrpc/clnt.c                     |   5 +
 net/sunrpc/rpc_pipe.c                 |   2 +-
 net/sunrpc/xprt.c                     |   1 +
 net/sunrpc/xprtrdma/rpc_rdma.c        |  83 ++--
 net/sunrpc/xprtrdma/transport.c       |  17 +-
 net/sunrpc/xprtrdma/verbs.c           | 739 +++++++++++++++++++++++-----------
 net/sunrpc/xprtrdma/xprt_rdma.h       |  61 ++-
 net/sunrpc/xprtsock.c                 |   9 +-
 54 files changed, 1967 insertions(+), 1288 deletions(-)
Merging nfsd/nfsd-next (211532d35b3f nfsd: allow turning off nfsv3 readdir_plus)
$ git merge nfsd/nfsd-next
Merge made by the 'recursive' strategy.
 fs/nfsd/export.c                 | 1 +
 fs/nfsd/nfs3proc.c               | 8 ++++++++
 include/uapi/linux/nfsd/export.h | 5 +++--
 3 files changed, 12 insertions(+), 2 deletions(-)
Merging omfs/for-next (976d167615b6 Linux 3.1-rc9)
$ git merge omfs/for-next
Already up-to-date.
Merging squashfs/master (6d565409503f Squashfs: fix failure to unlock pages on decompress error)
$ git merge squashfs/master
Already up-to-date.
Merging v9fs/for-next (f15844e0777f 9P: fix return value in v9fs_fid_xattr_set)
$ git merge v9fs/for-next
Already up-to-date.
Merging ubifs/linux-next (25601a3c9737 UBIFS: Add log overlap assertions)
$ git merge ubifs/linux-next
Merge made by the 'recursive' strategy.
 drivers/mtd/ubi/block.c | 18 ++++++++++++------
 drivers/mtd/ubi/vtbl.c  |  2 +-
 drivers/mtd/ubi/wl.c    |  4 ++--
 fs/ubifs/commit.c       |  2 --
 fs/ubifs/io.c           |  2 +-
 fs/ubifs/log.c          | 12 ++++++------
 fs/ubifs/lpt.c          |  5 ++---
 fs/ubifs/lpt_commit.c   |  7 +++++--
 fs/ubifs/master.c       |  7 +++----
 fs/ubifs/orphan.c       |  1 -
 fs/ubifs/recovery.c     |  5 ++---
 fs/ubifs/sb.c           |  4 +++-
 fs/ubifs/scan.c         | 14 +++++++-------
 fs/ubifs/super.c        | 19 +++++++++----------
 fs/ubifs/tnc.c          |  1 -
 fs/ubifs/tnc_commit.c   |  1 -
 fs/ubifs/ubifs.h        |  4 ----
 17 files changed, 53 insertions(+), 55 deletions(-)
Merging xfs/for-next (645f98572134 Merge branch 'xfs-misc-fixes-3.17-2' into for-next)
$ git merge xfs/for-next
Removing fs/xfs/xfs_vnode.h
Auto-merging fs/xfs/libxfs/xfs_symlink_remote.c
Auto-merging fs/xfs/libxfs/xfs_sb.h
Auto-merging fs/xfs/libxfs/xfs_sb.c
Auto-merging fs/xfs/libxfs/xfs_quota_defs.h
Auto-merging fs/xfs/libxfs/xfs_log_format.h
Auto-merging fs/xfs/libxfs/xfs_inum.h
Auto-merging fs/xfs/libxfs/xfs_inode_fork.c
Auto-merging fs/xfs/libxfs/xfs_inode_buf.c
Auto-merging fs/xfs/libxfs/xfs_ialloc_btree.c
Auto-merging fs/xfs/libxfs/xfs_ialloc.c
Auto-merging fs/xfs/libxfs/xfs_format.h
Auto-merging fs/xfs/libxfs/xfs_dquot_buf.c
Auto-merging fs/xfs/libxfs/xfs_dir2_sf.c
Auto-merging fs/xfs/libxfs/xfs_dir2_node.c
Auto-merging fs/xfs/libxfs/xfs_dir2_leaf.c
Auto-merging fs/xfs/libxfs/xfs_dir2_data.c
Auto-merging fs/xfs/libxfs/xfs_dir2_block.c
Auto-merging fs/xfs/libxfs/xfs_dir2.c
Auto-merging fs/xfs/libxfs/xfs_da_btree.c
Auto-merging fs/xfs/libxfs/xfs_btree.h
Auto-merging fs/xfs/libxfs/xfs_btree.c
Auto-merging fs/xfs/libxfs/xfs_bmap_btree.c
Auto-merging fs/xfs/libxfs/xfs_bmap.c
Auto-merging fs/xfs/libxfs/xfs_attr_remote.c
Auto-merging fs/xfs/libxfs/xfs_attr_leaf.c
Auto-merging fs/xfs/libxfs/xfs_attr.c
Auto-merging fs/xfs/libxfs/xfs_alloc_btree.c
Auto-merging fs/xfs/libxfs/xfs_alloc.c
Merge made by the 'recursive' strategy.
 Documentation/ABI/testing/sysfs-fs-xfs   |  39 +++
 fs/xfs/Kconfig                           |   1 +
 fs/xfs/Makefile                          |  71 ++--
 fs/xfs/{ => libxfs}/xfs_ag.h             |   0
 fs/xfs/{ => libxfs}/xfs_alloc.c          |  20 +-
 fs/xfs/{ => libxfs}/xfs_alloc.h          |   0
 fs/xfs/{ => libxfs}/xfs_alloc_btree.c    |   6 +-
 fs/xfs/{ => libxfs}/xfs_alloc_btree.h    |   0
 fs/xfs/{ => libxfs}/xfs_attr.c           |  92 ++---
 fs/xfs/{ => libxfs}/xfs_attr_leaf.c      |  78 ++---
 fs/xfs/{ => libxfs}/xfs_attr_leaf.h      |   0
 fs/xfs/{ => libxfs}/xfs_attr_remote.c    |  22 +-
 fs/xfs/{ => libxfs}/xfs_attr_remote.h    |   0
 fs/xfs/{ => libxfs}/xfs_attr_sf.h        |   0
 fs/xfs/{ => libxfs}/xfs_bit.h            |   0
 fs/xfs/{ => libxfs}/xfs_bmap.c           |  60 ++--
 fs/xfs/{ => libxfs}/xfs_bmap.h           |   0
 fs/xfs/{ => libxfs}/xfs_bmap_btree.c     |  99 +-----
 fs/xfs/{ => libxfs}/xfs_bmap_btree.h     |   0
 fs/xfs/{ => libxfs}/xfs_btree.c          |  46 +--
 fs/xfs/{ => libxfs}/xfs_btree.h          |   2 +-
 fs/xfs/{ => libxfs}/xfs_cksum.h          |   0
 fs/xfs/{ => libxfs}/xfs_da_btree.c       | 112 +++---
 fs/xfs/{ => libxfs}/xfs_da_btree.h       |   0
 fs/xfs/{ => libxfs}/xfs_da_format.c      |   0
 fs/xfs/{ => libxfs}/xfs_da_format.h      |   0
 fs/xfs/{ => libxfs}/xfs_dinode.h         |   0
 fs/xfs/{ => libxfs}/xfs_dir2.c           |  24 +-
 fs/xfs/{ => libxfs}/xfs_dir2.h           |   0
 fs/xfs/{ => libxfs}/xfs_dir2_block.c     |  18 +-
 fs/xfs/{ => libxfs}/xfs_dir2_data.c      |  10 +-
 fs/xfs/{ => libxfs}/xfs_dir2_leaf.c      |  24 +-
 fs/xfs/{ => libxfs}/xfs_dir2_node.c      |  40 +--
 fs/xfs/{ => libxfs}/xfs_dir2_priv.h      |   0
 fs/xfs/{ => libxfs}/xfs_dir2_sf.c        |  75 ++--
 fs/xfs/{ => libxfs}/xfs_dquot_buf.c      |   6 +-
 fs/xfs/{ => libxfs}/xfs_format.h         |  14 +-
 fs/xfs/{ => libxfs}/xfs_ialloc.c         |  34 +-
 fs/xfs/{ => libxfs}/xfs_ialloc.h         |   0
 fs/xfs/{ => libxfs}/xfs_ialloc_btree.c   |   6 +-
 fs/xfs/{ => libxfs}/xfs_ialloc_btree.h   |   0
 fs/xfs/{ => libxfs}/xfs_inode_buf.c      |  10 +-
 fs/xfs/{ => libxfs}/xfs_inode_buf.h      |   0
 fs/xfs/{ => libxfs}/xfs_inode_fork.c     |  36 +-
 fs/xfs/{ => libxfs}/xfs_inode_fork.h     |   0
 fs/xfs/{ => libxfs}/xfs_inum.h           |   4 -
 fs/xfs/{ => libxfs}/xfs_log_format.h     |   4 +-
 fs/xfs/{ => libxfs}/xfs_log_recover.h    |   0
 fs/xfs/{ => libxfs}/xfs_log_rlimit.c     |   0
 fs/xfs/{ => libxfs}/xfs_quota_defs.h     |   2 -
 fs/xfs/{ => libxfs}/xfs_rtbitmap.c       |   0
 fs/xfs/{ => libxfs}/xfs_sb.c             |  56 +--
 fs/xfs/{ => libxfs}/xfs_sb.h             |   8 +-
 fs/xfs/{ => libxfs}/xfs_shared.h         |   0
 fs/xfs/{ => libxfs}/xfs_symlink_remote.c |   6 +-
 fs/xfs/{ => libxfs}/xfs_trans_resv.c     |   0
 fs/xfs/{ => libxfs}/xfs_trans_resv.h     |   0
 fs/xfs/{ => libxfs}/xfs_trans_space.h    |   0
 fs/xfs/xfs_acl.c                         |   8 +-
 fs/xfs/xfs_aops.c                        |  18 +-
 fs/xfs/xfs_attr_inactive.c               |  22 +-
 fs/xfs/xfs_attr_list.c                   |  38 +-
 fs/xfs/xfs_bmap_util.c                   | 174 +++++-----
 fs/xfs/xfs_buf.c                         |  40 ++-
 fs/xfs/xfs_buf.h                         |   2 +-
 fs/xfs/xfs_buf_item.c                    |   4 +-
 fs/xfs/xfs_dir2_readdir.c                |   4 +-
 fs/xfs/xfs_discard.c                     |  18 +-
 fs/xfs/xfs_dquot.c                       |  41 +--
 fs/xfs/xfs_dquot.h                       |  15 +
 fs/xfs/xfs_error.c                       |  25 +-
 fs/xfs/xfs_error.h                       |  13 +-
 fs/xfs/xfs_export.c                      |  10 +-
 fs/xfs/xfs_extfree_item.c                |   2 +-
 fs/xfs/xfs_file.c                        |  75 ++--
 fs/xfs/xfs_filestream.c                  |   4 +-
 fs/xfs/xfs_fs.h                          |   7 +-
 fs/xfs/xfs_fsops.c                       |  42 +--
 fs/xfs/xfs_icache.c                      | 148 ++++++--
 fs/xfs/xfs_icache.h                      |  13 +-
 fs/xfs/xfs_inode.c                       |  68 ++--
 fs/xfs/xfs_inode.h                       |  10 +
 fs/xfs/xfs_inode_item.c                  |   2 +-
 fs/xfs/xfs_ioctl.c                       | 266 +++++++-------
 fs/xfs/xfs_ioctl32.c                     | 111 +++---
 fs/xfs/xfs_iomap.c                       |  54 +--
 fs/xfs/xfs_iops.c                        |  72 ++--
 fs/xfs/xfs_itable.c                      | 579 ++++++++++++++-----------------
 fs/xfs/xfs_itable.h                      |  23 +-
 fs/xfs/xfs_linux.h                       |  27 +-
 fs/xfs/xfs_log.c                         |  69 ++--
 fs/xfs/xfs_log_cil.c                     |   8 +-
 fs/xfs/xfs_log_priv.h                    |   2 +
 fs/xfs/xfs_log_recover.c                 | 284 ++++++++-------
 fs/xfs/xfs_mount.c                       |  97 +++---
 fs/xfs/xfs_mount.h                       |   1 +
 fs/xfs/xfs_mru_cache.c                   |  14 +-
 fs/xfs/xfs_qm.c                          | 229 ++++++------
 fs/xfs/xfs_qm.h                          |   1 -
 fs/xfs/xfs_qm_bhv.c                      |   2 +-
 fs/xfs/xfs_qm_syscalls.c                 |  46 +--
 fs/xfs/xfs_quotaops.c                    |  20 +-
 fs/xfs/xfs_rtalloc.c                     |  24 +-
 fs/xfs/xfs_rtalloc.h                     |   2 +-
 fs/xfs/xfs_super.c                       | 132 +++----
 fs/xfs/xfs_super.h                       |  15 +-
 fs/xfs/xfs_symlink.c                     |  30 +-
 fs/xfs/xfs_sysfs.c                       | 165 +++++++++
 fs/xfs/xfs_sysfs.h                       |  59 ++++
 fs/xfs/xfs_trans.c                       |  10 +-
 fs/xfs/xfs_trans_ail.c                   |   4 +-
 fs/xfs/xfs_trans_buf.c                   |  37 +-
 fs/xfs/xfs_trans_dquot.c                 |   4 +-
 fs/xfs/xfs_types.h                       |  29 +-
 fs/xfs/xfs_vnode.h                       |  46 ---
 fs/xfs/xfs_xattr.c                       |   6 +-
 116 files changed, 2252 insertions(+), 2044 deletions(-)
 create mode 100644 Documentation/ABI/testing/sysfs-fs-xfs
 rename fs/xfs/{ => libxfs}/xfs_ag.h (100%)
 rename fs/xfs/{ => libxfs}/xfs_alloc.c (99%)
 rename fs/xfs/{ => libxfs}/xfs_alloc.h (100%)
 rename fs/xfs/{ => libxfs}/xfs_alloc_btree.c (99%)
 rename fs/xfs/{ => libxfs}/xfs_alloc_btree.h (100%)
 rename fs/xfs/{ => libxfs}/xfs_attr.c (97%)
 rename fs/xfs/{ => libxfs}/xfs_attr_leaf.c (98%)
 rename fs/xfs/{ => libxfs}/xfs_attr_leaf.h (100%)
 rename fs/xfs/{ => libxfs}/xfs_attr_remote.c (98%)
 rename fs/xfs/{ => libxfs}/xfs_attr_remote.h (100%)
 rename fs/xfs/{ => libxfs}/xfs_attr_sf.h (100%)
 rename fs/xfs/{ => libxfs}/xfs_bit.h (100%)
 rename fs/xfs/{ => libxfs}/xfs_bmap.c (99%)
 rename fs/xfs/{ => libxfs}/xfs_bmap.h (100%)
 rename fs/xfs/{ => libxfs}/xfs_bmap_btree.c (88%)
 rename fs/xfs/{ => libxfs}/xfs_bmap_btree.h (100%)
 rename fs/xfs/{ => libxfs}/xfs_btree.c (99%)
 rename fs/xfs/{ => libxfs}/xfs_btree.h (99%)
 rename fs/xfs/{ => libxfs}/xfs_cksum.h (100%)
 rename fs/xfs/{ => libxfs}/xfs_da_btree.c (97%)
 rename fs/xfs/{ => libxfs}/xfs_da_btree.h (100%)
 rename fs/xfs/{ => libxfs}/xfs_da_format.c (100%)
 rename fs/xfs/{ => libxfs}/xfs_da_format.h (100%)
 rename fs/xfs/{ => libxfs}/xfs_dinode.h (100%)
 rename fs/xfs/{ => libxfs}/xfs_dir2.c (98%)
 rename fs/xfs/{ => libxfs}/xfs_dir2.h (100%)
 rename fs/xfs/{ => libxfs}/xfs_dir2_block.c (99%)
 rename fs/xfs/{ => libxfs}/xfs_dir2_data.c (99%)
 rename fs/xfs/{ => libxfs}/xfs_dir2_leaf.c (99%)
 rename fs/xfs/{ => libxfs}/xfs_dir2_node.c (98%)
 rename fs/xfs/{ => libxfs}/xfs_dir2_priv.h (100%)
 rename fs/xfs/{ => libxfs}/xfs_dir2_sf.c (97%)
 rename fs/xfs/{ => libxfs}/xfs_dquot_buf.c (98%)
 rename fs/xfs/{ => libxfs}/xfs_format.h (97%)
 rename fs/xfs/{ => libxfs}/xfs_ialloc.c (99%)
 rename fs/xfs/{ => libxfs}/xfs_ialloc.h (100%)
 rename fs/xfs/{ => libxfs}/xfs_ialloc_btree.c (98%)
 rename fs/xfs/{ => libxfs}/xfs_ialloc_btree.h (100%)
 rename fs/xfs/{ => libxfs}/xfs_inode_buf.c (98%)
 rename fs/xfs/{ => libxfs}/xfs_inode_buf.h (100%)
 rename fs/xfs/{ => libxfs}/xfs_inode_fork.c (98%)
 rename fs/xfs/{ => libxfs}/xfs_inode_fork.h (100%)
 rename fs/xfs/{ => libxfs}/xfs_inum.h (96%)
 rename fs/xfs/{ => libxfs}/xfs_log_format.h (99%)
 rename fs/xfs/{ => libxfs}/xfs_log_recover.h (100%)
 rename fs/xfs/{ => libxfs}/xfs_log_rlimit.c (100%)
 rename fs/xfs/{ => libxfs}/xfs_quota_defs.h (98%)
 rename fs/xfs/{ => libxfs}/xfs_rtbitmap.c (100%)
 rename fs/xfs/{ => libxfs}/xfs_sb.c (96%)
 rename fs/xfs/{ => libxfs}/xfs_sb.h (98%)
 rename fs/xfs/{ => libxfs}/xfs_shared.h (100%)
 rename fs/xfs/{ => libxfs}/xfs_symlink_remote.c (97%)
 rename fs/xfs/{ => libxfs}/xfs_trans_resv.c (100%)
 rename fs/xfs/{ => libxfs}/xfs_trans_resv.h (100%)
 rename fs/xfs/{ => libxfs}/xfs_trans_space.h (100%)
 create mode 100644 fs/xfs/xfs_sysfs.c
 create mode 100644 fs/xfs/xfs_sysfs.h
 delete mode 100644 fs/xfs/xfs_vnode.h
Merging file-private-locks/linux-next (54ace37e4640 locks: show delegations as "DELEG" in /proc/locks)
$ git merge file-private-locks/linux-next
Merge made by the 'recursive' strategy.
 fs/locks.c | 6 +++++-
 1 file changed, 5 insertions(+), 1 deletion(-)
Merging vfs/for-next (c7f3888ad7f0 switch iov_iter_get_pages() to passing maximal number of pages)
$ git merge vfs/for-next
Resolved 'kernel/acct.c' using previous resolution.
Auto-merging mm/shmem.c
Auto-merging kernel/acct.c
CONFLICT (content): Merge conflict in kernel/acct.c
Auto-merging include/linux/mount.h
Auto-merging include/linux/fs.h
Auto-merging fs/super.c
Auto-merging fs/nilfs2/super.c
Auto-merging fs/namespace.c
Auto-merging fs/cifs/inode.c
Auto-merging fs/cifs/cifsfs.h
Automatic merge failed; fix conflicts and then commit the result.
$ git commit -v -a
[master 9685a16debf2] Merge remote-tracking branch 'vfs/for-next'
$ git diff -M --stat --summary HEAD^..
 Documentation/filesystems/nfs/Exporting |  38 +--
 Documentation/filesystems/vfs.txt       |   3 +-
 fs/Makefile                             |   2 +-
 fs/bad_inode.c                          |   7 +-
 fs/btrfs/inode.c                        |  12 +-
 fs/btrfs/super.c                        |   9 +-
 fs/ceph/super.c                         |   2 +-
 fs/cifs/cifsfs.c                        |   2 +-
 fs/cifs/cifsfs.h                        |   4 +-
 fs/cifs/inode.c                         |  14 +-
 fs/dcache.c                             | 196 ++++++++------
 fs/direct-io.c                          |   2 +-
 fs/ext4/namei.c                         |   1 -
 fs/fs_pin.c                             |  78 ++++++
 fs/fuse/dir.c                           |   7 -
 fs/fuse/file.c                          |   4 +-
 fs/hostfs/hostfs.h                      |   1 +
 fs/hostfs/hostfs_kern.c                 |  30 ++-
 fs/hostfs/hostfs_user.c                 |  28 ++
 fs/internal.h                           |   7 +-
 fs/mount.h                              |   2 +-
 fs/namei.c                              |  34 ++-
 fs/namespace.c                          |  36 +--
 fs/nfs/getroot.c                        |   2 +-
 fs/nilfs2/super.c                       |   2 +-
 fs/super.c                              |  19 +-
 include/linux/acct.h                    |   4 -
 include/linux/dcache.h                  |   1 +
 include/linux/fs.h                      |   2 +
 include/linux/fs_pin.h                  |  17 ++
 include/linux/mount.h                   |   4 +-
 include/linux/uio.h                     |   2 +-
 kernel/acct.c                           | 456 ++++++++++++++------------------
 mm/iov_iter.c                           |  17 +-
 mm/shmem.c                              |  32 ++-
 35 files changed, 620 insertions(+), 457 deletions(-)
 create mode 100644 fs/fs_pin.c
 create mode 100644 include/linux/fs_pin.h
Merging pci/next (981c191778a4 Merge branches 'pci/host-designware', 'pci/host-mvebu' and 'pci/host-tegra' into next)
$ git merge pci/next
Auto-merging drivers/pci/host/pci-tegra.c
Auto-merging drivers/pci/host/Makefile
Auto-merging drivers/pci/host/Kconfig
Auto-merging MAINTAINERS
Merge made by the 'recursive' strategy.
 .../devicetree/bindings/pci/designware-pcie.txt    |   4 +
 Documentation/devicetree/bindings/pci/ti-pci.txt   |  59 +++
 MAINTAINERS                                        |   8 +
 drivers/pci/host/Kconfig                           |  11 +-
 drivers/pci/host/Makefile                          |   1 +
 drivers/pci/host/pci-dra7xx.c                      | 458 +++++++++++++++++++++
 drivers/pci/host/pci-tegra.c                       | 118 ++++++
 drivers/pci/host/pcie-designware.c                 | 134 ++++--
 drivers/pci/host/pcie-designware.h                 |  11 +
 9 files changed, 771 insertions(+), 33 deletions(-)
 create mode 100644 Documentation/devicetree/bindings/pci/ti-pci.txt
 create mode 100644 drivers/pci/host/pci-dra7xx.c
Merging hid/for-next (71095593b5d8 Merge branch 'for-3.17/hyperv' into for-next)
$ git merge hid/for-next
Resolved 'drivers/hid/hid-gt683r.c' using previous resolution.
Auto-merging drivers/hid/hid-gt683r.c
CONFLICT (add/add): Merge conflict in drivers/hid/hid-gt683r.c
Automatic merge failed; fix conflicts and then commit the result.
$ git commit -v -a
[master c80ffa22e296] Merge remote-tracking branch 'hid/for-next'
$ git diff -M --stat --summary HEAD^..
 Documentation/ABI/testing/sysfs-class-hid-driver-gt683r | 14 ++++++++++++++
 1 file changed, 14 insertions(+)
 create mode 100644 Documentation/ABI/testing/sysfs-class-hid-driver-gt683r
Merging i2c/i2c/for-next (88a469fec24c Merge branch 'i2c/for-3.17' into i2c/for-next)
$ git merge i2c/i2c/for-next
Already up-to-date!
Merge made by the 'recursive' strategy.
Merging jdelvare-hwmon/master (c7208164e66f Linux 3.15-rc7)
$ git merge jdelvare-hwmon/master
Already up-to-date.
Merging hwmon-staging/hwmon-next (6ddd855c13bc hwmon: (tmp103) Remove duplicate test for I2C_FUNC_SMBUS_BYTE_DATA functionality)
$ git merge hwmon-staging/hwmon-next
Merge made by the 'recursive' strategy.
 drivers/hwmon/adm1025.c  |  3 +++
 drivers/hwmon/adm1026.c  |  3 +++
 drivers/hwmon/ads1015.c  |  2 ++
 drivers/hwmon/asb100.c   |  4 ++++
 drivers/hwmon/dme1737.c  | 33 ++++++++++++++++++---------------
 drivers/hwmon/emc6w201.c |  4 ++--
 drivers/hwmon/hih6130.c  |  3 +++
 drivers/hwmon/lm87.c     |  4 ++++
 drivers/hwmon/lm92.c     | 13 ++++++-------
 drivers/hwmon/pc87360.c  |  3 +++
 drivers/hwmon/tmp103.c   |  7 -------
 drivers/hwmon/vt1211.c   |  3 +++
 drivers/hwmon/w83627hf.c |  3 +++
 drivers/hwmon/w83791d.c  |  3 +++
 drivers/hwmon/w83793.c   |  3 +++
 15 files changed, 60 insertions(+), 31 deletions(-)
Merging v4l-dvb/master (d1352f268415 Merge two fixes from branch 'patchwork' into to_next)
$ git merge v4l-dvb/master
Merge made by the 'recursive' strategy.
 drivers/media/dvb-frontends/si2168.c | 2 +-
 1 file changed, 1 insertion(+), 1 deletion(-)
Merging kbuild/for-next (0eaeb361a894 Merge branches 'kbuild/kbuild' and 'kbuild/misc' into kbuild/for-next)
$ git merge kbuild/for-next
Auto-merging scripts/coccinelle/misc/bugon.cocci
Auto-merging lib/Kconfig.debug
Auto-merging init/Kconfig
Auto-merging arch/x86/Kconfig
Auto-merging Makefile
Merge made by the 'recursive' strategy.
 .gitignore                                         |   1 +
 Documentation/kbuild/00-INDEX                      |   2 +
 Documentation/{make => kbuild}/headers_install.txt |   0
 Documentation/kbuild/makefiles.txt                 |  39 +----
 Documentation/lto-build                            | 173 +++++++++++++++++++++
 Makefile                                           |  49 +++++-
 arch/ia64/Makefile                                 |   2 +-
 arch/x86/Kconfig                                   |   2 +-
 init/Kconfig                                       |  73 +++++++++
 kernel/gcov/Kconfig                                |   2 +-
 lib/Kconfig.debug                                  |  26 +++-
 scripts/Kbuild.include                             |  14 +-
 scripts/Makefile.clean                             |   4 +-
 scripts/Makefile.extrawarn                         |  21 +--
 scripts/Makefile.host                              |  61 ++------
 scripts/Makefile.lto                               |  84 ++++++++++
 scripts/Makefile.modpost                           |   7 +-
 scripts/coccinelle/api/alloc/alloc_cast.cocci      |  72 +++++++++
 scripts/coccinelle/misc/array_size.cocci           |  87 +++++++++++
 scripts/coccinelle/misc/badty.cocci                |  76 +++++++++
 .../drop_kmalloc_cast.cocci => misc/bugon.cocci}   |  47 +++---
 scripts/coccinelle/null/badzero.cocci              |   3 +-
 scripts/link-vmlinux.sh                            |   2 +-
 23 files changed, 706 insertions(+), 141 deletions(-)
 rename Documentation/{make => kbuild}/headers_install.txt (100%)
 create mode 100644 Documentation/lto-build
 create mode 100644 scripts/Makefile.lto
 create mode 100644 scripts/coccinelle/api/alloc/alloc_cast.cocci
 create mode 100644 scripts/coccinelle/misc/array_size.cocci
 create mode 100644 scripts/coccinelle/misc/badty.cocci
 rename scripts/coccinelle/{api/alloc/drop_kmalloc_cast.cocci => misc/bugon.cocci} (50%)
Merging kconfig/for-next (95edca5c523c localmodconfig: Add config depends by default settings)
$ git merge kconfig/for-next
Already up-to-date.
Merging libata/for-next (1824be15f7a4 Merge branch 'for-3.17' into for-next)
$ git merge libata/for-next
Already up-to-date!
Merge made by the 'recursive' strategy.
Merging pm/linux-next (af5b7e84d022 Merge branch 'pm-tools')
$ git merge pm/linux-next
Auto-merging include/linux/sched.h
Auto-merging drivers/cpuidle/governors/menu.c
Merge made by the 'recursive' strategy.
 drivers/acpi/battery.c               |    2 +-
 drivers/acpi/processor_driver.c      |    1 +
 drivers/acpi/scan.c                  |    3 +-
 drivers/cpufreq/arm_big_little.c     |    5 +
 drivers/cpufreq/arm_big_little_dt.c  |    2 +-
 drivers/cpufreq/cpufreq-cpu0.c       |    2 +-
 drivers/cpufreq/cpufreq_opp.c        |    2 +-
 drivers/cpufreq/integrator-cpufreq.c |   10 +-
 drivers/cpufreq/speedstep-smi.c      |    4 +-
 drivers/cpuidle/governors/menu.c     |   43 +-
 include/linux/sched.h                |    3 +-
 kernel/power/snapshot.c              |   21 +-
 kernel/sched/core.c                  |    7 +
 kernel/sched/proc.c                  |    7 -
 scripts/analyze_suspend.py           | 3817 ++++++++++++++++++++++++++--------
 15 files changed, 3051 insertions(+), 878 deletions(-)
Merging idle/next (5f08abf265fe intel_idle: Disable Baytrail Core and Module C6 auto-demotion)
$ git merge idle/next
Auto-merging arch/x86/include/uapi/asm/msr-index.h
Merge made by the 'recursive' strategy.
 arch/x86/include/uapi/asm/msr-index.h |  3 +++
 drivers/idle/intel_idle.c             | 12 +++++++++++-
 2 files changed, 14 insertions(+), 1 deletion(-)
Merging apm/for-next (53675abbd1e5 x86, apm: Remove unused variable)
$ git merge apm/for-next
Already up-to-date.
Merging cpupowerutils/master (f16603386b38 cpupower tools: add install target to the debug tools' makefiles)
$ git merge cpupowerutils/master
Already up-to-date.
Merging thermal/next (47d104ba5879 Merge branches 'exynos-fix', 'for-rc', 'int3403-fix', 'misc', 'rcar-thermal' and 'sti-thermal' of .git into next)
$ git merge thermal/next
Merge made by the 'recursive' strategy.
 .../devicetree/bindings/thermal/exynos-thermal.txt |   1 +
 .../devicetree/bindings/thermal/rcar-thermal.txt   |  18 +-
 .../devicetree/bindings/thermal/st-thermal.txt     |  42 +++
 drivers/thermal/Kconfig                            |   7 +-
 drivers/thermal/Makefile                           |   1 +
 drivers/thermal/cpu_cooling.c                      |   2 +-
 drivers/thermal/int3403_thermal.c                  |  67 ++++-
 drivers/thermal/samsung/exynos_tmu.c               |  11 +-
 drivers/thermal/samsung/exynos_tmu.h               |   3 +-
 drivers/thermal/samsung/exynos_tmu_data.c          |  89 ++++++
 drivers/thermal/samsung/exynos_tmu_data.h          |   7 +
 drivers/thermal/st/Kconfig                         |  12 +
 drivers/thermal/st/Makefile                        |   3 +
 drivers/thermal/st/st_thermal.c                    | 313 +++++++++++++++++++++
 drivers/thermal/st/st_thermal.h                    | 104 +++++++
 drivers/thermal/st/st_thermal_memmap.c             | 209 ++++++++++++++
 drivers/thermal/st/st_thermal_syscfg.c             | 179 ++++++++++++
 include/linux/thermal.h                            |  46 ++-
 18 files changed, 1093 insertions(+), 21 deletions(-)
 create mode 100644 Documentation/devicetree/bindings/thermal/st-thermal.txt
 create mode 100644 drivers/thermal/st/Kconfig
 create mode 100644 drivers/thermal/st/Makefile
 create mode 100644 drivers/thermal/st/st_thermal.c
 create mode 100644 drivers/thermal/st/st_thermal.h
 create mode 100644 drivers/thermal/st/st_thermal_memmap.c
 create mode 100644 drivers/thermal/st/st_thermal_syscfg.c
Merging ieee1394/for-next (d584a6627994 firewire: ohci: disable MSI for VIA VT6315 again)
$ git merge ieee1394/for-next
Already up-to-date.
Merging dlm/next (883854c5457a dlm: keep listening connection alive with sctp mode)
$ git merge dlm/next
Already up-to-date.
Merging swiotlb/linux-next (8e0629c1d4ce swiotlb: don't assume PA 0 is invalid)
$ git merge swiotlb/linux-next
Already up-to-date.
Merging slave-dma/next (a0bbe990c161 dmaengine: sun6i: depends on RESET_CONTROLLER)
$ git merge slave-dma/next
Resolved 'drivers/dma/Makefile' using previous resolution.
Auto-merging include/linux/platform_data/dma-imx.h
Auto-merging include/linux/dmaengine.h
Auto-merging drivers/dma/edma.c
Auto-merging drivers/dma/Makefile
CONFLICT (content): Merge conflict in drivers/dma/Makefile
Auto-merging drivers/dma/Kconfig
Automatic merge failed; fix conflicts and then commit the result.
$ git commit -v -a
[master f5a04ee9e71e] Merge remote-tracking branch 'slave-dma/next'
$ git diff -M --stat --summary HEAD^..
 .../devicetree/bindings/dma/fsl-imx-sdma.txt       |    1 +
 .../devicetree/bindings/dma/mpc512x-dma.txt        |   29 +
 Documentation/devicetree/bindings/dma/nbpfaxi.txt  |   61 +
 .../devicetree/bindings/dma/renesas,rcar-dmac.txt  |   98 ++
 .../devicetree/bindings/dma/ste-dma40.txt          |   74 +-
 .../devicetree/bindings/dma/sun6i-dma.txt          |   45 +
 Documentation/dmaengine.txt                        |   17 +-
 arch/arm/common/edma.c                             |   31 +-
 arch/powerpc/boot/dts/mpc5121.dtsi                 |    1 +
 drivers/dma/Kconfig                                |   17 +
 drivers/dma/Makefile                               |    6 +-
 drivers/dma/TODO                                   |    1 -
 drivers/dma/amba-pl08x.c                           |    6 +-
 drivers/dma/at_hdmac.c                             |   15 +-
 drivers/dma/bcm2835-dma.c                          |    2 +-
 drivers/dma/dma-jz4740.c                           |    4 +-
 drivers/dma/dw/core.c                              |   42 +-
 drivers/dma/edma.c                                 |   23 +-
 drivers/dma/ep93xx_dma.c                           |    4 +-
 drivers/dma/fsl-edma.c                             |    8 +-
 drivers/dma/fsldma.c                               |  297 +++-
 drivers/dma/fsldma.h                               |   32 +-
 drivers/dma/imx-dma.c                              |    2 +-
 drivers/dma/imx-sdma.c                             |   17 +-
 drivers/dma/ipu/ipu_idmac.c                        |   14 +-
 drivers/dma/mmp_pdma.c                             |    2 +-
 drivers/dma/mmp_tdma.c                             |    2 +-
 drivers/dma/mpc512x_dma.c                          |   13 +-
 drivers/dma/mxs-dma.c                              |   10 +-
 drivers/dma/nbpfaxi.c                              | 1517 ++++++++++++++++++++
 drivers/dma/of-dma.c                               |   35 +
 drivers/dma/omap-dma.c                             |    3 +-
 drivers/dma/pl330.c                                |  964 +++++--------
 drivers/dma/qcom_bam_dma.c                         |   20 +-
 drivers/dma/s3c24xx-dma.c                          |    3 +-
 drivers/dma/sa11x0-dma.c                           |    2 +-
 drivers/dma/sh/Kconfig                             |   24 +-
 drivers/dma/sh/Makefile                            |   16 +-
 drivers/dma/sh/shdma-base.c                        |  103 +-
 drivers/dma/sh/shdma.h                             |    2 +-
 drivers/dma/sirf-dma.c                             |    2 +-
 drivers/dma/ste_dma40.c                            |    3 +-
 drivers/dma/sun6i-dma.c                            | 1053 ++++++++++++++
 drivers/dma/tegra20-apb-dma.c                      |    2 +-
 include/dt-bindings/dma/nbpfaxi.h                  |   20 +
 include/linux/dmaengine.h                          |    5 +-
 include/linux/of_dma.h                             |    4 +
 include/linux/platform_data/dma-imx.h              |    1 +
 include/linux/platform_data/edma.h                 |    2 +
 49 files changed, 3808 insertions(+), 847 deletions(-)
 create mode 100644 Documentation/devicetree/bindings/dma/mpc512x-dma.txt
 create mode 100644 Documentation/devicetree/bindings/dma/nbpfaxi.txt
 create mode 100644 Documentation/devicetree/bindings/dma/renesas,rcar-dmac.txt
 create mode 100644 Documentation/devicetree/bindings/dma/sun6i-dma.txt
 create mode 100644 drivers/dma/nbpfaxi.c
 create mode 100644 drivers/dma/sun6i-dma.c
 create mode 100644 include/dt-bindings/dma/nbpfaxi.h
Merging dmaengine/next (fbeec99ad5c0 dma: mv_xor: Rename __mv_xor_slot_cleanup() to mv_xor_slot_cleanup())
$ git merge dmaengine/next
Auto-merging drivers/dma/mv_xor.c
Merge made by the 'recursive' strategy.
 drivers/dma/ioat/dca.c    | 13 ++++----
 drivers/dma/ioat/dma.c    |  2 +-
 drivers/dma/ioat/dma_v3.c |  6 ++--
 drivers/dma/mv_xor.c      | 80 +++++++++++++++++++++++++++++++++++++----------
 4 files changed, 74 insertions(+), 27 deletions(-)
Merging net-next/master (33caee39925b Merge branch 'akpm' (patchbomb from Andrew Morton))
$ git merge net-next/master
Already up-to-date.
Merging ipsec-next/master (1759389e8af4 xfrm4: Remove duplicate semicolon)
$ git merge ipsec-next/master
Already up-to-date.
Merging wireless-next/master (33caee39925b Merge branch 'akpm' (patchbomb from Andrew Morton))
$ git merge wireless-next/master
Already up-to-date.
Merging bluetooth/master (dabae9ad33f9 mac802154: common tx error path)
$ git merge bluetooth/master
Auto-merging MAINTAINERS
Merge made by the 'recursive' strategy.
 MAINTAINERS                      |   9 +-
 drivers/bluetooth/ath3k.c        |   2 +
 drivers/bluetooth/btusb.c        |   1 +
 drivers/bluetooth/hci_h5.c       |   2 +-
 include/net/bluetooth/hci_core.h |   8 +-
 include/net/bluetooth/l2cap.h    |  33 +-
 net/bluetooth/6lowpan.c          |  10 +-
 net/bluetooth/hci_core.c         |  71 +++-
 net/bluetooth/hci_event.c        |  11 +-
 net/bluetooth/l2cap_core.c       | 296 ++++++++--------
 net/bluetooth/l2cap_sock.c       |  15 +-
 net/bluetooth/mgmt.c             | 124 +++----
 net/bluetooth/smp.c              | 726 ++++++++++++++++++++++++++-------------
 net/bluetooth/smp.h              |  10 +-
 net/ieee802154/6lowpan_rtnl.c    |   8 -
 net/mac802154/rx.c               |   5 +-
 net/mac802154/tx.c               |  15 +-
 net/mac802154/wpan.c             |  10 +-
 18 files changed, 807 insertions(+), 549 deletions(-)
Merging infiniband/for-next (27eab9092207 Merge branches 'core', 'cxgb4', 'ipoib', 'iser', 'iwcm', 'mad', 'mlx4', 'ocrdma' and 'srp' into for-next)
$ git merge infiniband/for-next
Resolved 'include/linux/mlx4/device.h' using previous resolution.
Auto-merging include/linux/mlx4/device.h
CONFLICT (content): Merge conflict in include/linux/mlx4/device.h
Auto-merging drivers/scsi/scsi_transport_srp.c
Auto-merging drivers/net/ethernet/mellanox/mlx4/mlx4.h
Auto-merging drivers/net/ethernet/mellanox/mlx4/main.c
Auto-merging drivers/net/ethernet/emulex/benet/be_main.c
Auto-merging drivers/net/ethernet/emulex/benet/be.h
Auto-merging drivers/infiniband/ulp/ipoib/ipoib_main.c
Auto-merging drivers/infiniband/hw/cxgb4/t4.h
Auto-merging drivers/infiniband/hw/cxgb4/qp.c
Auto-merging drivers/infiniband/hw/cxgb4/ev.c
Automatic merge failed; fix conflicts and then commit the result.
$ git commit -v -a
[master 2bebdc478434] Merge remote-tracking branch 'infiniband/for-next'
$ git diff -M --stat --summary HEAD^..
 Documentation/infiniband/user_mad.txt              |  13 +-
 drivers/infiniband/core/agent.c                    |  16 +-
 drivers/infiniband/core/cm.c                       |   5 +-
 drivers/infiniband/core/iwcm.c                     |  27 ++
 drivers/infiniband/core/mad.c                      | 283 +++++++++++++-------
 drivers/infiniband/core/mad_priv.h                 |   3 -
 drivers/infiniband/core/sa_query.c                 |   2 +-
 drivers/infiniband/core/user_mad.c                 | 188 +++++++++++--
 drivers/infiniband/core/uverbs.h                   |   1 +
 drivers/infiniband/core/uverbs_cmd.c               |  93 +++++++
 drivers/infiniband/core/uverbs_main.c              |   1 +
 drivers/infiniband/hw/cxgb4/ev.c                   |   1 +
 drivers/infiniband/hw/cxgb4/qp.c                   |  37 ++-
 drivers/infiniband/hw/cxgb4/t4.h                   |  11 +
 drivers/infiniband/hw/ipath/ipath_mad.c            |  14 +-
 drivers/infiniband/hw/mlx4/mad.c                   |   2 +-
 drivers/infiniband/hw/mlx4/main.c                  |   2 +
 drivers/infiniband/hw/mlx4/mlx4_ib.h               |   4 +
 drivers/infiniband/hw/mlx4/mr.c                    |  88 +++++-
 drivers/infiniband/hw/mthca/mthca_mad.c            |   2 +-
 drivers/infiniband/hw/ocrdma/ocrdma.h              |  26 +-
 drivers/infiniband/hw/ocrdma/ocrdma_ah.c           |   6 +-
 drivers/infiniband/hw/ocrdma/ocrdma_hw.c           | 227 ++++++++++++++--
 drivers/infiniband/hw/ocrdma/ocrdma_hw.h           |   2 +
 drivers/infiniband/hw/ocrdma/ocrdma_main.c         |  83 +++++-
 drivers/infiniband/hw/ocrdma/ocrdma_sli.h          | 295 ++++++++++++++++-----
 drivers/infiniband/hw/ocrdma/ocrdma_verbs.c        |  36 ++-
 drivers/infiniband/hw/qib/qib_mad.c                |   2 +-
 drivers/infiniband/ulp/ipoib/ipoib.h               |   8 +-
 drivers/infiniband/ulp/ipoib/ipoib_ib.c            | 133 ++++------
 drivers/infiniband/ulp/ipoib/ipoib_main.c          |   9 +-
 drivers/infiniband/ulp/iser/iscsi_iser.c           |  47 ++--
 drivers/infiniband/ulp/iser/iscsi_iser.h           |   8 +-
 drivers/infiniband/ulp/iser/iser_verbs.c           | 128 ++++++---
 drivers/infiniband/ulp/srp/ib_srp.c                |  48 +++-
 drivers/infiniband/ulp/srpt/ib_srpt.c              |   2 +-
 drivers/net/ethernet/emulex/benet/be.h             |   1 +
 drivers/net/ethernet/emulex/benet/be_main.c        |   1 +
 drivers/net/ethernet/emulex/benet/be_roce.c        |  18 +-
 drivers/net/ethernet/emulex/benet/be_roce.h        |   3 +-
 drivers/net/ethernet/mellanox/mlx4/cmd.c           |   9 +
 drivers/net/ethernet/mellanox/mlx4/fw.c            |  91 ++++++-
 drivers/net/ethernet/mellanox/mlx4/main.c          |   5 +
 drivers/net/ethernet/mellanox/mlx4/mlx4.h          |   3 +
 drivers/net/ethernet/mellanox/mlx4/mr.c            | 160 +++++++++++
 .../net/ethernet/mellanox/mlx4/resource_tracker.c  |  26 +-
 drivers/scsi/scsi_transport_srp.c                  |   3 +-
 include/linux/mlx4/cmd.h                           |   7 +
 include/linux/mlx4/device.h                        |  17 ++
 include/rdma/ib_mad.h                              |  18 +-
 include/rdma/ib_verbs.h                            |  10 +-
 include/uapi/rdma/ib_user_mad.h                    |  42 +++
 include/uapi/rdma/ib_user_verbs.h                  |  16 ++
 53 files changed, 1839 insertions(+), 444 deletions(-)
Merging mtd/master (2a500afe1e0e mtd: gpmi: make blockmark swapping optional)
$ git merge mtd/master
Already up-to-date.
Merging l2-mtd/master (2a500afe1e0e mtd: gpmi: make blockmark swapping optional)
$ git merge l2-mtd/master
Already up-to-date.
Merging crypto/master (ce5481d01f67 crypto: drbg - fix failure of generating multiple of 2**16 bytes)
$ git merge crypto/master
Already up-to-date.
Merging drm/drm-next (7963e9db1b1f Revert "drm: drop redundant drm_file->is_master")
$ git merge drm/drm-next
Already up-to-date.
Merging drm-panel/drm/panel/for-next (9746c61960b6 drm/panel: simple: Use devm_gpiod_get_optional())
$ git merge drm-panel/drm/panel/for-next
Already up-to-date.
Merging drm-intel/for-linux-next (be71eabebaf9 Revert "drm/i915: Enable semaphores on BDW")
$ git merge drm-intel/for-linux-next
Already up-to-date.
Merging drm-tegra/drm/tegra/for-next (ef70728c7a65 drm/tegra: add MODULE_DEVICE_TABLEs)
$ git merge drm-tegra/drm/tegra/for-next
Already up-to-date.
Merging sound/for-next (e24aa0a4c5ac ALSA: hda/ca0132 - Don't try loading firmware at resume when already failed)
$ git merge sound/for-next
Already up-to-date.
Merging sound-asoc/for-next (34c21990df4c Merge remote-tracking branches 'asoc/fix/fsl' and 'asoc/fix/intel' into asoc-linus)
$ git merge sound-asoc/for-next
Auto-merging MAINTAINERS
Merge made by the 'recursive' strategy.
 MAINTAINERS                        |  3 +++
 sound/soc/intel/sst-acpi.c         |  4 ++--
 sound/soc/intel/sst-baytrail-ipc.c | 10 +--------
 sound/soc/intel/sst-baytrail-ipc.h |  1 -
 sound/soc/intel/sst-baytrail-pcm.c | 43 +++++++++++++-------------------------
 sound/soc/soc-dapm.c               | 12 ++++++-----
 6 files changed, 28 insertions(+), 45 deletions(-)
Merging modules/modules-next (76215b04fd29 arch/powerpc/platforms/powernv/opal-dump.c: fix world-writable sysfs files)
$ git merge modules/modules-next
Already up-to-date.
Merging virtio/virtio-next (eeec626366ff Revert "hwrng: virtio - ensure reads happen after successful probe")
$ git merge virtio/virtio-next
Already up-to-date.
Merging input/next (23526d94977a Input: cap1106 - allow changing key mapping from userspace)
$ git merge input/next
Auto-merging drivers/input/mouse/synaptics.c
Merge made by the 'recursive' strategy.
 drivers/input/input-mt.c                 | 38 ++++++++++++-----
 drivers/input/keyboard/cap1106.c         |  8 +++-
 drivers/input/mouse/synaptics.c          | 72 ++++++++++++++++++++++++++++++--
 drivers/input/touchscreen/atmel_mxt_ts.c |  8 ++--
 include/linux/input/mt.h                 |  1 +
 5 files changed, 109 insertions(+), 18 deletions(-)
Merging input-mt/for-next (5e01dc7b26d9 Linux 3.12)
$ git merge input-mt/for-next
Already up-to-date.
Merging block/for-next (69c04606d985 Merge branch 'for-3.17/core' into for-next)
$ git merge block/for-next
Resolved 'include/scsi/sg.h' using previous resolution.
Auto-merging include/scsi/sg.h
CONFLICT (content): Merge conflict in include/scsi/sg.h
Auto-merging drivers/block/drbd/drbd_nl.c
Auto-merging block/compat_ioctl.c
Automatic merge failed; fix conflicts and then commit the result.
$ git commit -v -a
[master c6f9bef96ded] Merge remote-tracking branch 'block/for-next'
$ git diff -M --stat --summary HEAD^..
 block/bio-integrity.c              |  12 +-
 block/blk-core.c                   |  13 +-
 block/blk-mq.c                     |  81 ++--
 block/blk-mq.h                     |   2 +-
 block/blk-sysfs.c                  |   2 +-
 block/compat_ioctl.c               |   6 +-
 block/ioctl.c                      |   5 +-
 block/partitions/aix.c             |   4 +-
 block/partitions/amiga.c           |  12 +-
 block/partitions/efi.c             |  46 +-
 block/partitions/msdos.c           |  13 +-
 block/scsi_ioctl.c                 |  20 +-
 drivers/block/drbd/Makefile        |   1 +
 drivers/block/drbd/drbd_actlog.c   | 518 ++++++++------------
 drivers/block/drbd/drbd_bitmap.c   | 150 ++----
 drivers/block/drbd/drbd_debugfs.c  | 958 +++++++++++++++++++++++++++++++++++++
 drivers/block/drbd/drbd_debugfs.h  |  39 ++
 drivers/block/drbd/drbd_int.h      | 383 ++++++++++-----
 drivers/block/drbd/drbd_interval.h |   4 +-
 drivers/block/drbd/drbd_main.c     | 302 +++++-------
 drivers/block/drbd/drbd_nl.c       | 110 +++--
 drivers/block/drbd/drbd_proc.c     | 125 +++--
 drivers/block/drbd/drbd_receiver.c | 316 ++++++++----
 drivers/block/drbd/drbd_req.c      | 527 +++++++++++++-------
 drivers/block/drbd/drbd_req.h      |   1 +
 drivers/block/drbd/drbd_state.c    |  90 ++--
 drivers/block/drbd/drbd_worker.c   | 348 +++++++++++---
 drivers/block/virtio_blk.c         | 104 +++-
 drivers/md/bcache/alloc.c          |   2 +-
 drivers/md/bcache/bcache.h         |   4 +
 drivers/md/bcache/bset.c           |   2 +-
 drivers/md/bcache/bset.h           |   2 +-
 drivers/md/bcache/btree.c          |  50 +-
 drivers/md/bcache/btree.h          |   5 +-
 drivers/md/bcache/extents.c        |  13 +-
 drivers/md/bcache/extents.h        |   1 +
 drivers/md/bcache/journal.c        |  24 +-
 drivers/md/bcache/request.c        |   3 +-
 drivers/md/bcache/super.c          |  57 ++-
 drivers/md/bcache/util.h           |   4 +-
 drivers/md/bcache/writeback.c      |  14 +-
 drivers/md/bcache/writeback.h      |   3 +-
 include/linux/bio.h                |   1 +
 include/linux/blkdev.h             |   4 +-
 include/linux/drbd.h               |   4 +-
 include/linux/drbd_genl.h          |   4 +
 include/linux/drbd_limits.h        |   6 +
 include/scsi/sg.h                  |   4 +-
 include/trace/events/bcache.h      |  21 +-
 include/uapi/linux/bsg.h           |  11 +-
 include/uapi/linux/virtio_blk.h    |   5 +
 lib/lru_cache.c                    |  23 +-
 52 files changed, 3038 insertions(+), 1421 deletions(-)
 create mode 100644 drivers/block/drbd/drbd_debugfs.c
 create mode 100644 drivers/block/drbd/drbd_debugfs.h
Merging device-mapper/for-next (465a3d61c229 dm crypt: sort writes)
$ git merge device-mapper/for-next
Merge made by the 'recursive' strategy.
 Documentation/device-mapper/switch.txt |  12 +
 block/bio.c                            |   3 +-
 drivers/md/dm-cache-metadata.c         |   4 +-
 drivers/md/dm-cache-metadata.h         |   8 +-
 drivers/md/dm-cache-target.c           | 128 +++++++----
 drivers/md/dm-crypt.c                  | 401 +++++++++++++++++----------------
 drivers/md/dm-io.c                     |  77 ++++---
 drivers/md/dm-mpath.c                  |   6 +-
 drivers/md/dm-switch.c                 |  67 +++++-
 drivers/md/dm-table.c                  |  86 ++++---
 drivers/md/dm-thin.c                   | 181 ++++++++++-----
 drivers/md/dm.h                        |   1 -
 12 files changed, 590 insertions(+), 384 deletions(-)
Merging embedded/master (4744b43431e8 embedded: fix vc_translate operator precedence)
$ git merge embedded/master
Already up-to-date.
Merging firmware/master (6e03a201bbe8 firmware: speed up request_firmware(), v3)
$ git merge firmware/master
Already up-to-date.
Merging pcmcia/master (80af9e6d7ae6 pcmcia at91_cf: fix raw gpio number usage)
$ git merge pcmcia/master
Already up-to-date.
Merging mmc/mmc-next (11bc9381b277 mmc: sdhci-s3c: use mmc_of_parse and remove the card_tasklet)
$ git merge mmc/mmc-next
Already up-to-date.
Merging mmc-uh/next (c83c8737e3ed mmc: dw_mmc: modify the dt-binding for removing slot-node and supports-highspeed)
$ git merge mmc-uh/next
Merge made by the 'recursive' strategy.
 .../devicetree/bindings/mmc/exynos-dw-mshc.txt     |  17 +-
 .../devicetree/bindings/mmc/k3-dw-mshc.txt         |  12 +-
 Documentation/devicetree/bindings/mmc/mmc.txt      |   4 +-
 .../devicetree/bindings/mmc/renesas,mmcif.txt      |  32 +++
 .../devicetree/bindings/mmc/sdhci-msm.txt          |   8 +-
 Documentation/devicetree/bindings/mmc/sdhci-st.txt |  33 +++
 .../devicetree/bindings/mmc/synopsys-dw-mshc.txt   |  12 +-
 .../devicetree/bindings/mmc/ti-omap-hsmmc.txt      |  54 ++++
 Documentation/devicetree/bindings/mmc/tmio_mmc.txt |   1 +
 drivers/mmc/card/block.c                           |   6 +-
 drivers/mmc/core/bus.c                             |  10 +-
 drivers/mmc/core/core.c                            |   3 +-
 drivers/mmc/core/mmc.c                             |  11 +-
 drivers/mmc/core/quirks.c                          |   2 +-
 drivers/mmc/core/sd_ops.c                          |   3 +
 drivers/mmc/host/Kconfig                           |  28 +-
 drivers/mmc/host/Makefile                          |   1 +
 drivers/mmc/host/dw_mmc.c                          |  98 +++++--
 drivers/mmc/host/dw_mmc.h                          |   5 +
 drivers/mmc/host/mmci.c                            | 168 ++++++++++--
 drivers/mmc/host/mmci.h                            |  20 ++
 drivers/mmc/host/moxart-mmc.c                      |   1 -
 drivers/mmc/host/mxs-mmc.c                         |   3 +-
 drivers/mmc/host/omap_hsmmc.c                      | 283 +++++++++++++++++++--
 drivers/mmc/host/s3cmci.c                          | 186 ++++----------
 drivers/mmc/host/s3cmci.h                          |   4 +-
 drivers/mmc/host/sdhci-acpi.c                      |   4 +-
 drivers/mmc/host/sdhci-msm.c                       |   1 -
 drivers/mmc/host/sdhci-pci.c                       |  38 +--
 drivers/mmc/host/sdhci-pci.h                       |   1 +
 drivers/mmc/host/sdhci-pxav3.c                     |  13 +-
 drivers/mmc/host/sdhci-st.c                        | 176 +++++++++++++
 drivers/mmc/host/sdhci-tegra.c                     |   2 -
 drivers/mmc/host/sdhci.c                           | 144 +++++------
 drivers/mmc/host/sh_mmcif.c                        |  96 +++----
 drivers/mmc/host/tmio_mmc_dma.c                    |   2 +
 drivers/mmc/host/wmt-sdmmc.c                       |  33 ++-
 include/linux/mmc/dw_mmc.h                         |   2 +
 include/linux/mmc/sdhci.h                          |   3 -
 include/linux/platform_data/mmc-omap.h             |   1 +
 40 files changed, 1050 insertions(+), 471 deletions(-)
 create mode 100644 Documentation/devicetree/bindings/mmc/renesas,mmcif.txt
 create mode 100644 Documentation/devicetree/bindings/mmc/sdhci-st.txt
 create mode 100644 drivers/mmc/host/sdhci-st.c
Merging kgdb/kgdb-next (6bedf31c25dd kdb: Remove unhandled ssb command)
$ git merge kgdb/kgdb-next
Merge made by the 'recursive' strategy.
Merging uclinux/for-next (6dbe51c251a3 Linux 3.9-rc1)
$ git merge uclinux/for-next
Already up-to-date.
Merging md/for-next (d66b1b395a59 md: don't allow bitmap file to be added to raid0/linear.)
$ git merge md/for-next
Merge made by the 'recursive' strategy.
 drivers/md/md.c     | 13 +++++++------
 drivers/md/raid0.c  |  6 ++++++
 drivers/md/raid1.c  |  8 ++++----
 drivers/md/raid10.c | 11 +++++------
 4 files changed, 22 insertions(+), 16 deletions(-)
Merging mfd/for-mfd-next (7caa79917ad4 MAINTAINERS: Update MFD repo location)
$ git merge mfd/for-mfd-next
Already up-to-date.
Merging backlight/for-backlight-next (87464cdba2ae backlight: ipaq_micro: Fix sparse non static symbol warning)
$ git merge backlight/for-backlight-next
Already up-to-date.
Merging battery/master (5e37195f30cc ipaq_micro_battery: fix sparse non static symbol warning)
$ git merge battery/master
Already up-to-date.
Merging fbdev/for-next (718b90ac4c21 video: xilinxfb: Simplify error path)
$ git merge fbdev/for-next
Already up-to-date.
Merging viafb/viafb-next (838ac785d521 viafb: avoid refresh and mode lookup in set_par)
$ git merge viafb/viafb-next
Already up-to-date.
Merging omap_dss2/for-next (be92abea827b Merge branch '3.17/hdmi-infoframe' into for-next)
$ git merge omap_dss2/for-next
Already up-to-date.
Merging regulator/for-next (1390d0ecf318 Merge remote-tracking branch 'regulator/fix/tps65090' into regulator-linus)
$ git merge regulator/for-next
Merge made by the 'recursive' strategy.
 Documentation/devicetree/bindings/regulator/tps65090.txt | 4 ++--
 1 file changed, 2 insertions(+), 2 deletions(-)
Merging security/next (478d085524c5 Merge tag 'keys-next-20140805' of git://git.kernel.org/pub/scm/linux/kernel/git/dhowells/linux-fs into next)
$ git merge security/next
Already up-to-date.
Merging integrity/next (e27319cdf468 ima: provide double buffering for hash calculation)
$ git merge integrity/next
Resolved 'Documentation/kernel-parameters.txt' using previous resolution.
Resolved 'crypto/asymmetric_keys/x509_public_key.c' using previous resolution.
Resolved 'include/linux/key.h' using previous resolution.
Auto-merging include/linux/key.h
CONFLICT (content): Merge conflict in include/linux/key.h
Auto-merging crypto/asymmetric_keys/x509_public_key.c
CONFLICT (content): Merge conflict in crypto/asymmetric_keys/x509_public_key.c
Auto-merging Documentation/kernel-parameters.txt
CONFLICT (content): Merge conflict in Documentation/kernel-parameters.txt
Automatic merge failed; fix conflicts and then commit the result.
$ git commit -v -a
[master 0d5ca7f39625] Merge remote-tracking branch 'integrity/next'
$ git diff -M --stat --summary HEAD^..
Merging selinux/next (aa9e0de81b5b Merge tag 'v3.16' into next)
$ git merge selinux/next
Already up-to-date!
Merge made by the 'recursive' strategy.
Merging lblnet/next (d8ec26d7f828 Linux 3.13)
$ git merge lblnet/next
Already up-to-date.
Merging watchdog/master (8083baba5e9c wdt: sunxi: Move restart code to the watchdog driver)
$ git merge watchdog/master
Merge made by the 'recursive' strategy.
Merging iommu/next (4c5e9d9f0ddf Merge branches 'x86/vt-d', 'x86/amd', 'arm/omap', 'ppc/pamu', 'arm/smmu', 'arm/exynos' and 'core' into next)
$ git merge iommu/next
Already up-to-date.
Merging dwmw2-iommu/master (1860e379875d Linux 3.15)
$ git merge dwmw2-iommu/master
Already up-to-date.
Merging vfio/next (9b936c960f22 drivers/vfio: Enable VFIO if EEH is not supported)
$ git merge vfio/next
Merge made by the 'recursive' strategy.
 drivers/vfio/Kconfig                |   6 ++
 drivers/vfio/Makefile               |   2 +-
 drivers/vfio/pci/vfio_pci.c         | 161 ++++++++++++++++++++++++++++++++----
 drivers/vfio/pci/vfio_pci_private.h |   3 +-
 drivers/vfio/vfio_spapr_eeh.c       |  17 +++-
 include/linux/vfio.h                |   6 +-
 6 files changed, 170 insertions(+), 25 deletions(-)
Merging osd/linux-next (ce5d36aac26c ore: Support for raid 6)
$ git merge osd/linux-next
Already up-to-date.
Merging jc_docs/docs-next (5c050fb96380 docs: update the development process document)
$ git merge jc_docs/docs-next
Already up-to-date.
Merging trivial/for-next (51a7097426f2 doc: fix two typos in watchdog-api.txt)
$ git merge trivial/for-next
Already up-to-date.
Merging audit/master (3efe33f5d2da audit: x86: drop arch from __audit_syscall_entry() interface)
$ git merge audit/master
Resolved 'arch/mips/include/asm/syscall.h' using previous resolution.
Resolved 'arch/mips/kernel/ptrace.c' using previous resolution.
Resolved 'arch/powerpc/Kconfig' using previous resolution.
Resolved 'arch/x86/Kconfig' using previous resolution.
Resolved 'kernel/audit.c' using previous resolution.
Auto-merging kernel/auditsc.c
Auto-merging kernel/audit.c
CONFLICT (content): Merge conflict in kernel/audit.c
Auto-merging include/uapi/linux/audit.h
Auto-merging arch/x86/kernel/ptrace.c
Auto-merging arch/x86/kernel/entry_64.S
Auto-merging arch/x86/kernel/entry_32.S
Auto-merging arch/x86/Kconfig
CONFLICT (content): Merge conflict in arch/x86/Kconfig
Auto-merging arch/um/kernel/ptrace.c
Auto-merging arch/s390/kernel/ptrace.c
Auto-merging arch/powerpc/Kconfig
CONFLICT (content): Merge conflict in arch/powerpc/Kconfig
Auto-merging arch/mips/kernel/ptrace.c
CONFLICT (content): Merge conflict in arch/mips/kernel/ptrace.c
Auto-merging arch/mips/include/asm/syscall.h
CONFLICT (content): Merge conflict in arch/mips/include/asm/syscall.h
Auto-merging arch/arm/kernel/ptrace.c
Automatic merge failed; fix conflicts and then commit the result.
$ git commit -v -a
[master 5ae710406559] Merge remote-tracking branch 'audit/master'
$ git diff -M --stat --summary HEAD^..
 arch/alpha/include/asm/syscall.h        | 11 +++++++++++
 arch/alpha/kernel/ptrace.c              |  2 +-
 arch/arm/kernel/ptrace.c                |  4 ++--
 arch/ia64/include/asm/syscall.h         |  6 ++++++
 arch/ia64/kernel/ptrace.c               |  2 +-
 arch/microblaze/include/asm/syscall.h   |  5 +++++
 arch/microblaze/kernel/ptrace.c         |  3 +--
 arch/mips/include/asm/syscall.h         |  2 +-
 arch/mips/kernel/ptrace.c               |  4 +---
 arch/openrisc/include/asm/syscall.h     |  5 +++++
 arch/openrisc/kernel/ptrace.c           |  3 +--
 arch/parisc/include/asm/syscall.h       | 11 +++++++++++
 arch/parisc/kernel/ptrace.c             |  9 +++------
 arch/powerpc/include/asm/syscall.h      |  6 ++++++
 arch/powerpc/kernel/ptrace.c            |  7 ++-----
 arch/s390/kernel/ptrace.c               |  4 +---
 arch/sh/include/asm/syscall_32.h        | 10 ++++++++++
 arch/sh/include/asm/syscall_64.h        | 14 ++++++++++++++
 arch/sh/kernel/ptrace_32.c              | 14 +-------------
 arch/sh/kernel/ptrace_64.c              | 17 +----------------
 arch/sparc/include/asm/syscall.h        |  7 +++++++
 arch/sparc/include/asm/thread_info_32.h |  2 ++
 arch/sparc/include/asm/thread_info_64.h |  2 ++
 arch/sparc/kernel/ptrace_64.c           |  9 ++-------
 arch/um/kernel/ptrace.c                 |  3 +--
 arch/x86/ia32/ia32entry.S               | 12 ++++++------
 arch/x86/kernel/entry_32.S              | 11 +++++------
 arch/x86/kernel/entry_64.S              | 11 +++++------
 arch/x86/kernel/ptrace.c                |  8 ++------
 arch/x86/um/asm/ptrace.h                |  4 ----
 arch/x86/um/asm/syscall.h               | 15 +++++++++++++++
 arch/xtensa/kernel/ptrace.c             |  2 +-
 include/asm-generic/syscall.h           |  2 +-
 include/linux/audit.h                   | 11 ++++++-----
 include/uapi/linux/audit.h              | 14 +-------------
 kernel/auditsc.c                        | 17 +++++++----------
 36 files changed, 147 insertions(+), 122 deletions(-)
 create mode 100644 arch/alpha/include/asm/syscall.h
 create mode 100644 arch/x86/um/asm/syscall.h
Merging fsnotify/for-next (1ca39ab9d21a inotify: automatically restart syscalls)
$ git merge fsnotify/for-next
Already up-to-date.
Merging devicetree/devicetree/next (663d3f7c2e5e Merge branch 'devicetree/next-overlay' into devicetree/next)
$ git merge devicetree/devicetree/next
Auto-merging drivers/tty/serial/serial_core.c
Auto-merging drivers/tty/serial/pmac_zilog.c
Removing drivers/of/testcase-data/testcases.dtsi
Auto-merging drivers/of/fdt.c
Auto-merging drivers/crypto/nx/nx-842.c
Auto-merging arch/powerpc/platforms/pseries/setup.c
Auto-merging arch/powerpc/platforms/powermac/feature.c
Auto-merging arch/powerpc/kernel/prom.c
Auto-merging arch/arm/boot/dts/versatile-pb.dts
Auto-merging arch/arm/boot/dts/versatile-ab.dts
Merge made by the 'recursive' strategy.
 Documentation/devicetree/changesets.txt         |  40 ++
 Documentation/devicetree/todo.txt               |  11 +
 arch/arm/boot/dts/versatile-ab.dts              |   4 +
 arch/arm/boot/dts/versatile-pb.dts              |   2 -
 arch/powerpc/kernel/prom.c                      |  70 ---
 arch/powerpc/platforms/powermac/feature.c       |  20 +-
 arch/powerpc/platforms/powermac/pci.c           |   2 +-
 arch/powerpc/platforms/powermac/smp.c           |   2 +-
 arch/powerpc/platforms/powermac/udbg_adb.c      |   2 +-
 arch/powerpc/platforms/pseries/hotplug-memory.c |   2 +-
 arch/powerpc/platforms/pseries/setup.c          |   3 +-
 drivers/cpufreq/pmac64-cpufreq.c                |   3 +-
 drivers/crypto/nx/nx-842.c                      |  30 +-
 drivers/edac/cell_edac.c                        |   3 +-
 drivers/of/Kconfig                              |   3 +-
 drivers/of/Makefile                             |   4 +-
 drivers/of/base.c                               | 451 +++++-----------
 drivers/of/device.c                             |   4 +-
 drivers/of/dynamic.c                            | 660 ++++++++++++++++++++++++
 drivers/of/fdt.c                                |  22 +-
 drivers/of/of_private.h                         |  59 ++-
 drivers/of/of_reserved_mem.c                    |  70 +++
 drivers/of/platform.c                           |  32 +-
 drivers/of/selftest.c                           | 235 +++++++++
 drivers/of/testcase-data/testcases.dts          |  15 +
 drivers/of/testcase-data/testcases.dtsi         |   4 -
 drivers/pci/hotplug/rpaphp_core.c               |   4 +-
 drivers/tty/ehv_bytechan.c                      |  43 +-
 drivers/tty/hvc/hvc_opal.c                      |  15 +-
 drivers/tty/hvc/hvc_vio.c                       |  29 +-
 drivers/tty/serial/pmac_zilog.c                 |   9 +-
 drivers/tty/serial/serial_core.c                |   3 +
 include/linux/of.h                              |  87 +++-
 include/linux/of_platform.h                     |   7 +-
 include/linux/of_reserved_mem.h                 |   7 +
 sound/ppc/pmac.c                                |   6 +-
 36 files changed, 1382 insertions(+), 581 deletions(-)
 create mode 100644 Documentation/devicetree/changesets.txt
 create mode 100644 Documentation/devicetree/todo.txt
 create mode 100644 drivers/of/dynamic.c
 create mode 100644 drivers/of/testcase-data/testcases.dts
 delete mode 100644 drivers/of/testcase-data/testcases.dtsi
Merging dt-rh/for-next (99de64984c3a OF: fix of_find_node_by_path() assumption that of_allnodes is root)
$ git merge dt-rh/for-next
Already up-to-date.
Merging spi/for-next (ad96973d3564 Merge remote-tracking branches 'spi/fix/omap-mcspi' and 'spi/fix/rspi' into spi-linus)
$ git merge spi/for-next
Merge made by the 'recursive' strategy.
 drivers/spi/spi-omap2-mcspi.c |  3 +-
 drivers/spi/spi-rspi.c        | 94 ++++++++++++++++++++++++++-----------------
 drivers/spi/spi-sh-msiof.c    | 71 +++++++++++++++++---------------
 3 files changed, 98 insertions(+), 70 deletions(-)
Merging tip/auto-latest (c3b35bef240a Merge branch 'x86/xsave')
$ git merge tip/auto-latest
Resolved 'kernel/trace/trace.c' using previous resolution.
Auto-merging kernel/trace/trace.c
CONFLICT (content): Merge conflict in kernel/trace/trace.c
Auto-merging arch/x86/Kconfig
Auto-merging Documentation/kernel-parameters.txt
Automatic merge failed; fix conflicts and then commit the result.
$ git commit -v -a
[master b3de59c33b33] Merge remote-tracking branch 'tip/auto-latest'
$ git diff -M --stat --summary HEAD^..
 Documentation/kernel-parameters.txt                |  15 +
 Documentation/x86/tlb.txt                          |   2 +-
 arch/x86/Kconfig                                   |   4 +-
 arch/x86/include/asm/alternative.h                 |  14 +
 arch/x86/include/asm/apic.h                        |  46 +-
 arch/x86/include/asm/fpu-internal.h                |   9 +-
 arch/x86/include/asm/hardirq.h                     |   3 -
 arch/x86/include/asm/i8259.h                       |   5 +
 arch/x86/include/asm/io_apic.h                     |  56 +-
 arch/x86/include/asm/mpspec.h                      |  15 -
 arch/x86/include/asm/processor.h                   |   4 +-
 arch/x86/include/asm/prom.h                        |   2 -
 arch/x86/include/asm/smpboot_hooks.h               |  10 +-
 arch/x86/include/asm/xsave.h                       | 223 ++++--
 arch/x86/kernel/acpi/boot.c                        | 400 ++++++-----
 arch/x86/kernel/apic/apic.c                        |  75 +-
 arch/x86/kernel/apic/apic_flat_64.c                |  16 -
 arch/x86/kernel/apic/apic_noop.c                   |  23 +-
 arch/x86/kernel/apic/apic_numachip.c               |   8 -
 arch/x86/kernel/apic/bigsmp_32.c                   |  14 -
 arch/x86/kernel/apic/io_apic.c                     | 759 +++++++++++++--------
 arch/x86/kernel/apic/probe_32.c                    |  33 +-
 arch/x86/kernel/apic/x2apic_cluster.c              |   8 -
 arch/x86/kernel/apic/x2apic_phys.c                 |   8 -
 arch/x86/kernel/apic/x2apic_uv_x.c                 |   8 -
 arch/x86/kernel/cpu/common.c                       |   8 +
 arch/x86/kernel/devicetree.c                       | 207 ++----
 arch/x86/kernel/i387.c                             |   2 +-
 arch/x86/kernel/irqinit.c                          |  12 +-
 arch/x86/kernel/mpparse.c                          | 111 +--
 arch/x86/kernel/process.c                          |   1 +
 arch/x86/kernel/smpboot.c                          |   8 -
 arch/x86/kernel/vsmp_64.c                          |   4 +-
 arch/x86/kernel/xsave.c                            | 118 +++-
 arch/x86/mm/tlb.c                                  |  10 +-
 arch/x86/pci/acpi.c                                |   6 +-
 arch/x86/pci/intel_mid_pci.c                       |  27 +-
 arch/x86/pci/irq.c                                 |  16 +-
 arch/x86/pci/xen.c                                 |   7 +-
 arch/x86/platform/ce4100/ce4100.c                  |  11 +-
 .../platform/intel-mid/device_libs/platform_wdt.c  |  22 +-
 arch/x86/platform/intel-mid/sfi.c                  |  56 +-
 arch/x86/platform/sfi/sfi.c                        |  10 +-
 drivers/acpi/pci_irq.c                             |   7 +-
 include/linux/jump_label.h                         |  17 +-
 kernel/kprobes.c                                   |  13 +-
 46 files changed, 1272 insertions(+), 1161 deletions(-)
Merging clockevents/clockevents/next (3252a646aa2c clocksource: exynos_mct: Only use 32-bits where possible)
$ git merge clockevents/clockevents/next
Already up-to-date.
Merging edac/linux_next (50d1bb93672f sb_edac: add support for Haswell based systems)
$ git merge edac/linux_next
Auto-merging drivers/edac/Kconfig
Merge made by the 'recursive' strategy.
 drivers/edac/Kconfig         |   4 +-
 drivers/edac/edac_mc_sysfs.c |   4 +-
 drivers/edac/sb_edac.c       | 810 +++++++++++++++++++++++++++++--------------
 include/linux/edac.h         |   5 +
 4 files changed, 551 insertions(+), 272 deletions(-)
Merging edac-amd/for-next (eba4bfb34d45 EDAC, MCE, AMD: Add MCE decoding for F15h M60h)
$ git merge edac-amd/for-next
Already up-to-date.
Merging irqchip/irqchip/for-next (c115d15552c0 Merge branch 'irqchip/atmel-aic' into irqchip/for-next)
$ git merge irqchip/irqchip/for-next
Resolved 'Documentation/devicetree/bindings/arm/gic.txt' using previous resolution.
Resolved 'arch/arm64/Kconfig' using previous resolution.
Resolved 'drivers/irqchip/irq-gic.c' using previous resolution.
Auto-merging drivers/irqchip/irq-gic.c
CONFLICT (content): Merge conflict in drivers/irqchip/irq-gic.c
Auto-merging drivers/irqchip/Kconfig
Auto-merging arch/arm64/Kconfig
CONFLICT (content): Merge conflict in arch/arm64/Kconfig
Auto-merging Documentation/devicetree/bindings/arm/gic.txt
CONFLICT (content): Merge conflict in Documentation/devicetree/bindings/arm/gic.txt
Automatic merge failed; fix conflicts and then commit the result.
$ git commit -v -a
[master 5b9c6b5d2d48] Merge remote-tracking branch 'irqchip/irqchip/for-next'
$ git diff -M --stat --summary HEAD^..
 Documentation/devicetree/bindings/arm/gic.txt |  20 +-
 arch/arm64/Kconfig                            |   3 +-
 drivers/irqchip/Kconfig                       |   7 +
 drivers/irqchip/Makefile                      |   1 +
 drivers/irqchip/irq-gic-v2m.c                 | 251 ++++++++++++++++++++++++++
 drivers/irqchip/irq-gic-v2m.h                 |  13 ++
 drivers/irqchip/irq-gic.c                     |  87 +++++----
 drivers/irqchip/irq-gic.h                     |  67 +++++++
 8 files changed, 408 insertions(+), 41 deletions(-)
 create mode 100644 drivers/irqchip/irq-gic-v2m.c
 create mode 100644 drivers/irqchip/irq-gic-v2m.h
 create mode 100644 drivers/irqchip/irq-gic.h
Merging ftrace/for-next (45ed695ac10a ARM64: add IPI tracepoints)
$ git merge ftrace/for-next
Already up-to-date.
Merging rcu/rcu/next (1c91efb24799 rcutorture: Specify CONFIG_CPUMASK_OFFSTACK=y for TREE07)
$ git merge rcu/rcu/next
Auto-merging kernel/rcu/rcutorture.c
Auto-merging init/main.c
Merge made by the 'recursive' strategy.
 Documentation/memory-barriers.txt                  |  20 +-
 include/linux/rcupdate.h                           |  46 +---
 init/main.c                                        |   1 +
 kernel/rcu/rcutorture.c                            |   2 +-
 kernel/rcu/tiny.c                                  |   4 +-
 kernel/rcu/tree.c                                  |  38 ++-
 kernel/rcu/tree.h                                  |   5 +-
 kernel/rcu/tree_plugin.h                           | 273 ++++++++++++++-------
 kernel/rcu/update.c                                |  32 +++
 .../selftests/rcutorture/bin/config2frag.sh        |   4 +-
 .../selftests/rcutorture/bin/configcheck.sh        |   4 +-
 .../testing/selftests/rcutorture/bin/configinit.sh |   4 +-
 .../testing/selftests/rcutorture/bin/functions.sh  |  20 ++
 .../testing/selftests/rcutorture/bin/kvm-build.sh  |   2 +-
 .../selftests/rcutorture/bin/kvm-recheck-lock.sh   |   2 +-
 .../selftests/rcutorture/bin/kvm-recheck-rcu.sh    |   2 +-
 .../selftests/rcutorture/bin/kvm-recheck.sh        |   2 +-
 .../selftests/rcutorture/bin/kvm-test-1-run.sh     |   3 +-
 tools/testing/selftests/rcutorture/bin/kvm.sh      |   6 +-
 .../selftests/rcutorture/bin/parse-build.sh        |   5 +-
 .../selftests/rcutorture/bin/parse-console.sh      |   5 +-
 .../selftests/rcutorture/bin/parse-torture.sh      |   5 +-
 .../selftests/rcutorture/configs/rcu/TREE01        |   4 +-
 .../selftests/rcutorture/configs/rcu/TREE01.boot   |   2 +-
 .../selftests/rcutorture/configs/rcu/TREE07        |   3 +-
 .../selftests/rcutorture/configs/rcu/TREE07.boot   |   1 +
 tools/testing/selftests/rcutorture/doc/initrd.txt  |   1 +
 27 files changed, 326 insertions(+), 170 deletions(-)
 mode change 100644 => 100755 tools/testing/selftests/rcutorture/bin/config2frag.sh
 mode change 100644 => 100755 tools/testing/selftests/rcutorture/bin/kvm.sh
 create mode 100644 tools/testing/selftests/rcutorture/configs/rcu/TREE07.boot
Merging uprobes/for-next (0326f5a94dde uprobes/core: Handle breakpoint and singlestep exceptions)
$ git merge uprobes/for-next
Already up-to-date.
Merging kvm/linux-next (c77dcacb3975 KVM: Move more code under CONFIG_HAVE_KVM_IRQFD)
$ git merge kvm/linux-next
Already up-to-date.
Merging kvm-arm/next (dedf97e8ff2c arm64: KVM: fix 64bit CP15 VM access for 32bit guests)
$ git merge kvm-arm/next
Already up-to-date.
Merging kvm-ppc/kvm-ppc-next (c77dcacb3975 KVM: Move more code under CONFIG_HAVE_KVM_IRQFD)
$ git merge kvm-ppc/kvm-ppc-next
Already up-to-date.
Merging oprofile/for-next (6ce4eac1f600 Linux 3.13-rc1)
$ git merge oprofile/for-next
Already up-to-date.
Merging fw-nohz/nohz/next (74876a98a87a printk: Wake up klogd using irq_work)
$ git merge fw-nohz/nohz/next
Already up-to-date.
Merging xen-tip/linux-next (e38230eb3789 xen/pciback: Remove tons of dereferences)
$ git merge xen-tip/linux-next
Auto-merging include/linux/device.h
Merge made by the 'recursive' strategy.
 drivers/xen/xen-pciback/passthrough.c | 14 +++++++++---
 drivers/xen/xen-pciback/pci_stub.c    | 42 +++++++++++++++++++----------------
 drivers/xen/xen-pciback/pciback.h     |  7 +++---
 drivers/xen/xen-pciback/vpci.c        | 14 +++++++++---
 drivers/xen/xen-pciback/xenbus.c      |  4 ++--
 include/linux/device.h                |  5 +++++
 6 files changed, 56 insertions(+), 30 deletions(-)
Merging percpu/for-next (a46e532a9145 Merge branch 'for-3.16-fixes' into for-next)
$ git merge percpu/for-next
Already up-to-date!
Merge made by the 'recursive' strategy.
Merging workqueues/for-next (ebb48ccd98d1 Merge branch 'for-3.17' into for-next)
$ git merge workqueues/for-next
Already up-to-date!
Merge made by the 'recursive' strategy.
Merging drivers-x86/linux-next (f82bdd0d77b6 hp-wmi: Enable hotkeys on some systems)
$ git merge drivers-x86/linux-next
Already up-to-date.
Merging chrome-platform/for-next (5502486a2077 platform/chrome: chromeos_laptop - Add a limit for deferred retries)
$ git merge chrome-platform/for-next
Already up-to-date.
Merging sysctl/master (4e474a00d7ff sysctl: protect poll() in entries that may go away)
$ git merge sysctl/master
Already up-to-date.
Merging regmap/for-next (19583ca584d6 Linux 3.16)
$ git merge regmap/for-next
Already up-to-date.
Merging hsi/for-next (3fd276e9c0d7 HSI: omap_ssi: Fix return value check in ssi_debug_add_ctrl())
$ git merge hsi/for-next
Already up-to-date.
Merging leds/for-next (e661c8978e48 leds: ipaq-micro: fix sparse non static symbol warning)
$ git merge leds/for-next
Already up-to-date.
Merging driver-core/driver-core-next (c489d98c8c81 Merge branch 'for-linus' of git://ftp.arm.linux.org.uk/~rmk/linux-arm)
$ git merge driver-core/driver-core-next
Already up-to-date.
Merging tty/tty-next (c489d98c8c81 Merge branch 'for-linus' of git://ftp.arm.linux.org.uk/~rmk/linux-arm)
$ git merge tty/tty-next
Already up-to-date.
Merging usb/usb-next (c489d98c8c81 Merge branch 'for-linus' of git://ftp.arm.linux.org.uk/~rmk/linux-arm)
$ git merge usb/usb-next
Already up-to-date.
Merging usb-gadget/next (8346b33fad01 Documentation: DocBook: elieminate doc build break)
$ git merge usb-gadget/next
Already up-to-date.
Merging usb-serial/usb-next (5bc9e5933a41 USB: kl5kusb105: Remove klsi_105_tiocmset function)
$ git merge usb-serial/usb-next
Already up-to-date.
Merging staging/staging-next (c309bfa9b481 Merge tag 'for-linus-20140808' of git://git.infradead.org/linux-mtd)
$ git merge staging/staging-next
Already up-to-date.
Merging char-misc/char-misc-next (c489d98c8c81 Merge branch 'for-linus' of git://ftp.arm.linux.org.uk/~rmk/linux-arm)
$ git merge char-misc/char-misc-next
Already up-to-date.
Merging cgroup/for-next (abdfd21809f2 Merge branch 'for-3.17' into for-next)
$ git merge cgroup/for-next
Already up-to-date!
Merge made by the 'recursive' strategy.
Merging scsi/for-next (ae87e8b212ed Merge remote-tracking branch 'scsi-queue/drivers-for-3.17' into for-next)
$ git merge scsi/for-next
Auto-merging MAINTAINERS
Merge made by the 'recursive' strategy.
 MAINTAINERS                         |   1 +
 drivers/scsi/libiscsi.c             |   2 +-
 drivers/scsi/pm8001/pm8001_ctl.c    | 144 ++++++++++++++++++------------------
 drivers/scsi/pm8001/pm8001_hwi.c    |   4 +-
 drivers/scsi/pm8001/pm8001_init.c   |  39 +++++-----
 drivers/scsi/qla4xxx/ql4_init.c     |   6 ++
 drivers/scsi/qla4xxx/ql4_mbx.c      |  14 ++--
 drivers/scsi/qla4xxx/ql4_nx.c       |   2 +-
 drivers/scsi/qla4xxx/ql4_os.c       |  16 ++--
 drivers/scsi/scsi_transport_iscsi.c |   6 +-
 drivers/scsi/u14-34f.c              |   4 +-
 include/scsi/iscsi_if.h             |   1 +
 12 files changed, 125 insertions(+), 114 deletions(-)
Merging target-updates/for-next (4ca7ea3ceeb9 iscsi-target: Ignore ICF_GOT_LAST_DATAOUT during Data-Out ITT lookup)
$ git merge target-updates/for-next
Auto-merging drivers/target/iscsi/iscsi_target_util.c
Merge made by the 'recursive' strategy.
 drivers/infiniband/ulp/isert/ib_isert.c      | 20 +++++++++++---------
 drivers/target/iscsi/iscsi_target_util.c     |  2 ++
 drivers/target/target_core_fabric_configfs.c |  3 +--
 3 files changed, 14 insertions(+), 11 deletions(-)
Merging target-merge/for-next-merge (b28a960c42fc Linux 3.14-rc2)
$ git merge target-merge/for-next-merge
Already up-to-date.
Merging writeback/writeback-for-next (f9b0e058cbd0 writeback: Fix data corruption on NFS)
$ git merge writeback/writeback-for-next
Already up-to-date.
Merging hwspinlock/linux-next (8b37fcfc9b34 hwspinlock: add MAINTAINERS entries)
$ git merge hwspinlock/linux-next
Already up-to-date.
Merging pinctrl/for-next (2182d43467cd pinctrl: pinctrl-at91.c: fix decimal printf format specifiers prefixed with 0x)
$ git merge pinctrl/for-next
Merge made by the 'recursive' strategy.
 drivers/pinctrl/nomadik/pinctrl-abx500.c |  3 +--
 drivers/pinctrl/pinctrl-at91.c           |  4 ++--
 drivers/pinctrl/pinctrl-rockchip.c       | 15 +++++++++------
 drivers/pinctrl/pinctrl-tegra-xusb.c     |  5 +++--
 drivers/pinctrl/sh-pfc/pfc-r8a7791.c     |  8 ++++----
 5 files changed, 19 insertions(+), 16 deletions(-)
Merging vhost/linux-next (970379f59d81 vhost: move memory pointer to VQs)
$ git merge vhost/linux-next
Resolved 'drivers/vhost/net.c' using previous resolution.
Auto-merging drivers/vhost/net.c
CONFLICT (content): Merge conflict in drivers/vhost/net.c
Automatic merge failed; fix conflicts and then commit the result.
$ git commit -v -a
[master 91d50a18d78a] Merge remote-tracking branch 'vhost/linux-next'
$ git diff -M --stat --summary HEAD^..
Merging remoteproc/for-next (9a3c4145af32 Linux 3.16-rc6)
$ git merge remoteproc/for-next
Already up-to-date.
Merging rpmsg/for-next (397944df3290 rpmsg: fix kconfig dependencies for VIRTIO)
$ git merge rpmsg/for-next
Already up-to-date.
Merging gpio/for-next (d8aebf1197cd gpio: delete unneeded test before of_node_put)
$ git merge gpio/for-next
Auto-merging MAINTAINERS
Merge made by the 'recursive' strategy.
 MAINTAINERS               |  2 +-
 drivers/gpio/devres.c     |  2 +-
 drivers/gpio/gpio-zynq.c  | 36 ++++++++++++++++++++++++++++--------
 drivers/gpio/gpiolib-of.c |  4 +---
 4 files changed, 31 insertions(+), 13 deletions(-)
Merging dma-mapping/dma-mapping-next (f70e3c4f8b6a CMA: correct unlock target)
$ git merge dma-mapping/dma-mapping-next
Already up-to-date.
Merging pwm/for-next (f6306299080b pwm: rockchip: Added to support for RK3288 SoC)
$ git merge pwm/for-next
Already up-to-date.
Merging dma-buf/for-next (b23b35445ec8 Documentation: devres: Add devm_kmalloc() et al)
$ git merge dma-buf/for-next
Already up-to-date.
Merging userns/for-next (344470cac42e proc: Point /proc/mounts at /proc/thread-self/mounts instead of /proc/self/mounts)
$ git merge userns/for-next
Already up-to-date.
Merging ktest/for-next (4c16b1d6d5e0 ktest: Update documentation on config_bisect)
$ git merge ktest/for-next
Already up-to-date.
Merging signal/for-next (20b4fb485227 Merge branch 'for-linus' of git://git.kernel.org/pub/scm/linux/kernel/git/viro/vfs)
$ git merge signal/for-next
Already up-to-date.
Merging clk/clk-next (b11a6face1b6 clk: Add missing of_clk_set_defaults export)
$ git merge clk/clk-next
Already up-to-date.
Merging random/dev (e02b87659777 hwrng: Pass entropy to add_hwgenerator_randomness() in bits, not bytes)
$ git merge random/dev
Already up-to-date.
Merging lzo-update/lzo-update (42b775abafaf lib/lzo: huge LZO decompression speedup on ARM by using unaligned access)
$ git merge lzo-update/lzo-update
Auto-merging lib/lzo/lzo1x_decompress_safe.c
Merge made by the 'recursive' strategy.
 lib/lzo/lzo1x_decompress_safe.c | 4 ++++
 lib/lzo/lzodefs.h               | 6 ++++++
 2 files changed, 10 insertions(+)
Merging aio/master (00fefb9cf2b5 aio: use iovec array rather than the single one)
$ git merge aio/master
Auto-merging fs/aio.c
Merge made by the 'recursive' strategy.
 fs/aio.c | 86 ++++++++++++++++++++++------------------------------------------
 1 file changed, 30 insertions(+), 56 deletions(-)
Merging llvmlinux/for-next (7380100aa7ce arm64: LLVMLinux: Use current_stack_pointer in kernel/traps.c)
$ git merge llvmlinux/for-next
Auto-merging arch/arm64/kernel/traps.c
Auto-merging arch/arm64/include/asm/thread_info.h
Auto-merging arch/arm/kernel/unwind.c
Auto-merging arch/arm/include/asm/thread_info.h
Auto-merging arch/arm/include/asm/ptrace.h
Merge made by the 'recursive' strategy.
 arch/arm/include/asm/ptrace.h        | 5 ++---
 arch/arm/include/asm/thread_info.h   | 9 +++++++--
 arch/arm/kernel/return_address.c     | 3 +--
 arch/arm/kernel/stacktrace.c         | 4 +---
 arch/arm/kernel/unwind.c             | 3 +--
 arch/arm64/include/asm/thread_info.h | 9 +++++++--
 arch/arm64/kernel/stacktrace.c       | 3 +--
 arch/arm64/kernel/traps.c            | 3 +--
 8 files changed, 21 insertions(+), 18 deletions(-)
Merging powernv-cpuidle/powernv-cpuidle (0888839c5b62 cpuidle/powernv: Parse device tree to setup idle states)
$ git merge powernv-cpuidle/powernv-cpuidle
Already up-to-date.
Merging rd-docs/master (1795cd9b3a91 Linux 3.16-rc5)
$ git merge rd-docs/master
Already up-to-date.
Merging signal-cleanup/signal_v4 (b9f0fb2d4a7a powerpc: Use sigsp())
$ git merge signal-cleanup/signal_v4
Merge made by the 'recursive' strategy.
Merging akpm-current/current (929c76e4e629 fs/dlm/debug_fs.c: remove unnecessary null test before debugfs_remove)
$ git merge --no-ff akpm-current/current
Resolved 'arch/arm64/Kconfig' using previous resolution.
Resolved 'include/linux/glob.h' using previous resolution.
Resolved 'kernel/acct.c' using previous resolution.
Resolved 'kernel/fork.c' using previous resolution.
Resolved 'kernel/kexec.c' using previous resolution.
Resolved 'mm/memcontrol.c' using previous resolution.
Resolved 'mm/memory.c' using previous resolution.
Resolved 'mm/oom_kill.c' using previous resolution.
Resolved 'mm/slab.c' using previous resolution.
Resolved 'net/batman-adv/fragmentation.c' using previous resolution.
Auto-merging scripts/coccinelle/free/ifnullfree.cocci
CONFLICT (add/add): Merge conflict in scripts/coccinelle/free/ifnullfree.cocci
Auto-merging net/batman-adv/fragmentation.c
CONFLICT (content): Merge conflict in net/batman-adv/fragmentation.c
Auto-merging mm/vmstat.c
Auto-merging mm/util.c
Auto-merging mm/slab.c
CONFLICT (content): Merge conflict in mm/slab.c
Auto-merging mm/page_alloc.c
Auto-merging mm/oom_kill.c
CONFLICT (content): Merge conflict in mm/oom_kill.c
Auto-merging mm/memory.c
CONFLICT (content): Merge conflict in mm/memory.c
Auto-merging mm/memcontrol.c
CONFLICT (content): Merge conflict in mm/memcontrol.c
Auto-merging lib/Makefile
Auto-merging lib/Kconfig
Auto-merging kernel/kexec.c
CONFLICT (content): Merge conflict in kernel/kexec.c
Auto-merging kernel/fork.c
CONFLICT (content): Merge conflict in kernel/fork.c
Auto-merging kernel/acct.c
CONFLICT (content): Merge conflict in kernel/acct.c
Auto-merging include/linux/kernel.h
Auto-merging include/linux/glob.h
CONFLICT (add/add): Merge conflict in include/linux/glob.h
Auto-merging fs/ocfs2/dlm/dlmmaster.c
Auto-merging fs/ocfs2/alloc.c
Auto-merging fs/nilfs2/super.c
Auto-merging fs/isofs/compress.c
Auto-merging fs/cifs/smb2pdu.c
Auto-merging fs/cifs/smb2ops.c
Auto-merging fs/cifs/smb2misc.c
Auto-merging fs/cifs/sess.c
Auto-merging fs/cifs/file.c
Auto-merging fs/cifs/cifssmb.c
Auto-merging drivers/video/backlight/backlight.c
Auto-merging drivers/leds/Kconfig
Auto-merging block/bio-integrity.c
Auto-merging arch/x86/mm/init_64.c
Auto-merging arch/x86/mm/fault.c
Auto-merging arch/arm64/Kconfig
CONFLICT (content): Merge conflict in arch/arm64/Kconfig
Automatic merge failed; fix conflicts and then commit the result.
$ git commit -v -a
Recorded resolution for 'scripts/coccinelle/free/ifnullfree.cocci'.
[master 551be0d70684] Merge branch 'akpm-current/current'
$ git diff -M --stat --summary HEAD^..
 Documentation/leds/leds-class.txt   |   3 -
 Documentation/printk-formats.txt    |   6 +
 arch/m68k/kernel/sys_m68k.c         |  18 +-
 arch/x86/include/asm/numa.h         |   1 -
 arch/x86/include/asm/pgtable_64.h   |   3 +-
 arch/x86/mm/fault.c                 |   2 +-
 arch/x86/mm/init_64.c               |  36 ++--
 arch/x86/mm/numa.c                  |  34 ++--
 arch/x86/platform/efi/efi-bgrt.c    |  36 +++-
 block/bio-integrity.c               |   2 -
 block/genhd.c                       |   2 +-
 drivers/input/Kconfig               |   9 +
 drivers/input/Makefile              |   3 +
 drivers/input/input.c               |   6 +
 drivers/input/leds.c                | 249 ++++++++++++++++++++++++++
 drivers/leds/Kconfig                |   3 -
 drivers/misc/ti-st/st_core.c        |   2 +-
 drivers/net/irda/donauboe.c         |  15 +-
 drivers/tty/Kconfig                 |   4 +
 drivers/tty/vt/keyboard.c           | 110 +++++++++---
 drivers/video/backlight/backlight.c |   2 -
 fs/binfmt_elf.c                     |  21 ++-
 fs/cachefiles/bind.c                |   6 +-
 fs/cachefiles/daemon.c              |   6 +-
 fs/cifs/cifsacl.c                   |   2 +-
 fs/cifs/cifssmb.c                   |  20 +--
 fs/cifs/file.c                      |   4 +-
 fs/cifs/sess.c                      |   2 +-
 fs/cifs/smb2file.c                  |   4 +-
 fs/cifs/smb2misc.c                  |  38 ++--
 fs/cifs/smb2ops.c                   |   2 +-
 fs/cifs/smb2pdu.c                   |   2 +-
 fs/cifs/smb2pdu.h                   |  28 +--
 fs/compat.c                         |   2 +-
 fs/ext4/fsync.c                     |   5 +-
 fs/hfsplus/catalog.c                |  89 +++++++---
 fs/hfsplus/dir.c                    |  11 +-
 fs/hfsplus/hfsplus_fs.h             |   4 +-
 fs/hfsplus/super.c                  |   4 +-
 fs/isofs/Makefile                   |   2 +
 fs/isofs/compress.c                 |   6 +-
 fs/isofs/export.c                   |  11 +-
 fs/isofs/inode.c                    |  88 +++++-----
 fs/isofs/namei.c                    |   5 +-
 fs/isofs/rock.c                     |  44 ++---
 fs/mpage.c                          |  23 ++-
 fs/nilfs2/super.c                   |   2 +-
 fs/ocfs2/alloc.c                    |  28 ++-
 fs/ocfs2/alloc.h                    |   2 +-
 fs/ocfs2/aops.c                     |  37 ++--
 fs/ocfs2/cluster/quorum.c           |  13 +-
 fs/ocfs2/cluster/tcp.c              |  45 ++++-
 fs/ocfs2/cluster/tcp.h              |   1 +
 fs/ocfs2/dir.c                      |   2 +-
 fs/ocfs2/dlm/dlmmaster.c            |  22 +--
 fs/ocfs2/dlm/dlmthread.c            |  10 ++
 fs/ocfs2/file.c                     |   2 +-
 fs/ocfs2/inode.c                    |  10 +-
 fs/ocfs2/ioctl.c                    | 129 +++++---------
 include/linux/crc64_ecma.h          |  56 ++++++
 include/linux/input.h               |  21 +++
 include/linux/kernel.h              |  32 +---
 include/linux/string.h              |   1 +
 lib/Kconfig                         |   7 +
 lib/Makefile                        |   1 +
 lib/crc64_ecma.c                    | 341 ++++++++++++++++++++++++++++++++++++
 lib/vsprintf.c                      |  20 ++-
 mm/compaction.c                     |  17 +-
 mm/memory.c                         |   8 +
 mm/oom_kill.c                       |   4 +-
 mm/page_alloc.c                     |   2 +
 mm/util.c                           |  30 ++++
 mm/vmstat.c                         | 141 ++++++++++++---
 73 files changed, 1469 insertions(+), 490 deletions(-)
 create mode 100644 drivers/input/leds.c
 create mode 100644 include/linux/crc64_ecma.h
 create mode 100644 lib/crc64_ecma.c
$ git clone -s -l -n -q . ../rebase-tmp
$ cd ../rebase-tmp
$ git checkout -b akpm remotes/origin/akpm/master
Switched to a new branch 'akpm'
$ git rebase --onto master remotes/origin/akpm/master-base
First, rewinding head to replay your work on top of it...
Applying: drivers/gpio/gpio-zevio.c: fix build
Applying: x86, vdso: fix vdso2c's special_pages error checking
Applying: include/linux: remove strict_strto* definitions
Applying: kernel/posix-timers.c: code clean-up
Applying: kernel-posix-timersc-code-clean-up-checkpatch-fixes
Applying: fs.h: remove unnecessary extern prototypes
Applying: fs.h: whitespace neatening
Applying: fs.h: a few more whitespace neatenings
Applying: fs.h: add argument names to struct file_lock_operations (*funcs)
Applying: fs.h: add member argument descriptions to lock_manager_operations
Applying: fs/dlm/plock.c: add argument descriptions to notify
Applying: dlm, lockd: remove unused conf from lm_grant
Applying: dlm: plock: reduce indentation by rearranging order
Applying: timer: provide an api for deferrable timeout
Applying: ksm: provide support to use deferrable timers for scanner thread
Applying: ksm-provide-support-to-use-deferrable-timers-for-scanner-thread-fix
Applying: ksm-provide-support-to-use-deferrable-timers-for-scanner-thread-fix-fix-2
Applying: kernel/kprobes.c: convert printk to pr_foo()
Applying: mm: replace remap_file_pages() syscall with emulation
Applying: mm-replace-remap_file_pages-syscall-with-emulation-fix
Applying: mm: remap_file_pages: initialize populate before usage
Applying: mm: remap_file_pages: grab file ref to prevent race while mmaping
Applying: fat: add i_disksize to represent uninitialized size
Applying: fat: add fat_fallocate operation
Applying: fat: zero out seek range on _fat_get_block
Applying: fat: fallback to buffered write in case of fallocated region on direct IO
Applying: fat: permit to return phy block number by fibmap in fallocated region
Applying: Documentation/filesystems/vfat.txt: update the limitation for fat fallocate
Applying: drivers/w1/w1_int.c: call put_device if device_register fails
Applying: mm: add strictlimit knob
$ cd ../next
$ git fetch -f ../rebase-tmp akpm:akpm/master
From ../rebase-tmp
 + 08a36266333b...5b093c212b1c akpm       -> akpm/master  (forced update)
$ rm -rf ../rebase-tmp
Merging akpm/master (5b093c212b1c mm: add strictlimit knob)
$ git merge --no-ff akpm/master
Removing mm/fremap.c
Merge made by the 'recursive' strategy.
 Documentation/ABI/testing/sysfs-class-bdi |    8 +
 Documentation/filesystems/vfat.txt        |   10 +
 Documentation/vm/ksm.txt                  |    7 +
 Documentation/vm/remap_file_pages.txt     |    7 +-
 arch/x86/vdso/vdso2c.h                    |   12 +-
 drivers/gpio/gpio-zevio.c                 |    4 +
 drivers/w1/w1_int.c                       |    3 +-
 fs/dlm/plock.c                            |   34 +-
 fs/fat/cache.c                            |   70 +-
 fs/fat/fat.h                              |    6 +-
 fs/fat/file.c                             |   78 +-
 fs/fat/inode.c                            |   87 ++-
 fs/lockd/svclock.c                        |   12 +-
 include/linux/fs.h                        | 1211 +++++++++++++++--------------
 include/linux/kernel.h                    |    4 -
 include/linux/sched.h                     |    2 +
 kernel/kprobes.c                          |   36 +-
 kernel/time/posix-timers.c                |   57 +-
 kernel/time/timer.c                       |   27 +-
 mm/Makefile                               |    2 +-
 mm/backing-dev.c                          |   35 +
 mm/fremap.c                               |  283 -------
 mm/ksm.c                                  |   41 +-
 mm/mmap.c                                 |   69 ++
 mm/nommu.c                                |    8 -
 25 files changed, 1110 insertions(+), 1003 deletions(-)
 delete mode 100644 mm/fremap.c
