$ date
Tuesday 4 February  10:57:08 EST 2014
$ git checkout master
Already on 'master'
$ git reset --hard stable
HEAD is now at 602456bf1699 Merge branch 'hwmon-for-linus' of git://git.kernel.org/pub/scm/linux/kernel/git/jdelvare/staging
Merging origin/master (38dbfb59d117 Linus 3.14-rc1)
$ git merge origin/master
Updating 602456bf1699..38dbfb59d117
Fast-forward
 Makefile                              |   6 +-
 arch/parisc/include/asm/cacheflush.h  |   2 -
 arch/parisc/include/asm/elf.h         |   4 +
 arch/parisc/include/asm/page.h        |   3 +-
 arch/parisc/include/asm/pgtable.h     |   1 +
 arch/parisc/include/asm/processor.h   |   2 +
 arch/parisc/include/asm/thread_info.h |  10 ++
 arch/parisc/include/uapi/asm/errno.h  |   2 +-
 arch/parisc/include/uapi/asm/stat.h   |  40 +++---
 arch/parisc/include/uapi/asm/unistd.h |   4 +-
 arch/parisc/kernel/cache.c            |  14 ++
 arch/parisc/kernel/process.c          |  21 ++-
 arch/parisc/kernel/sys_parisc.c       | 238 ++++++++++++++++++++++++++++------
 arch/parisc/kernel/syscall_table.S    |   2 +
 drivers/video/console/sticore.c       |   2 +-
 fs/hpfs/alloc.c                       |  66 +++++++++-
 fs/hpfs/buffer.c                      |  96 +++++++-------
 fs/hpfs/hpfs_fn.h                     |   2 +-
 fs/hpfs/super.c                       |  29 ++++-
 lib/fonts/Kconfig                     |   6 +-
 20 files changed, 418 insertions(+), 132 deletions(-)
Merging fixes/master (b0031f227e47 Merge tag 's2mps11-build' of git://git.kernel.org/pub/scm/linux/kernel/git/broonie/regulator)
$ git merge fixes/master
Already up-to-date.
Merging kbuild-current/rc-fixes (19514fc665ff arm, kbuild: make "make install" not depend on vmlinux)
$ git merge kbuild-current/rc-fixes
Already up-to-date.
Merging arc-current/for-curr (7e22e91102c6 Linux 3.13-rc8)
$ git merge arc-current/for-curr
Already up-to-date.
Merging arm-current/fixes (d326b65c57d6 ARM: fix building with gcc 4.6.4)
$ git merge arm-current/fixes
Already up-to-date.
Merging m68k-current/for-linus (56931d73697c m68k/mac: Make SCC reset work more reliably)
$ git merge m68k-current/for-linus
Already up-to-date.
Merging metag-fixes/fixes (3b2f64d00c46 Linux 3.11-rc2)
$ git merge metag-fixes/fixes
Already up-to-date.
Merging powerpc-merge/merge (b3084f4db3ae powerpc/thp: Fix crash on mremap)
$ git merge powerpc-merge/merge
Already up-to-date.
Merging sparc/master (9b0cd304f26b Merge branch 'drm-next' of git://people.freedesktop.org/~airlied/linux)
$ git merge sparc/master
Already up-to-date.
Merging net/master (b045d37bd68c ip_tunnel: fix panic in ip_tunnel_xmit())
$ git merge net/master
Auto-merging MAINTAINERS
Merge made by the 'recursive' strategy.
 MAINTAINERS                       |   2 +-
 drivers/net/can/Kconfig           |   2 +-
 drivers/net/can/dev.c             |  15 ++----
 drivers/net/can/flexcan.c         |   7 ++-
 drivers/net/can/janz-ican3.c      |  20 ++------
 drivers/net/can/vcan.c            |   9 ++--
 drivers/net/ethernet/ethoc.c      | 101 ++++++++++++++++++++++++++++++++++++++
 drivers/net/ethernet/intel/e100.c |   2 +-
 drivers/net/ethernet/ti/cpsw.c    |  14 +++++-
 drivers/net/vxlan.c               |   3 --
 include/linux/can/skb.h           |  38 ++++++++++++++
 net/can/af_can.c                  |   3 +-
 net/can/bcm.c                     |   4 +-
 net/can/raw.c                     |   1 +
 net/ipv4/ip_tunnel.c              |  29 +++++------
 net/ipv4/udp_offload.c            |   2 +-
 16 files changed, 188 insertions(+), 64 deletions(-)
Merging ipsec/master (965cdea82569 dccp: catch failed request_module call in dccp_probe init)
$ git merge ipsec/master
Already up-to-date.
Merging sound-current/for-linus (4fa71c1550a8 ALSA: usb-audio: Add missing kconfig dependecy)
$ git merge sound-current/for-linus
Merge made by the 'recursive' strategy.
 sound/usb/Kconfig | 1 +
 1 file changed, 1 insertion(+)
Merging pci-current/for-linus (38dbfb59d117 Linus 3.14-rc1)
$ git merge pci-current/for-linus
Already up-to-date.
Merging wireless/master (53d8ab29f8f6 Merge branch 'for-3.14/drivers' of git://git.kernel.dk/linux-block)
$ git merge wireless/master
Already up-to-date.
Merging driver-core.current/driver-core-linus (90804ed61f24 Merge branch 'for_linus' of git://git.kernel.org/pub/scm/linux/kernel/git/jack/linux-fs)
$ git merge driver-core.current/driver-core-linus
Already up-to-date.
Merging tty.current/tty-linus (413541dd66d5 Linux 3.13-rc5)
$ git merge tty.current/tty-linus
Already up-to-date.
Merging usb.current/usb-linus (90804ed61f24 Merge branch 'for_linus' of git://git.kernel.org/pub/scm/linux/kernel/git/jack/linux-fs)
$ git merge usb.current/usb-linus
Already up-to-date.
Merging staging.current/staging-linus (77d143de7581 Merge branch 'for-linus' of git://git.kernel.org/pub/scm/linux/kernel/git/rw/uml)
$ git merge staging.current/staging-linus
Already up-to-date.
Merging char-misc.current/char-misc-linus (90804ed61f24 Merge branch 'for_linus' of git://git.kernel.org/pub/scm/linux/kernel/git/jack/linux-fs)
$ git merge char-misc.current/char-misc-linus
Already up-to-date.
Merging input-current/for-linus (55df811f2066 Merge branch 'next' into for-linus)
$ git merge input-current/for-linus
Already up-to-date.
Merging md-current/for-linus (d47648fcf061 raid5: avoid finding "discard" stripe)
$ git merge md-current/for-linus
Already up-to-date.
Merging crypto-current/master (ee97dc7db4cb crypto: s390 - fix des and des3_ede ctr concurrency issue)
$ git merge crypto-current/master
Merge made by the 'recursive' strategy.
 arch/s390/crypto/aes_s390.c | 65 ++++++++++++++++++++++---------
 arch/s390/crypto/des_s390.c | 95 +++++++++++++++++++++++++++++----------------
 2 files changed, 108 insertions(+), 52 deletions(-)
Merging ide/master (9b0cd304f26b Merge branch 'drm-next' of git://people.freedesktop.org/~airlied/linux)
$ git merge ide/master
Already up-to-date.
Merging dwmw2/master (5950f0803ca9 pcmcia: remove RPX board stuff)
$ git merge dwmw2/master
Already up-to-date.
Merging devicetree-current/devicetree/merge (6f041e99fc7b of: Fix NULL dereference in unflatten_and_copy())
$ git merge devicetree-current/devicetree/merge
Already up-to-date.
Merging rr-fixes/fixes (7122c3e9154b scripts/link-vmlinux.sh: only filter kernel symbols for arm)
$ git merge rr-fixes/fixes
Already up-to-date.
Merging mfd-fixes/master (73beb63d290f mfd: rtsx_pcr: Disable interrupts before cancelling delayed works)
$ git merge mfd-fixes/master
Already up-to-date.
Merging vfio-fixes/for-linus (239a87020b26 Merge branch 'for-joerg/arm-smmu/fixes' of git://git.kernel.org/pub/scm/linux/kernel/git/will/linux into for-linus)
$ git merge vfio-fixes/for-linus
Already up-to-date.
Merging drm-intel-fixes/for-linux-next-fixes (09f2344d0896 drm/i915/bdw: make sure south port interrupts are enabled properly v2)
$ git merge drm-intel-fixes/for-linux-next-fixes
Already up-to-date.
Merging asm-generic/master (fb9de7ebc3a2 xtensa: Use generic asm/mmu.h for nommu)
$ git merge asm-generic/master
Already up-to-date.
Merging arc/for-next (36dd18037119 ARC: add uImage to .gitignore)
$ git merge arc/for-next
Merge made by the 'recursive' strategy.
 arch/arc/boot/.gitignore         | 1 +
 arch/arc/plat-arcfpga/platform.c | 6 +++---
 2 files changed, 4 insertions(+), 3 deletions(-)
Merging arm/for-next (58b9ef24dc72 Merge branch 'cubox-i-init' into for-next)
$ git merge arm/for-next
Already up-to-date!
Merge made by the 'recursive' strategy.
Merging arm-perf/for-next/perf (6ce4eac1f600 Linux 3.13-rc1)
$ git merge arm-perf/for-next/perf
Already up-to-date.
Merging arm-soc/for-next (034b5c9ffc37 Merge branch 'fixes' into for-next)
$ git merge arm-soc/for-next
Merge made by the 'recursive' strategy.
 arch/arm/mach-hisi/Kconfig     | 2 +-
 arch/arm/mach-moxart/Kconfig   | 1 -
 arch/arm/mach-omap2/Kconfig    | 2 +-
 arch/arm/mach-shmobile/Kconfig | 2 +-
 drivers/dma/Kconfig            | 1 +
 5 files changed, 4 insertions(+), 4 deletions(-)
Merging bcm2835/for-next (413541dd66d5 Linux 3.13-rc5)
$ git merge bcm2835/for-next
Already up-to-date.
Merging cortex-m/for-next (f41bfc9423aa Merge tag 'ext4_for_linus' of git://git.kernel.org/pub/scm/linux/kernel/git/tytso/ext4)
$ git merge cortex-m/for-next
Already up-to-date.
Merging ep93xx/ep93xx-for-next (bfb0709fd17b Merge branch 'ep93xx-fixes' into ep93xx-for-next)
$ git merge ep93xx/ep93xx-for-next
Merge made by the 'recursive' strategy.
Merging imx-mxs/for-next (059c95a47b13 Merge branch 'imx/dt' into for-next)
$ git merge imx-mxs/for-next
Removing arch/arm/mach-imx/devices/platform-mxc_pwm.c
Removing arch/arm/boot/dts/imx53-evk.dts
Auto-merging arch/arm/boot/dts/imx27-phytec-phycore-som.dtsi
Merge made by the 'recursive' strategy.
 .../devicetree/bindings/vendor-prefixes.txt        |   3 +
 arch/arm/boot/dts/Makefile                         |  30 +-
 arch/arm/boot/dts/imx23-evk.dts                    |   8 +-
 arch/arm/boot/dts/imx23-olinuxino.dts              |   5 +-
 arch/arm/boot/dts/imx23-stmp378x_devb.dts          |   5 +-
 arch/arm/boot/dts/imx23.dtsi                       |   8 +-
 arch/arm/boot/dts/imx25-eukrea-cpuimx25.dtsi       |  73 ++
 .../boot/dts/imx25-eukrea-mbimxsd25-baseboard.dts  | 174 ++++
 arch/arm/boot/dts/imx25-pinfunc.h                  | 494 +++++++++++
 arch/arm/boot/dts/imx25.dtsi                       |  18 +-
 arch/arm/boot/dts/imx27-apf27.dts                  |  38 +
 arch/arm/boot/dts/imx27-apf27dev.dts               | 149 +++-
 arch/arm/boot/dts/imx27-phytec-phycard-s-rdk.dts   |  61 +-
 arch/arm/boot/dts/imx27-phytec-phycard-s-som.dts   |  42 +-
 arch/arm/boot/dts/imx27-phytec-phycore-rdk.dts     |  97 ++-
 ...ycore-som.dts => imx27-phytec-phycore-som.dtsi} |  95 ++-
 arch/arm/boot/dts/imx27-pinfunc.h                  | 526 ++++++++++++
 arch/arm/boot/dts/imx27.dtsi                       | 151 ++--
 arch/arm/boot/dts/imx28-apf28dev.dts               |  29 +-
 arch/arm/boot/dts/imx28-apx4devkit.dts             |   5 +-
 arch/arm/boot/dts/imx28-cfa10036.dts               |   2 +
 arch/arm/boot/dts/imx28-cfa10037.dts               |   7 +-
 arch/arm/boot/dts/imx28-cfa10049.dts               |  31 +-
 arch/arm/boot/dts/imx28-cfa10057.dts               |   7 +-
 arch/arm/boot/dts/imx28-cfa10058.dts               |   7 +-
 arch/arm/boot/dts/imx28-duckbill.dts               | 121 +++
 arch/arm/boot/dts/imx28-eukrea-mbmx283lc.dts       |  71 ++
 arch/arm/boot/dts/imx28-eukrea-mbmx287lc.dts       |  50 ++
 arch/arm/boot/dts/imx28-eukrea-mbmx28lc.dtsi       | 326 +++++++
 arch/arm/boot/dts/imx28-evk.dts                    |  24 +-
 arch/arm/boot/dts/imx28-m28cu3.dts                 |  17 +-
 arch/arm/boot/dts/imx28-m28evk.dts                 |  18 +-
 arch/arm/boot/dts/imx28-sps1.dts                   |   7 +-
 arch/arm/boot/dts/imx28-tx28.dts                   |  23 +-
 arch/arm/boot/dts/imx28.dtsi                       |  65 +-
 arch/arm/boot/dts/imx35-eukrea-cpuimx35.dtsi       |  81 ++
 .../boot/dts/imx35-eukrea-mbimxsd35-baseboard.dts  | 143 ++++
 arch/arm/boot/dts/imx35.dtsi                       | 359 ++++++++
 arch/arm/boot/dts/imx50-evk.dts                    | 119 +++
 arch/arm/boot/dts/imx50-pinfunc.h                  | 923 ++++++++++++++++++++
 arch/arm/boot/dts/imx50.dtsi                       | 478 +++++++++++
 arch/arm/boot/dts/imx51-apf51.dts                  |  40 +-
 arch/arm/boot/dts/imx51-apf51dev.dts               | 102 ++-
 arch/arm/boot/dts/imx51-babbage.dts                | 248 +++++-
 arch/arm/boot/dts/imx51-eukrea-cpuimx51.dtsi       |  93 ++
 .../boot/dts/imx51-eukrea-mbimxsd51-baseboard.dts  | 174 ++++
 arch/arm/boot/dts/imx51.dtsi                       | 459 ++--------
 arch/arm/boot/dts/imx53-ard.dts                    |  33 +-
 arch/arm/boot/dts/imx53-evk.dts                    | 126 ---
 arch/arm/boot/dts/imx53-m53evk.dts                 | 233 ++++-
 arch/arm/boot/dts/imx53-mba53.dts                  |  40 +-
 arch/arm/boot/dts/imx53-qsb-common.dtsi            | 336 ++++++++
 arch/arm/boot/dts/imx53-qsb.dts                    | 210 +----
 arch/arm/boot/dts/imx53-qsrb.dts                   | 158 ++++
 arch/arm/boot/dts/imx53-smd.dts                    | 119 ++-
 arch/arm/boot/dts/imx53-tqma53.dtsi                | 175 +++-
 arch/arm/boot/dts/imx53-tx53-x03x.dts              | 315 +++++++
 arch/arm/boot/dts/imx53-tx53-x13x.dts              | 243 ++++++
 arch/arm/boot/dts/imx53-tx53.dtsi                  | 511 ++++++++++-
 arch/arm/boot/dts/imx53-voipac-bsb.dts             | 159 ++++
 arch/arm/boot/dts/imx53-voipac-dmm-668.dtsi        | 277 ++++++
 arch/arm/boot/dts/imx53.dtsi                       | 663 +++------------
 arch/arm/boot/dts/imx6dl-dfi-fs700-m60.dts         |  23 +
 arch/arm/boot/dts/imx6dl-gw51xx.dts                |  19 +
 arch/arm/boot/dts/imx6dl-gw52xx.dts                |  19 +
 arch/arm/boot/dts/imx6dl-gw53xx.dts                |  19 +
 arch/arm/boot/dts/imx6dl-gw54xx.dts                |  19 +
 arch/arm/boot/dts/imx6dl-nitrogen6x.dts            |  21 +
 arch/arm/boot/dts/imx6dl-pinfunc.h                 |   2 +
 arch/arm/boot/dts/imx6dl-sabrelite.dts             |  20 +
 arch/arm/boot/dts/imx6dl.dtsi                      |  29 +-
 arch/arm/boot/dts/imx6q-arm2.dts                   | 140 ++-
 arch/arm/boot/dts/imx6q-cm-fx6.dts                 | 107 +++
 arch/arm/boot/dts/imx6q-dfi-fs700-m60.dts          |  23 +
 arch/arm/boot/dts/imx6q-dmo-edmqmx6.dts            | 372 ++++++++
 arch/arm/boot/dts/imx6q-gk802.dts                  | 171 ++++
 arch/arm/boot/dts/imx6q-gw51xx.dts                 |  19 +
 arch/arm/boot/dts/imx6q-gw52xx.dts                 |  23 +
 arch/arm/boot/dts/imx6q-gw53xx.dts                 |  23 +
 arch/arm/boot/dts/imx6q-gw5400-a.dts               | 546 ++++++++++++
 arch/arm/boot/dts/imx6q-gw54xx.dts                 |  23 +
 arch/arm/boot/dts/imx6q-nitrogen6x.dts             |  25 +
 arch/arm/boot/dts/imx6q-phytec-pfla02.dtsi         |  85 +-
 arch/arm/boot/dts/imx6q-pinfunc.h                  |   2 +
 arch/arm/boot/dts/imx6q-sabrelite.dts              | 178 +---
 arch/arm/boot/dts/imx6q-sbc6x.dts                  |  58 +-
 arch/arm/boot/dts/imx6q-udoo.dts                   |  54 +-
 arch/arm/boot/dts/imx6q.dtsi                       |  21 +-
 arch/arm/boot/dts/imx6qdl-dfi-fs700-m60.dtsi       | 199 +++++
 arch/arm/boot/dts/imx6qdl-gw51xx.dtsi              | 374 ++++++++
 arch/arm/boot/dts/imx6qdl-gw52xx.dtsi              | 490 +++++++++++
 arch/arm/boot/dts/imx6qdl-gw53xx.dtsi              | 553 ++++++++++++
 arch/arm/boot/dts/imx6qdl-gw54xx.dtsi              | 580 +++++++++++++
 arch/arm/boot/dts/imx6qdl-nitrogen6x.dtsi          | 422 +++++++++
 arch/arm/boot/dts/imx6qdl-sabreauto.dtsi           | 246 +++++-
 arch/arm/boot/dts/imx6qdl-sabrelite.dtsi           | 423 ++++++++++
 arch/arm/boot/dts/imx6qdl-sabresd.dtsi             | 272 +++++-
 arch/arm/boot/dts/imx6qdl-wandboard.dtsi           | 128 ++-
 arch/arm/boot/dts/imx6qdl.dtsi                     | 938 +++------------------
 arch/arm/boot/dts/imx6sl-evk.dts                   | 210 ++++-
 arch/arm/boot/dts/imx6sl.dtsi                      | 385 +++------
 arch/arm/boot/dts/vf610-cosmic.dts                 |  29 +-
 arch/arm/boot/dts/vf610-twr.dts                    |  66 +-
 arch/arm/boot/dts/vf610.dtsi                       | 207 +----
 arch/arm/configs/imx_v6_v7_defconfig               |   5 +
 arch/arm/mach-imx/Kconfig                          |   8 +-
 arch/arm/mach-imx/Makefile                         |   6 +-
 arch/arm/mach-imx/clk-imx21.c                      |   1 -
 arch/arm/mach-imx/clk-imx25.c                      |   8 -
 arch/arm/mach-imx/clk-imx27.c                      |   1 -
 arch/arm/mach-imx/clk-imx51-imx53.c                |   2 -
 arch/arm/mach-imx/clk-imx6sl.c                     |  88 +-
 arch/arm/mach-imx/clk-vf610.c                      |  36 +-
 arch/arm/mach-imx/common.h                         |  11 +-
 arch/arm/mach-imx/cpuidle-imx6q.c                  |   4 +-
 arch/arm/mach-imx/cpuidle-imx6sl.c                 |  57 ++
 arch/arm/mach-imx/cpuidle.h                        |   5 +
 arch/arm/mach-imx/devices-imx25.h                  |   4 -
 arch/arm/mach-imx/devices-imx51.h                  |   4 -
 arch/arm/mach-imx/devices/Kconfig                  |   3 -
 arch/arm/mach-imx/devices/Makefile                 |   1 -
 arch/arm/mach-imx/devices/devices-common.h         |   9 -
 arch/arm/mach-imx/devices/platform-mxc_pwm.c       |  69 --
 arch/arm/mach-imx/hardware.h                       |   4 +-
 arch/arm/mach-imx/mach-imx6q.c                     |   2 +-
 arch/arm/mach-imx/mach-imx6sl.c                    |   6 +-
 arch/arm/mach-imx/pm-imx6q.c                       | 327 ++++++-
 arch/arm/mach-imx/suspend-imx6.S                   | 328 +++++++
 arch/arm/mach-imx/time.c                           |  12 +
 arch/arm/mach-mxs/mach-mxs.c                       |  33 +
 130 files changed, 14910 insertions(+), 3291 deletions(-)
 create mode 100644 arch/arm/boot/dts/imx25-eukrea-cpuimx25.dtsi
 create mode 100644 arch/arm/boot/dts/imx25-eukrea-mbimxsd25-baseboard.dts
 create mode 100644 arch/arm/boot/dts/imx25-pinfunc.h
 rename arch/arm/boot/dts/{imx27-phytec-phycore-som.dts => imx27-phytec-phycore-som.dtsi} (61%)
 create mode 100644 arch/arm/boot/dts/imx27-pinfunc.h
 create mode 100644 arch/arm/boot/dts/imx28-duckbill.dts
 create mode 100644 arch/arm/boot/dts/imx28-eukrea-mbmx283lc.dts
 create mode 100644 arch/arm/boot/dts/imx28-eukrea-mbmx287lc.dts
 create mode 100644 arch/arm/boot/dts/imx28-eukrea-mbmx28lc.dtsi
 create mode 100644 arch/arm/boot/dts/imx35-eukrea-cpuimx35.dtsi
 create mode 100644 arch/arm/boot/dts/imx35-eukrea-mbimxsd35-baseboard.dts
 create mode 100644 arch/arm/boot/dts/imx35.dtsi
 create mode 100644 arch/arm/boot/dts/imx50-evk.dts
 create mode 100644 arch/arm/boot/dts/imx50-pinfunc.h
 create mode 100644 arch/arm/boot/dts/imx50.dtsi
 create mode 100644 arch/arm/boot/dts/imx51-eukrea-cpuimx51.dtsi
 create mode 100644 arch/arm/boot/dts/imx51-eukrea-mbimxsd51-baseboard.dts
 delete mode 100644 arch/arm/boot/dts/imx53-evk.dts
 create mode 100644 arch/arm/boot/dts/imx53-qsb-common.dtsi
 create mode 100644 arch/arm/boot/dts/imx53-qsrb.dts
 create mode 100644 arch/arm/boot/dts/imx53-tx53-x03x.dts
 create mode 100644 arch/arm/boot/dts/imx53-tx53-x13x.dts
 create mode 100644 arch/arm/boot/dts/imx53-voipac-bsb.dts
 create mode 100644 arch/arm/boot/dts/imx53-voipac-dmm-668.dtsi
 create mode 100644 arch/arm/boot/dts/imx6dl-dfi-fs700-m60.dts
 create mode 100644 arch/arm/boot/dts/imx6dl-gw51xx.dts
 create mode 100644 arch/arm/boot/dts/imx6dl-gw52xx.dts
 create mode 100644 arch/arm/boot/dts/imx6dl-gw53xx.dts
 create mode 100644 arch/arm/boot/dts/imx6dl-gw54xx.dts
 create mode 100644 arch/arm/boot/dts/imx6dl-nitrogen6x.dts
 create mode 100644 arch/arm/boot/dts/imx6dl-sabrelite.dts
 create mode 100644 arch/arm/boot/dts/imx6q-cm-fx6.dts
 create mode 100644 arch/arm/boot/dts/imx6q-dfi-fs700-m60.dts
 create mode 100644 arch/arm/boot/dts/imx6q-dmo-edmqmx6.dts
 create mode 100644 arch/arm/boot/dts/imx6q-gk802.dts
 create mode 100644 arch/arm/boot/dts/imx6q-gw51xx.dts
 create mode 100644 arch/arm/boot/dts/imx6q-gw52xx.dts
 create mode 100644 arch/arm/boot/dts/imx6q-gw53xx.dts
 create mode 100644 arch/arm/boot/dts/imx6q-gw5400-a.dts
 create mode 100644 arch/arm/boot/dts/imx6q-gw54xx.dts
 create mode 100644 arch/arm/boot/dts/imx6q-nitrogen6x.dts
 create mode 100644 arch/arm/boot/dts/imx6qdl-dfi-fs700-m60.dtsi
 create mode 100644 arch/arm/boot/dts/imx6qdl-gw51xx.dtsi
 create mode 100644 arch/arm/boot/dts/imx6qdl-gw52xx.dtsi
 create mode 100644 arch/arm/boot/dts/imx6qdl-gw53xx.dtsi
 create mode 100644 arch/arm/boot/dts/imx6qdl-gw54xx.dtsi
 create mode 100644 arch/arm/boot/dts/imx6qdl-nitrogen6x.dtsi
 create mode 100644 arch/arm/boot/dts/imx6qdl-sabrelite.dtsi
 create mode 100644 arch/arm/mach-imx/cpuidle-imx6sl.c
 delete mode 100644 arch/arm/mach-imx/devices/platform-mxc_pwm.c
 create mode 100644 arch/arm/mach-imx/suspend-imx6.S
Merging ixp4xx/next (19f949f52599 Linux 3.8)
$ git merge ixp4xx/next
Already up-to-date.
Merging msm/for-next (81cf1e061d00 ARM: msm: Rename msm devicetrees to have standard 'qcom' prefix)
$ git merge msm/for-next
Already up-to-date.
Merging mvebu/for-next (39efb8a90bac Merge branch 'mvebu/dt' into for-next)
$ git merge mvebu/for-next
Auto-merging drivers/irqchip/Makefile
Merge made by the 'recursive' strategy.
 .../interrupt-controller/marvell,dove-pmu-intc.txt |  17 +++
 arch/arm/boot/dts/armada-xp-mv78260.dtsi           |   3 +-
 drivers/irqchip/Makefile                           |   1 +
 drivers/irqchip/irq-armada-370-xp.c                |   4 +-
 drivers/irqchip/irq-dove.c                         | 126 +++++++++++++++++++++
 5 files changed, 148 insertions(+), 3 deletions(-)
 create mode 100644 Documentation/devicetree/bindings/interrupt-controller/marvell,dove-pmu-intc.txt
 create mode 100644 drivers/irqchip/irq-dove.c
Merging renesas/next (88c499f14016 Merge branch 'heads/dt-fixes' into next)
$ git merge renesas/next
Already up-to-date!
Merge made by the 'recursive' strategy.
Merging samsung/for-next (8109c477487a Merge branch 'v3.14-next/dt-exynos-3' into for-next)
$ git merge samsung/for-next
Already up-to-date!
Merge made by the 'recursive' strategy.
Merging tegra/for-next (95e770a5ad96 Merge branch for-3.14/defconfig into for-next)
$ git merge tegra/for-next
Already up-to-date!
Merge made by the 'recursive' strategy.
Merging arm64/for-next/core (c2c93e5b7f3f arm64: mm: Introduce PTE_WRITE)
$ git merge arm64/for-next/core
Already up-to-date.
Merging blackfin/for-linus (58095fdaaf1c From: Eunbong Song <eunb.song@samsung.com>)
$ git merge blackfin/for-linus
Already up-to-date.
Merging c6x/for-linux-next (546153d75a48 c6x: fix build failure caused by cache.h)
$ git merge c6x/for-linux-next
Merge made by the 'recursive' strategy.
 arch/c6x/include/asm/cache.h | 1 +
 1 file changed, 1 insertion(+)
Merging cris/for-next (cd065a010a97 CRISv10: Readd missing header)
$ git merge cris/for-next
Already up-to-date.
Merging hexagon/linux-next (de44443a45e3 HEXAGON: Remove non existent reference to GENERIC_KERNEL_EXECVE & GENERIC_KERNEL_THREAD)
$ git merge hexagon/linux-next
Already up-to-date.
Merging ia64/next (d52eefb47d4e ia64/xen: Remove Xen support for ia64)
$ git merge ia64/next
Already up-to-date.
Merging m68k/for-next (56931d73697c m68k/mac: Make SCC reset work more reliably)
$ git merge m68k/for-next
Already up-to-date.
Merging m68knommu/for-next (a695b9c8911e m68k : Kill CONFIG_MTD_PARTITIONS)
$ git merge m68knommu/for-next
Merge made by the 'recursive' strategy.
 arch/m68k/configs/m5208evb_defconfig | 1 -
 arch/m68k/configs/m5249evb_defconfig | 1 -
 arch/m68k/configs/m5272c3_defconfig  | 1 -
 arch/m68k/configs/m5275evb_defconfig | 1 -
 arch/m68k/configs/m5307c3_defconfig  | 1 -
 arch/m68k/configs/m5407c3_defconfig  | 1 -
 6 files changed, 6 deletions(-)
Merging metag/for-next (e9a1d0165bbd metag/smp: Make boot_secondary() static)
$ git merge metag/for-next
Already up-to-date.
Merging microblaze/next (2984128fc4f5 microblaze: Define readq and writeq IO helper function)
$ git merge microblaze/next
Merge made by the 'recursive' strategy.
 arch/microblaze/include/asm/delay.h | 2 ++
 arch/microblaze/include/asm/io.h    | 6 ++++++
 2 files changed, 8 insertions(+)
Merging mips/mips-for-linux-next (e7651b819e90 Merge branch 'for-linus' of git://git.kernel.org/pub/scm/linux/kernel/git/mason/linux-btrfs)
$ git merge mips/mips-for-linux-next
Already up-to-date.
Merging openrisc/for-upstream (548dafe880ad openrisc: Use get_signal() signal_setup_done())
$ git merge openrisc/for-upstream
Already up-to-date.
Merging parisc/for-next (6c700d71f7fa [PARISC] hpux: Remove obsolete regs parameter from do_execve() in hpux_execve())
$ git merge parisc/for-next
Already up-to-date.
Merging parisc-hd/for-next (a0254d5f920c parisc: Make EWOULDBLOCK be equal to EAGAIN on parisc)
$ git merge parisc-hd/for-next
Recorded preimage for 'arch/parisc/include/asm/elf.h'
Auto-merging arch/parisc/include/asm/elf.h
CONFLICT (content): Merge conflict in arch/parisc/include/asm/elf.h
Automatic merge failed; fix conflicts and then commit the result.
$ git merge --abort
Merging powerpc/next (f878f84373ae powerpc: Wire up sched_setattr and sched_getattr syscalls)
$ git merge powerpc/next
Already up-to-date.
Merging mpc5xxx/next (bc7505942233 powerpc/512x: dts: add MPC5125 clock specs)
$ git merge mpc5xxx/next
Already up-to-date.
Merging galak/next (9e2ecdbba3b0 powerpc/fsl-booke: add the reg prop for pci bridge device node for T4/B4)
$ git merge galak/next
Already up-to-date.
Merging s390/features (78191cf710b7 s390/uaccess: introduce 'uaccesspt' kernel parameter)
$ git merge s390/features
Merge made by the 'recursive' strategy.
 arch/s390/appldata/appldata_base.c |   1 +
 arch/s390/include/asm/ccwdev.h     |   4 +-
 arch/s390/include/asm/futex.h      |  13 ++-
 arch/s390/include/asm/setup.h      |   3 -
 arch/s390/include/asm/uaccess.h    | 172 ++++++++++++++++---------------------
 arch/s390/kernel/early.c           |   2 -
 arch/s390/kernel/setup.c           |  17 ----
 arch/s390/lib/Makefile             |   3 +-
 arch/s390/lib/uaccess.h            |   8 +-
 arch/s390/lib/uaccess_mvcos.c      | 116 +++++++++++++++++++------
 arch/s390/lib/uaccess_pt.c         |  69 ++++++---------
 arch/s390/mm/maccess.c             |   4 +-
 drivers/s390/char/con3215.c        |   8 +-
 drivers/s390/char/con3270.c        |   6 +-
 drivers/s390/char/raw3270.c        |  17 +++-
 drivers/s390/char/raw3270.h        |   2 +-
 drivers/s390/cio/device.c          |  52 ++++++-----
 drivers/s390/cio/qdio.h            |  14 ++-
 drivers/s390/cio/qdio_main.c       |   2 +-
 19 files changed, 274 insertions(+), 239 deletions(-)
Merging sparc-next/master (049ffa8ab33a Merge branch 'drm-next' of git://people.freedesktop.org/~airlied/linux)
$ git merge sparc-next/master
Already up-to-date.
Merging tile/master (5e01dc7b26d9 Linux 3.12)
$ git merge tile/master
Already up-to-date.
Merging uml/next (989e59fa41c5 um: Include generic barrier.h)
$ git merge uml/next
Resolved 'arch/um/include/asm/Kbuild' using previous resolution.
Removing arch/x86/um/shared/sysdep/skas_ptrace.h
Removing arch/um/sys-ppc/shared/sysdep/skas_ptrace.h
Removing arch/um/sys-ia64/sysdep/skas_ptrace.h
Removing arch/um/include/shared/skas_ptrace.h
Removing arch/um/include/shared/skas/proc_mm.h
Auto-merging arch/um/include/asm/Kbuild
CONFLICT (content): Merge conflict in arch/um/include/asm/Kbuild
Automatic merge failed; fix conflicts and then commit the result.
$ git commit -v -a
[master 798ab71c6826] Merge remote-tracking branch 'uml/next'
$ git diff -M --stat --summary HEAD^..
 arch/um/include/shared/os.h                 |   2 -
 arch/um/include/shared/skas/proc_mm.h       |  44 ------
 arch/um/include/shared/skas/skas.h          |   3 -
 arch/um/include/shared/skas_ptrace.h        |  14 --
 arch/um/kernel/ptrace.c                     |  32 ----
 arch/um/kernel/reboot.c                     |  35 ++---
 arch/um/kernel/skas/mmu.c                   |  68 +++------
 arch/um/kernel/skas/process.c               |  27 ----
 arch/um/kernel/trap.c                       |   2 +-
 arch/um/kernel/um_arch.c                    |  10 --
 arch/um/os-Linux/process.c                  |  16 --
 arch/um/os-Linux/skas/mem.c                 | 100 ++----------
 arch/um/os-Linux/skas/process.c             | 200 ++++++------------------
 arch/um/os-Linux/start_up.c                 | 154 -------------------
 arch/um/sys-ia64/sysdep/skas_ptrace.h       |  22 ---
 arch/um/sys-ppc/shared/sysdep/skas_ptrace.h |  22 ---
 arch/x86/um/ldt.c                           | 227 ++++++----------------------
 arch/x86/um/shared/sysdep/faultinfo_32.h    |   3 -
 arch/x86/um/shared/sysdep/faultinfo_64.h    |   3 -
 arch/x86/um/shared/sysdep/skas_ptrace.h     |  22 ---
 20 files changed, 148 insertions(+), 858 deletions(-)
 delete mode 100644 arch/um/include/shared/skas/proc_mm.h
 delete mode 100644 arch/um/include/shared/skas_ptrace.h
 delete mode 100644 arch/um/sys-ia64/sysdep/skas_ptrace.h
 delete mode 100644 arch/um/sys-ppc/shared/sysdep/skas_ptrace.h
 delete mode 100644 arch/x86/um/shared/sysdep/skas_ptrace.h
Merging unicore32/unicore32 (c284464658ac arch/unicore32: remove CONFIG_EXPERIMENTAL)
$ git merge unicore32/unicore32
Already up-to-date.
Merging xtensa/for_next (c0e50d41126e xtensa: fix fast_syscall_spill_registers)
$ git merge xtensa/for_next
Merge made by the 'recursive' strategy.
 arch/xtensa/include/asm/io.h      |   2 +-
 arch/xtensa/include/asm/traps.h   |  44 ++--
 arch/xtensa/include/asm/vectors.h |   2 +-
 arch/xtensa/kernel/entry.S        | 449 ++++++++++++++++++++------------------
 arch/xtensa/kernel/time.c         |   1 +
 arch/xtensa/kernel/vectors.S      |   2 +-
 arch/xtensa/kernel/xtensa_ksyms.c |   2 -
 arch/xtensa/mm/mmu.c              |   2 +-
 8 files changed, 264 insertions(+), 240 deletions(-)
Merging btrfs/next (cf93da7bcf45 Btrfs: fix spin_unlock in check_ref_cleanup)
$ git merge btrfs/next
Already up-to-date.
Merging ceph/master (125d725c9235 ceph: cast PAGE_SIZE to size_t in ceph_sync_write())
$ git merge ceph/master
Already up-to-date.
Merging cifs/for-next (04a50c7a79ab [CIFS] retrieving CIFS ACLs when mounted with SMB2 fails  dropping session)
$ git merge cifs/for-next
Merge made by the 'recursive' strategy.
 fs/cifs/cifsacl.c  | 28 ++++++++++++++++++++++++----
 fs/cifs/cifsglob.h |  4 ++++
 fs/cifs/inode.c    | 13 +++++++++----
 fs/cifs/smb1ops.c  |  8 ++++++++
 fs/cifs/xattr.c    | 15 +++++++++++----
 5 files changed, 56 insertions(+), 12 deletions(-)
Merging configfs/linux-next (b930c26416c4 Merge branch 'for-linus' of git://git.kernel.org/pub/scm/linux/kernel/git/mason/linux-btrfs)
$ git merge configfs/linux-next
Already up-to-date.
Merging ecryptfs/next (9e78d14a9f64 Use %pd in eCryptFS)
$ git merge ecryptfs/next
Auto-merging fs/ecryptfs/inode.c
Merge made by the 'recursive' strategy.
 fs/ecryptfs/file.c  |  4 ++--
 fs/ecryptfs/inode.c | 12 ++++++------
 2 files changed, 8 insertions(+), 8 deletions(-)
Merging ext3/for_next (4ea7772f828a udf: Fix lockdep warning from udf_symlink())
$ git merge ext3/for_next
Already up-to-date.
Merging ext4/dev (d7092ae2973f ext4: delete "set but not used" variables)
$ git merge ext4/dev
Already up-to-date.
Merging f2fs/dev (d891ea23d520 Merge branch 'for-linus' of git://git.kernel.org/pub/scm/linux/kernel/git/sage/ceph-client)
$ git merge f2fs/dev
Already up-to-date.
Merging fscache/fscache (7c604e5d6e56 FS-Cache: Fix handling of an attempt to store a page that is now beyond EOF)
$ git merge fscache/fscache
Merge made by the 'recursive' strategy.
 fs/fscache/page.c | 37 ++++++++++++++++++++++++++++++++++++-
 1 file changed, 36 insertions(+), 1 deletion(-)
Merging fuse/for-next (b2ec2778df9d fuse: Turn writeback cache on)
$ git merge fuse/for-next
Auto-merging fs/fuse/file.c
Merge made by the 'recursive' strategy.
 fs/fuse/cuse.c            |   5 +-
 fs/fuse/dir.c             | 119 +++++++++++++++++----
 fs/fuse/file.c            | 257 ++++++++++++++++++++++++++++++++++++----------
 fs/fuse/fuse_i.h          |  22 +++-
 fs/fuse/inode.c           |  29 ++++--
 include/uapi/linux/fuse.h |   5 +
 6 files changed, 355 insertions(+), 82 deletions(-)
Merging gfs2/master (885bceca7ff1 GFS2: Plug on AIL flush)
$ git merge gfs2/master
Merge made by the 'recursive' strategy.
 fs/gfs2/log.c | 4 ++++
 1 file changed, 4 insertions(+)
Merging jfs/jfs-next (0439e091e3b1 jfs: fix xattr value size overflow in __jfs_setxattr)
$ git merge jfs/jfs-next
Already up-to-date.
Merging logfs/master (339466142b3f Fix the call to BUG() caused by no free segment found)
$ git merge logfs/master
Auto-merging fs/logfs/super.c
Merge made by the 'recursive' strategy.
 fs/logfs/dev_mtd.c | 2 +-
 fs/logfs/super.c   | 6 +++---
 2 files changed, 4 insertions(+), 4 deletions(-)
Merging nfs/linux-next (88a78a912ee0 Merge branch 'acl_fixes' into linux-next)
$ git merge nfs/linux-next
Merge made by the 'recursive' strategy.
 fs/nfs/nfs3acl.c        | 34 ++++++++++++----------------------
 fs/nfs/nfs4client.c     |  2 +-
 fs/nfs/nfs4proc.c       |  8 ++++----
 fs/nfs/nfs4session.c    | 25 ++++++++++++++++++++-----
 fs/nfs/nfs4session.h    |  2 +-
 fs/posix_acl.c          | 18 ++++++++++++------
 include/linux/nfs_xdr.h |  2 ++
 7 files changed, 52 insertions(+), 39 deletions(-)
Merging nfsd/nfsd-next (ed47b062ce95 nfsd: consider CLAIM_FH when handing out delegation)
$ git merge nfsd/nfsd-next
Already up-to-date.
Merging omfs/for-next (976d167615b6 Linux 3.1-rc9)
$ git merge omfs/for-next
Already up-to-date.
Merging squashfs/master (6d565409503f Squashfs: fix failure to unlock pages on decompress error)
$ git merge squashfs/master
Already up-to-date.
Merging v9fs/for-next (38dbfb59d117 Linus 3.14-rc1)
$ git merge v9fs/for-next
Already up-to-date.
Merging ubifs/linux-next (c23e9b75ccd0 UBIFS: remove invalid warn msg with tst_recovery enabled)
$ git merge ubifs/linux-next
Already up-to-date.
Merging xfs/for-next (7c71ee78031c xfs: allow logical-sector sized O_DIRECT)
$ git merge xfs/for-next
Already up-to-date.
Merging file-private-locks/linux-next (1ed1950c412f locks: add new fcntl cmd values for handling file private locks)
$ git merge file-private-locks/linux-next
Auto-merging MAINTAINERS
Merge made by the 'recursive' strategy.
 MAINTAINERS                       |   2 +
 arch/arm/kernel/sys_oabi-compat.c |   3 +
 fs/compat.c                       |  35 +++-
 fs/fcntl.c                        |  37 ++--
 fs/file_table.c                   |   2 +-
 fs/locks.c                        | 349 +++++++++++++++++++++++---------------
 include/linux/fs.h                |  21 ++-
 include/uapi/asm-generic/fcntl.h  |  19 ++-
 security/selinux/hooks.c          |   3 +
 9 files changed, 303 insertions(+), 168 deletions(-)
Merging vfs/for-next (527d1511310a Merge branch 'next' of git://git.kernel.org/pub/scm/linux/kernel/git/benh/powerpc)
$ git merge vfs/for-next
Already up-to-date.
Merging pci/next (17f2d86f5d53 Merge branch 'pci/numa-cleanup' into next)
$ git merge pci/next
Merge made by the 'recursive' strategy.
 arch/ia64/hp/common/sba_iommu.c |  32 ++++------
 arch/ia64/include/asm/pci.h     |   2 +-
 arch/ia64/kernel/acpi.c         |  28 +++------
 arch/ia64/pci/pci.c             |  10 +---
 arch/x86/include/asm/pci.h      |   7 +--
 arch/x86/include/asm/topology.h |  14 +----
 arch/x86/pci/acpi.c             |  29 ++-------
 arch/x86/pci/amd_bus.c          |  10 ----
 arch/x86/pci/bus_numa.c         |  13 +++-
 arch/x86/pci/common.c           | 128 +++++-----------------------------------
 arch/x86/pci/fixup.c            |   6 +-
 arch/x86/pci/irq.c              |   6 +-
 arch/x86/pci/legacy.c           |   4 +-
 arch/x86/pci/numaq_32.c         |   6 +-
 arch/x86/pci/visws.c            |   4 +-
 drivers/acpi/numa.c             |  16 ++---
 include/acpi/acpi_numa.h        |   1 -
 include/linux/acpi.h            |   9 +--
 18 files changed, 75 insertions(+), 250 deletions(-)
Merging hid/for-next (59b459e82f1e Merge branch 'for-3.15/sony' into for-next)
$ git merge hid/for-next
Auto-merging drivers/hid/i2c-hid/i2c-hid.c
Auto-merging drivers/hid/hid-ids.h
Auto-merging drivers/hid/hid-core.c
Merge made by the 'recursive' strategy.
 drivers/hid/Kconfig           |   1 +
 drivers/hid/hid-core.c        |   1 +
 drivers/hid/hid-ids.h         |   1 +
 drivers/hid/hid-input.c       |   3 +
 drivers/hid/hid-microsoft.c   |  74 ++++++++++++-
 drivers/hid/hid-sony.c        | 240 +++++++++++++++++++++++++++++++++++++++++-
 drivers/hid/i2c-hid/i2c-hid.c |  68 ++++++++++--
 drivers/hid/uhid.c            |  27 +++++
 drivers/hid/usbhid/hid-core.c |  78 ++++++++++++++
 include/linux/hid.h           |   8 +-
 net/bluetooth/hidp/core.c     |  90 ++++++++++++++++
 11 files changed, 574 insertions(+), 17 deletions(-)
Merging i2c/i2c/for-next (9b0cd304f26b Merge branch 'drm-next' of git://people.freedesktop.org/~airlied/linux)
$ git merge i2c/i2c/for-next
Already up-to-date.
Merging jdelvare-hwmon/master (4fada9bfd39d hwmon: (lm80) Convert to use devm_hwmon_device_register_with_groups)
$ git merge jdelvare-hwmon/master
Merge made by the 'recursive' strategy.
 drivers/hwmon/adm1021.c |  70 +++++++---------------
 drivers/hwmon/f71805f.c |   2 +-
 drivers/hwmon/lm63.c    | 156 +++++++++++++++++++-----------------------------
 drivers/hwmon/lm80.c    |  70 +++++++---------------
 4 files changed, 108 insertions(+), 190 deletions(-)
Merging hwmon-staging/hwmon-next (d303b1b5fbb6 hwmon: (k10temp) Add support for Kaveri CPUs)
$ git merge hwmon-staging/hwmon-next
Already up-to-date.
Merging v4l-dvb/master (167f4555184b Merge branch fixes_for_upstream into to_next)
$ git merge v4l-dvb/master
Already up-to-date!
Merge made by the 'recursive' strategy.
Merging kbuild/for-next (853e265ed4aa Merge branch 'kbuild/kbuild' into kbuild/for-next)
$ git merge kbuild/for-next
Already up-to-date!
Merge made by the 'recursive' strategy.
Merging kconfig/for-next (95edca5c523c localmodconfig: Add config depends by default settings)
$ git merge kconfig/for-next
Already up-to-date.
Merging libata/for-next (efb9e0f4f437 ata: enable quirk from jmicron JMB350 for JMB394)
$ git merge libata/for-next
Merge made by the 'recursive' strategy.
 drivers/ata/Kconfig      | 1 +
 drivers/ata/libata-pmp.c | 7 +++++--
 drivers/ata/pata_imx.c   | 8 ++++++--
 3 files changed, 12 insertions(+), 4 deletions(-)
Merging pm/linux-next (736c38c05cfb Merge branch 'acpi-pci-hotplug' into linux-next)
$ git merge pm/linux-next
Merge made by the 'recursive' strategy.
 drivers/pci/hotplug/acpiphp_glue.c | 16 ++++++++++------
 1 file changed, 10 insertions(+), 6 deletions(-)
Merging idle/next (3b4d5c7fec0a tools/power turbostat: introduce -s to dump counters)
$ git merge idle/next
Already up-to-date.
Merging apm/for-next (158204397034 apm-emulation: add hibernation APM events to support suspend2disk)
$ git merge apm/for-next
Already up-to-date.
Merging cpupowerutils/master (f16603386b38 cpupower tools: add install target to the debug tools' makefiles)
$ git merge cpupowerutils/master
Already up-to-date.
Merging thermal/next (262afa97587b Merge branches 'soc-eduardo', 'soc', 'misc' and 'int3404-thermal' of .git into next)
$ git merge thermal/next
Resolved 'drivers/thermal/Kconfig' using previous resolution.
Auto-merging drivers/thermal/Kconfig
CONFLICT (content): Merge conflict in drivers/thermal/Kconfig
Automatic merge failed; fix conflicts and then commit the result.
$ git commit -v -a
[master a3f145f63109] Merge remote-tracking branch 'thermal/next'
$ git diff -M --stat --summary HEAD^..
 drivers/thermal/Kconfig | 12 ++++++++++--
 1 file changed, 10 insertions(+), 2 deletions(-)
Merging ieee1394/for-next (fcd46b34425d firewire: Enable remote DMA above 4 GB)
$ git merge ieee1394/for-next
Already up-to-date.
Merging dlm/next (ece35848c184 dlm: set zero linger time on sctp socket)
$ git merge dlm/next
Already up-to-date.
Merging swiotlb/linux-next (0cb637bff80d swiotlb: Don't DoS us with 'swiotlb buffer is full' (v2))
$ git merge swiotlb/linux-next
Already up-to-date.
Merging slave-dma/next (38dbfb59d117 Linus 3.14-rc1)
$ git merge slave-dma/next
Already up-to-date.
Merging dmaengine/next (77873803363c net_dma: mark broken)
$ git merge dmaengine/next
Already up-to-date.
Merging net-next/master (77d143de7581 Merge branch 'for-linus' of git://git.kernel.org/pub/scm/linux/kernel/git/rw/uml)
$ git merge net-next/master
Already up-to-date.
Merging ipsec-next/master (abfce3ef58b6 sctp: remove the unnecessary assignment)
$ git merge ipsec-next/master
Already up-to-date.
Merging wireless-next/master (38dbfb59d117 Linus 3.14-rc1)
$ git merge wireless-next/master
Already up-to-date.
Merging bluetooth/master (d04261db142d Bluetooth: Add constants for LTK key types)
$ git merge bluetooth/master
Auto-merging net/bluetooth/l2cap_sock.c
Auto-merging drivers/bluetooth/btusb.c
Auto-merging drivers/bluetooth/ath3k.c
Merge made by the 'recursive' strategy.
 drivers/bluetooth/ath3k.c         |   4 +
 drivers/bluetooth/btusb.c         |   2 +
 include/net/bluetooth/bluetooth.h |   1 +
 include/net/bluetooth/hci.h       |  47 +++-
 include/net/bluetooth/hci_core.h  |  49 +++-
 include/net/bluetooth/l2cap.h     |   6 +-
 include/net/bluetooth/mgmt.h      |  22 +-
 include/net/bluetooth/rfcomm.h    |   1 +
 net/bluetooth/a2mp.c              |   8 +-
 net/bluetooth/hci_conn.c          |  62 +++--
 net/bluetooth/hci_core.c          | 169 +++++++++---
 net/bluetooth/hci_event.c         | 162 ++++++++---
 net/bluetooth/hci_sysfs.c         |  18 +-
 net/bluetooth/l2cap_core.c        | 559 ++++++++++++++++++++------------------
 net/bluetooth/l2cap_sock.c        |  33 ++-
 net/bluetooth/mgmt.c              | 286 ++++++++++++++++---
 net/bluetooth/rfcomm/core.c       |   4 +-
 net/bluetooth/rfcomm/sock.c       |  15 +-
 net/bluetooth/smp.c               |   7 +-
 19 files changed, 1013 insertions(+), 442 deletions(-)
Merging infiniband/for-next (fb1b5034e498 Merge branch 'ip-roce' into for-next)
$ git merge infiniband/for-next
Already up-to-date.
Merging mtd/master (0e47c969c65e Merge tag 'for-linus-20140127' of git://git.infradead.org/linux-mtd)
$ git merge mtd/master
Already up-to-date.
Merging l2-mtd/master (0ff76a920e35 mtd: gpmi: add sanity check when mapping DMA for read_buf/write_buf)
$ git merge l2-mtd/master
Already up-to-date.
Merging crypto/master (79ba451d66ca crypto: aesni - fix build on x86 (32bit))
$ git merge crypto/master
Already up-to-date.
Merging drm/drm-next (ef64cf9d0604 Merge branch 'drm-nouveau-next' of git://anongit.freedesktop.org/git/nouveau/linux-2.6 into drm-next)
$ git merge drm/drm-next
Already up-to-date.
Merging drm-intel/for-linux-next (2cac613be8d4 drm/i915: vlv: fix DP PHY lockup due to invalid PP sequencer setup)
$ git merge drm-intel/for-linux-next
Merge made by the 'recursive' strategy.
 drivers/gpu/drm/i915/intel_dp.c | 10 ++++++----
 1 file changed, 6 insertions(+), 4 deletions(-)
Merging drm-tegra/drm/for-next (13411ddd3190 drm/tegra: Obtain head number from DT)
$ git merge drm-tegra/drm/for-next
Already up-to-date.
Merging sound/for-next (3e887f379d8a ALSA: hda - Add mute LED support to Lenovo Ideapad)
$ git merge sound/for-next
Merge made by the 'recursive' strategy.
 sound/pci/hda/hda_generic.c    |   2 +-
 sound/pci/hda/hda_intel.c      |  23 +-
 sound/pci/hda/patch_conexant.c | 804 ++++++++++++++++++++---------------------
 sound/pci/hda/patch_realtek.c  |  42 ++-
 sound/usb/card.c               |  18 +-
 sound/usb/mixer.c              |  99 ++++-
 sound/usb/mixer.h              |   7 +-
 7 files changed, 535 insertions(+), 460 deletions(-)
Merging sound-asoc/for-next (f6cd1d8dc2cc Merge remote-tracking branches 'asoc/topic/simple', 'asoc/topic/tlv320aic32x4' and 'asoc/topic/wm8962' into asoc-next)
$ git merge sound-asoc/for-next
Merge made by the 'recursive' strategy.
 .../bindings/sound/davinci-evm-audio.txt           |   9 +-
 .../devicetree/bindings/sound/tlv320aic32x4.txt    |  18 +
 include/linux/platform_data/davinci_asp.h          |   4 +-
 include/sound/rcar_snd.h                           |   7 +
 include/sound/simple_card.h                        |   4 -
 include/sound/soc.h                                |  15 +
 sound/soc/codecs/Kconfig                           |  97 ++--
 sound/soc/codecs/pcm1681.c                         |  15 +-
 sound/soc/codecs/pcm1792a.c                        |  33 +-
 sound/soc/codecs/tlv320aic32x4.c                   |  55 +-
 sound/soc/codecs/wm5102.c                          |  17 +-
 sound/soc/codecs/wm5110.c                          |  17 +-
 sound/soc/codecs/wm8962.c                          |  31 +-
 sound/soc/codecs/wm8997.c                          |  17 +-
 sound/soc/codecs/wm_adsp.c                         |   2 +
 sound/soc/davinci/davinci-evm.c                    |  59 +-
 sound/soc/davinci/davinci-mcasp.c                  | 233 ++++----
 sound/soc/fsl/fsl_spdif.c                          |   4 +-
 sound/soc/generic/simple-card.c                    | 170 +++---
 sound/soc/samsung/Kconfig                          |   6 +-
 sound/soc/samsung/h1940_uda1380.c                  |   7 +-
 sound/soc/samsung/rx1950_uda1380.c                 |   5 -
 sound/soc/sh/rcar/adg.c                            | 158 +++++-
 sound/soc/sh/rcar/core.c                           |  70 ++-
 sound/soc/sh/rcar/gen.c                            |  38 +-
 sound/soc/sh/rcar/rsnd.h                           |  66 ++-
 sound/soc/sh/rcar/scu.c                            | 605 +++++++++++++++------
 sound/soc/sh/rcar/ssi.c                            | 222 ++------
 sound/soc/soc-core.c                               |  70 ++-
 29 files changed, 1350 insertions(+), 704 deletions(-)
 create mode 100644 Documentation/devicetree/bindings/sound/tlv320aic32x4.txt
Merging modules/modules-next (22e669568d51 module: Add missing newline in printk call.)
$ git merge modules/modules-next
Already up-to-date.
Merging virtio/virtio-next (05c54de8c88c drivers: virtio: Mark function virtballoon_migratepage() as static in virtio_balloon.c)
$ git merge virtio/virtio-next
Already up-to-date.
Merging input/next (50fe03da82b4 Input: uinput - add UI_GET_SYSNAME ioctl to retrieve the sysfs path)
$ git merge input/next
Auto-merging drivers/input/touchscreen/zforce_ts.c
Merge made by the 'recursive' strategy.
 .../bindings/input/touchscreen/zforce_ts.txt       | 30 +++++++
 drivers/input/misc/uinput.c                        | 96 +++++++++++++++-------
 drivers/input/misc/wistron_btns.c                  | 19 +++++
 drivers/input/tablet/gtco.c                        |  2 +-
 drivers/input/touchscreen/zforce_ts.c              | 95 +++++++++++++++++----
 include/linux/uinput.h                             |  2 +
 include/uapi/linux/uinput.h                        | 13 ++-
 7 files changed, 209 insertions(+), 48 deletions(-)
 create mode 100644 Documentation/devicetree/bindings/input/touchscreen/zforce_ts.txt
Merging input-mt/for-next (5e01dc7b26d9 Linux 3.12)
$ git merge input-mt/for-next
Already up-to-date.
Merging cgroup/for-next (0a6be6555302 nfs: include xattr.h from fs/nfs/nfs3proc.c)
$ git merge cgroup/for-next
Auto-merging MAINTAINERS
Merge made by the 'recursive' strategy.
 MAINTAINERS              | 2 ++
 arch/arm/mach-tegra/pm.c | 1 +
 fs/nfs/nfs3proc.c        | 1 +
 kernel/power/console.c   | 1 +
 mm/vmpressure.c          | 1 +
 5 files changed, 6 insertions(+)
Merging block/for-next (2a53fee6859b Merge branch 'for-3.14/core' into for-next)
$ git merge block/for-next
Auto-merging lib/percpu_ida.c
Merge made by the 'recursive' strategy.
 block/blk-flush.c      |  8 +++++---
 block/blk-mq.c         | 46 ++++++++++++++++++++++++++++++----------------
 include/linux/blk-mq.h |  3 +++
 lib/percpu_ida.c       |  7 ++-----
 4 files changed, 40 insertions(+), 24 deletions(-)
Merging device-mapper/for-next (254068f1404c dm cache: do not add migration to completed list before unhooking bio)
$ git merge device-mapper/for-next
Auto-merging drivers/md/dm-cache-target.c
Merge made by the 'recursive' strategy.
 drivers/md/dm-cache-target.c | 8 +++++---
 1 file changed, 5 insertions(+), 3 deletions(-)
Merging embedded/master (4744b43431e8 embedded: fix vc_translate operator precedence)
$ git merge embedded/master
Already up-to-date.
Merging firmware/master (6e03a201bbe8 firmware: speed up request_firmware(), v3)
$ git merge firmware/master
Already up-to-date.
Merging pcmcia/master (80af9e6d7ae6 pcmcia at91_cf: fix raw gpio number usage)
$ git merge pcmcia/master
Already up-to-date.
Merging mmc/mmc-next (945be38caa28 mmc: sdhci-pci: Fix possibility of chip->fixes being null)
$ git merge mmc/mmc-next
Already up-to-date.
Merging kgdb/kgdb-next (6bedf31c25dd kdb: Remove unhandled ssb command)
$ git merge kgdb/kgdb-next
Merge made by the 'recursive' strategy.
Merging slab/for-next (26e4f2057516 slub: Fix possible format string bug.)
$ git merge slab/for-next
Already up-to-date.
Merging uclinux/for-next (6dbe51c251a3 Linux 3.9-rc1)
$ git merge uclinux/for-next
Already up-to-date.
Merging md/for-next (7da9d450ab28 md/raid5: close recently introduced race in stripe_head management.)
$ git merge md/for-next
Already up-to-date.
Merging mfd/master (90b128ed1557 Merge tag 'mfd-lee-3.13-3' of git://git.linaro.org/people/ljones/mfd)
$ git merge mfd/master
Already up-to-date.
Merging mfd-lj/for-mfd-next (4d0621451ff2 mfd: wm5110: Make additional DSP registers available to the user)
$ git merge mfd-lj/for-mfd-next
Merge made by the 'recursive' strategy.
 drivers/mfd/Kconfig                   |   6 +-
 drivers/mfd/max14577.c                |   5 +-
 drivers/mfd/wm5102-tables.c           |  35 +++++++
 drivers/mfd/wm5110-tables.c           | 168 ++++++++++++++++++++++++++++++++++
 include/linux/mfd/arizona/registers.h |  84 +++++++++++++++++
 include/linux/mfd/max14577-private.h  |   8 --
 include/linux/mfd/max14577.h          |   5 -
 7 files changed, 294 insertions(+), 17 deletions(-)
Merging battery/master (ac323d8d8070 power: max17040: Fix NULL pointer dereference when there is no platform_data)
$ git merge battery/master
Merge made by the 'recursive' strategy.
 .../devicetree/bindings/power/bq2415x.txt          | 47 ++++++++++++++++++++++
 drivers/power/ds2782_battery.c                     |  2 +-
 drivers/power/isp1704_charger.c                    |  2 -
 drivers/power/max17040_battery.c                   |  5 ++-
 4 files changed, 51 insertions(+), 5 deletions(-)
 create mode 100644 Documentation/devicetree/bindings/power/bq2415x.txt
Merging fbdev/for-next (718b90ac4c21 video: xilinxfb: Simplify error path)
$ git merge fbdev/for-next
Already up-to-date.
Merging viafb/viafb-next (838ac785d521 viafb: avoid refresh and mode lookup in set_par)
$ git merge viafb/viafb-next
Already up-to-date.
Merging omap_dss2/for-next (cb1fbad7ec25 Merge branches '3.14/fbdev', '3.14/dss-misc' and '3.14/dss-fclk' into for-next)
$ git merge omap_dss2/for-next
Already up-to-date.
Merging regulator/for-next (f8331d726b31 Merge remote-tracking branches 'regulator/topic/gpio', 'regulator/topic/max14577' and 'regulator/topic/ti-abb' into regulator-next)
$ git merge regulator/for-next
Merge made by the 'recursive' strategy.
 .../bindings/regulator/ti-abb-regulator.txt        |  6 +-
 drivers/regulator/ab3100.c                         |  4 +-
 drivers/regulator/core.c                           |  9 ++-
 drivers/regulator/gpio-regulator.c                 |  4 +-
 drivers/regulator/max14577.c                       |  8 +-
 drivers/regulator/pfuze100-regulator.c             |  2 +-
 drivers/regulator/s2mps11.c                        |  5 +-
 drivers/regulator/ti-abb-regulator.c               | 86 ++++++++++++++--------
 8 files changed, 78 insertions(+), 46 deletions(-)
Merging security/next (923b49ff69fc Merge branch 'master' of git://git.infradead.org/users/pcmoore/selinux into next)
$ git merge security/next
Already up-to-date.
Merging selinux/next (41be702a542a Merge tag 'v3.13' into next)
$ git merge selinux/next
Merge made by the 'recursive' strategy.
Merging lblnet/master (07bc9dc1b01b Merge branch 'merge' of git://git.kernel.org/pub/scm/linux/kernel/git/benh/powerpc)
$ git merge lblnet/master
Already up-to-date.
Merging watchdog/master (135d65c3b5d3 watchdog: dw_wdt: Add dependency on HAS_IOMEM)
$ git merge watchdog/master
Merge made by the 'recursive' strategy.
 drivers/watchdog/Kconfig | 1 +
 1 file changed, 1 insertion(+)
Merging dwmw2-iommu/master (e5d0c874391a Merge tag 'iommu-updates-v3.12' of git://git.kernel.org/pub/scm/linux/kernel/git/joro/iommu)
$ git merge dwmw2-iommu/master
Already up-to-date.
Merging iommu/next (dd1a175695ed Merge branches 'arm/smmu', 'core', 'x86/vt-d', 'arm/shmobile', 'x86/amd', 'ppc/pamu', 'iommu/fixes' and 'arm/msm' into next)
$ git merge iommu/next
Already up-to-date.
Merging vfio/next (3be3a074cf5b vfio-pci: Don't use device_lock around AER interrupt setup)
$ git merge vfio/next
Already up-to-date.
Merging osd/linux-next (19350e7627a6 exofs: Print less in r4w)
$ git merge osd/linux-next
Already up-to-date.
Merging jc_docs/docs-next (5c050fb96380 docs: update the development process document)
$ git merge jc_docs/docs-next
Already up-to-date.
Merging trivial/for-next (8cc7212a0361 idr: remove unused prototype of idr_free())
$ git merge trivial/for-next
Merge made by the 'recursive' strategy.
 include/linux/idr.h | 1 -
 1 file changed, 1 deletion(-)
Merging audit/master (f3411cb2b2e3 audit: whitespace fix in kernel-parameters.txt)
$ git merge audit/master
Already up-to-date.
Merging fsnotify/for-next (1ca39ab9d21a inotify: automatically restart syscalls)
$ git merge fsnotify/for-next
Already up-to-date.
Merging devicetree/devicetree/next (cf4c9eb5a451 of: make of_get_phy_mode parse 'phy-connection-type')
$ git merge devicetree/devicetree/next
Merge made by the 'recursive' strategy.
 drivers/of/of_net.c                  |  11 +-
 scripts/dtc/dtc-parser.tab.c_shipped | 469 +++++++++++++++--------------------
 scripts/dtc/dtc-parser.tab.h_shipped |  36 ++-
 scripts/dtc/dtc.c                    | 119 +++++----
 scripts/dtc/dtc.h                    |   1 -
 scripts/dtc/srcpos.c                 |   6 +-
 scripts/dtc/update-dtc-source.sh     |  54 ++++
 scripts/dtc/util.c                   | 141 ++++++++++-
 scripts/dtc/util.h                   | 107 +++++++-
 scripts/dtc/version_gen.h            |   2 +-
 10 files changed, 577 insertions(+), 369 deletions(-)
 create mode 100755 scripts/dtc/update-dtc-source.sh
Merging dt-rh/for-next (e48ca29d30a1 dt-bindings: add rockchip vendor prefix)
$ git merge dt-rh/for-next
Already up-to-date.
Merging spi/for-next (05a3c122041e Merge remote-tracking branches 'spi/topic/sirf', 'spi/topic/tegra114' and 'spi/topic/xfer' into spi-next)
$ git merge spi/for-next
Merge made by the 'recursive' strategy.
 Documentation/devicetree/bindings/spi/spi-rspi.txt |  59 ++
 Documentation/spi/spi-summary                      |  17 +-
 drivers/spi/Kconfig                                |   6 +-
 drivers/spi/spi-altera.c                           |   1 -
 drivers/spi/spi-ath79.c                            |   1 -
 drivers/spi/spi-atmel.c                            |   1 -
 drivers/spi/spi-bcm63xx.c                          |   1 -
 drivers/spi/spi-bfin-sport.c                       |   1 -
 drivers/spi/spi-bitbang.c                          |   1 -
 drivers/spi/spi-clps711x.c                         |  82 +-
 drivers/spi/spi-dw-mmio.c                          |   2 +-
 drivers/spi/spi-gpio.c                             |   1 -
 drivers/spi/spi-imx.c                              |   1 -
 drivers/spi/spi-mpc512x-psc.c                      |   1 -
 drivers/spi/spi-mpc52xx-psc.c                      |   1 -
 drivers/spi/spi-mpc52xx.c                          |   1 -
 drivers/spi/spi-mxs.c                              |   1 -
 drivers/spi/spi-nuc900.c                           |   3 +-
 drivers/spi/spi-oc-tiny.c                          |   1 -
 drivers/spi/spi-octeon.c                           |   4 +-
 drivers/spi/spi-omap2-mcspi.c                      |  51 +-
 drivers/spi/spi-orion.c                            |   1 -
 drivers/spi/spi-pl022.c                            |   4 +-
 drivers/spi/spi-ppc4xx.c                           |   1 -
 drivers/spi/spi-pxa2xx-dma.c                       |   1 -
 drivers/spi/spi-pxa2xx-pxadma.c                    |   1 -
 drivers/spi/spi-rspi.c                             | 842 ++++++++++++++-------
 drivers/spi/spi-s3c24xx.c                          |   1 -
 drivers/spi/spi-s3c64xx.c                          | 178 +++--
 drivers/spi/spi-sc18is602.c                        |   9 -
 drivers/spi/spi-sh-msiof.c                         |   1 -
 drivers/spi/spi-sh-sci.c                           |   1 -
 drivers/spi/spi-sirf.c                             |  21 +-
 drivers/spi/spi-tegra114.c                         |   5 +-
 drivers/spi/spi-tegra20-sflash.c                   |   1 -
 drivers/spi/spi-tegra20-slink.c                    |   1 -
 drivers/spi/spi-xcomm.c                            |   1 -
 drivers/spi/spi-xilinx.c                           |   1 -
 drivers/spi/spi.c                                  |  98 ++-
 include/linux/spi/spi.h                            |  25 +-
 40 files changed, 949 insertions(+), 481 deletions(-)
 create mode 100644 Documentation/devicetree/bindings/spi/spi-rspi.txt
Merging tip/auto-latest (96c7b29d3cf6 Merge branch 'x86/x32')
$ git merge tip/auto-latest
Auto-merging fs/compat.c
Auto-merging drivers/irqchip/Makefile
Merge made by the 'recursive' strategy.
 .../interrupt-controller/lsi,zevio-intc.txt        |  18 ++
 Documentation/sysctl/kernel.txt                    |  15 +-
 arch/x86/Kconfig                                   |   7 +-
 arch/x86/include/asm/amd_nb.h                      |   2 +-
 arch/x86/include/asm/tlbflush.h                    |   6 +-
 arch/x86/kernel/amd_nb.c                           |   2 +-
 arch/x86/kernel/cpu/amd.c                          |   5 +-
 arch/x86/kernel/cpu/intel.c                        |  10 +-
 arch/x86/kernel/cpu/mtrr/generic.c                 |   4 +-
 arch/x86/kernel/irq.c                              |   9 +-
 arch/x86/kernel/quirks.c                           |  37 +++
 arch/x86/mm/numa_32.c                              |   2 +
 arch/x86/mm/srat.c                                 |  16 +-
 arch/x86/mm/tlb.c                                  |  52 +---
 drivers/irqchip/Makefile                           |   1 +
 drivers/irqchip/irq-zevio.c                        | 127 ++++++++++
 drivers/media/v4l2-core/v4l2-compat-ioctl32.c      |   2 +-
 fs/compat.c                                        |   6 +-
 include/linux/compat.h                             |  23 +-
 include/linux/mcs_spinlock.h                       | 112 +++++++++
 include/linux/mutex.h                              |   5 +-
 include/linux/sched.h                              |  27 ++-
 include/linux/vm_event_item.h                      |   4 +-
 include/linux/vmstat.h                             |   8 +
 ipc/compat.c                                       |  12 +-
 ipc/compat_mq.c                                    |  19 +-
 kernel/compat.c                                    | 112 ++++-----
 kernel/futex_compat.c                              |   2 +-
 kernel/locking/mutex.c                             |  60 +----
 kernel/sched/core.c                                |   6 +-
 kernel/sched/debug.c                               |   6 +-
 kernel/sched/fair.c                                | 264 +++++++++++++++++----
 kernel/sysctl.c                                    |   7 -
 mm/mempolicy.c                                     |  74 +-----
 mm/vmstat.c                                        |   4 +-
 tools/perf/builtin-buildid-cache.c                 |  33 ++-
 tools/perf/builtin-record.c                        |  10 +-
 tools/perf/design.txt                              |   1 -
 tools/perf/perf.h                                  |   4 +-
 tools/perf/tests/vmlinux-kallsyms.c                |  10 -
 tools/perf/util/event.c                            |  36 ++-
 tools/perf/util/event.h                            |   6 +-
 tools/perf/util/include/asm/hash.h                 |   6 +
 tools/perf/util/machine.c                          |  42 +++-
 tools/perf/util/machine.h                          |   2 +
 tools/perf/util/map.c                              |   5 +-
 tools/perf/util/map.h                              |   1 +
 tools/perf/util/symbol-elf.c                       |   4 +-
 tools/perf/util/symbol.c                           |  65 ++++-
 49 files changed, 860 insertions(+), 431 deletions(-)
 create mode 100644 Documentation/devicetree/bindings/interrupt-controller/lsi,zevio-intc.txt
 create mode 100644 drivers/irqchip/irq-zevio.c
 create mode 100644 include/linux/mcs_spinlock.h
 create mode 100644 tools/perf/util/include/asm/hash.h
Merging clockevents/clockevents/next (00e2bcd6d35f clocksource: Timer-sun5i: Switch to sched_clock_register())
$ git merge clockevents/clockevents/next
Already up-to-date.
Merging edac/linux_next (3e45588825c1 cell_edac: fix missing of_node_put)
$ git merge edac/linux_next
Already up-to-date.
Merging edac-amd/for-next (881f0fcef999 EDAC: Don't try to cancel workqueue when it's never setup)
$ git merge edac-amd/for-next
Already up-to-date.
Merging ftrace/for-next (3132e107d608 tracing: Check if tracing is enabled in trace_puts())
$ git merge ftrace/for-next
Already up-to-date.
Merging rcu/rcu/next (98cbc61863d3 Merge commit '0d3c55bc9fd58393bd3bd9974991ec1f815e1326' into HEAD)
$ git merge rcu/rcu/next
Auto-merging include/linux/rcupdate.h
Merge made by the 'recursive' strategy.
 Documentation/memory-barriers.txt | 17 +++++++++++++++++
 include/linux/rcupdate.h          |  8 ++------
 2 files changed, 19 insertions(+), 6 deletions(-)
Merging uprobes/for-next (0326f5a94dde uprobes/core: Handle breakpoint and singlestep exceptions)
$ git merge uprobes/for-next
Already up-to-date.
Merging kvm/linux-next (b73117c49364 Merge branch 'kvm-ppc-next' of git://github.com/agraf/linux-2.6 into kvm-queue)
$ git merge kvm/linux-next
Already up-to-date.
Merging kvm-arm/kvm-arm-next (b73117c49364 Merge branch 'kvm-ppc-next' of git://github.com/agraf/linux-2.6 into kvm-queue)
$ git merge kvm-arm/kvm-arm-next
Already up-to-date.
Merging kvm-ppc/kvm-ppc-next (4068890931f6 KVM: PPC: Book3S PR: Cope with doorbell interrupts)
$ git merge kvm-ppc/kvm-ppc-next
Already up-to-date.
Merging oprofile/for-next (6ce4eac1f600 Linux 3.13-rc1)
$ git merge oprofile/for-next
Already up-to-date.
Merging fw-nohz/nohz/next (74876a98a87a printk: Wake up klogd using irq_work)
$ git merge fw-nohz/nohz/next
Already up-to-date.
Merging xen-tip/linux-next (afca50132cfa xen/pvh: set CR4 flags for APs)
$ git merge xen-tip/linux-next
Auto-merging drivers/block/xen-blkback/blkback.c
Merge made by the 'recursive' strategy.
 arch/x86/include/asm/xen/page.h     |  5 +--
 arch/x86/xen/enlighten.c            | 12 +++++
 arch/x86/xen/p2m.c                  | 17 ++++++-
 drivers/block/xen-blkback/blkback.c | 15 ++++---
 drivers/xen/gntdev.c                | 13 +++---
 drivers/xen/grant-table.c           | 89 ++++++-------------------------------
 include/xen/grant_table.h           |  8 +---
 7 files changed, 58 insertions(+), 101 deletions(-)
Merging percpu/for-next (d5f2deed588b Merge branch 'for-3.14' into for-next)
$ git merge percpu/for-next
Already up-to-date!
Merge made by the 'recursive' strategy.
Merging workqueues/for-next (9af16df84f0c Merge branch 'for-3.14' into for-next)
$ git merge workqueues/for-next
Already up-to-date!
Merge made by the 'recursive' strategy.
Merging drivers-x86/linux-next (b4b0b4a9e039 ipc: add intel-mid's pci id macros)
$ git merge drivers-x86/linux-next
Already up-to-date.
Merging chrome-platform/for-next (2b8454a75b90 platform/chrome: unregister platform driver/device when module exit)
$ git merge chrome-platform/for-next
Already up-to-date.
Merging sysctl/master (4e474a00d7ff sysctl: protect poll() in entries that may go away)
$ git merge sysctl/master
Already up-to-date.
Merging regmap/for-next (f37d0b3b106a Merge remote-tracking branch 'regmap/topic/irq' into regmap-next)
$ git merge regmap/for-next
Merge made by the 'recursive' strategy.
 drivers/base/regmap/regcache.c       | 4 ++--
 drivers/base/regmap/regmap-debugfs.c | 2 +-
 drivers/base/regmap/regmap-irq.c     | 2 +-
 3 files changed, 4 insertions(+), 4 deletions(-)
Merging hsi/for-next (43139a61fc68 HSI: hsi_char: Update ioctl-number.txt)
$ git merge hsi/for-next
Already up-to-date.
Merging leds/for-next (3cb6f44aedf5 leds: s3c24xx: Remove hardware.h inclusion)
$ git merge leds/for-next
Already up-to-date.
Merging driver-core/driver-core-next (90804ed61f24 Merge branch 'for_linus' of git://git.kernel.org/pub/scm/linux/kernel/git/jack/linux-fs)
$ git merge driver-core/driver-core-next
Already up-to-date.
Merging tty/tty-next (4fbd269f1f9f Merge branch 'fixes' into tty-next)
$ git merge tty/tty-next
Already up-to-date.
Merging usb/usb-next (90804ed61f24 Merge branch 'for_linus' of git://git.kernel.org/pub/scm/linux/kernel/git/jack/linux-fs)
$ git merge usb/usb-next
Already up-to-date.
Merging usb-gadget/next (836a2164491b usb: phy: keystone: remove redundant return value check of platform_get_resource())
$ git merge usb-gadget/next
Already up-to-date.
Merging staging/staging-next (d7216f8f02da staging: r8821ae: Enable build by reverting BROKEN marking)
$ git merge staging/staging-next
Already up-to-date.
Merging char-misc/char-misc-next (90804ed61f24 Merge branch 'for_linus' of git://git.kernel.org/pub/scm/linux/kernel/git/jack/linux-fs)
$ git merge char-misc/char-misc-next
Already up-to-date.
Merging scsi/for-next (3ce438df1068 [SCSI] hpsa: allow SCSI mid layer to handle unit attention)
$ git merge scsi/for-next
Already up-to-date.
Merging target-updates/for-next (5259a06ef970 target: Fix percpu_ref_put race in transport_lun_remove_cmd)
$ git merge target-updates/for-next
Already up-to-date.
Merging target-merge/for-next-merge (374b105797c3 Linux 3.13-rc3)
$ git merge target-merge/for-next-merge
Already up-to-date.
Merging writeback/writeback-for-next (f9b0e058cbd0 writeback: Fix data corruption on NFS)
$ git merge writeback/writeback-for-next
Already up-to-date.
Merging hwspinlock/linux-next (8b37fcfc9b34 hwspinlock: add MAINTAINERS entries)
$ git merge hwspinlock/linux-next
Already up-to-date.
Merging pinctrl/for-next (fa74d0d3e30c pinctrl: sirf: correct the pin index of ac97_pins group)
$ git merge pinctrl/for-next
Merge made by the 'recursive' strategy.
 drivers/pinctrl/pinctrl-at91.c        | 10 +++++-----
 drivers/pinctrl/pinctrl-imx1-core.c   | 10 +++++-----
 drivers/pinctrl/sirf/pinctrl-prima2.c |  2 +-
 drivers/pinctrl/vt8500/pinctrl-wmt.c  | 15 ++++++++++++++-
 4 files changed, 25 insertions(+), 12 deletions(-)
Merging vhost/linux-next (d3d665a654a3 vhost-scsi: whitespace tweak)
$ git merge vhost/linux-next
Already up-to-date.
Merging remoteproc/for-next (b9777859ec01 remoteproc: fix kconfig dependencies for VIRTIO)
$ git merge remoteproc/for-next
Already up-to-date.
Merging rpmsg/for-next (397944df3290 rpmsg: fix kconfig dependencies for VIRTIO)
$ git merge rpmsg/for-next
Already up-to-date.
Merging gpio/for-next (cffcc92e9669 gpio: xtensa: fix build when XCHAL_HAVE_CP is 0)
$ git merge gpio/for-next
Merge made by the 'recursive' strategy.
 drivers/gpio/gpio-xtensa.c | 16 ++++++++++++++++
 1 file changed, 16 insertions(+)
Merging dma-mapping/dma-mapping-next (5e01dc7b26d9 Linux 3.12)
$ git merge dma-mapping/dma-mapping-next
Already up-to-date.
Merging pwm/for-next (6691a19966f0 pwm: tiecap: Remove duplicate put_sync call)
$ git merge pwm/for-next
Already up-to-date.
Merging dma-buf/for-next (0e47c969c65e Merge tag 'for-linus-20140127' of git://git.infradead.org/linux-mtd)
$ git merge dma-buf/for-next
Already up-to-date.
Merging userns/for-next (f58437f1f916 MIPS: VPE: Remove vpe_getuid and vpe_getgid)
$ git merge userns/for-next
Already up-to-date.
Merging ktest/for-next (961d9caceea2 ktest: Add BISECT_TRIES to bisect test)
$ git merge ktest/for-next
Already up-to-date.
Merging signal/for-next (20b4fb485227 Merge branch 'for-linus' of git://git.kernel.org/pub/scm/linux/kernel/git/viro/vfs)
$ git merge signal/for-next
Already up-to-date.
Merging clk/clk-next (fd3fdaf09f26 clk: sort Makefile)
$ git merge clk/clk-next
Already up-to-date.
Merging random/dev (a9f069e38cc3 random: use the architectural HWRNG for the SHA's IV in extract_buf())
$ git merge random/dev
Merge made by the 'recursive' strategy.
 drivers/char/random.c | 192 ++++++++++++++++++++++----------------------------
 1 file changed, 84 insertions(+), 108 deletions(-)
Merging lzo-update/lzo-update (42b775abafaf lib/lzo: huge LZO decompression speedup on ARM by using unaligned access)
$ git merge lzo-update/lzo-update
Merge made by the 'recursive' strategy.
 lib/lzo/lzo1x_decompress_safe.c | 4 ++++
 lib/lzo/lzodefs.h               | 6 ++++++
 2 files changed, 10 insertions(+)
Merging arm64-hugepages/for-next/hugepages (af07484863e0 ARM64: mm: THP support.)
$ git merge arm64-hugepages/for-next/hugepages
Already up-to-date.
Merging aio/master (8e321fefb0e6 aio/migratepages: make aio migrate pages sane)
$ git merge aio/master
Already up-to-date.
Merging akpm-current/current (0fc6f4e2e3d5 splice: fix unexpected size truncation)
$ git merge --no-ff akpm-current/current
Recorded preimage for 'ipc/compat_mq.c'
Resolved 'Documentation/devicetree/bindings/vendor-prefixes.txt' using previous resolution.
Resolved 'Documentation/kernel-parameters.txt' using previous resolution.
Resolved 'Documentation/sysctl/kernel.txt' using previous resolution.
Resolved 'arch/arm/kernel/setup.c' using previous resolution.
Resolved 'arch/x86/mm/srat.c' using previous resolution.
Resolved 'fs/afs/proc.c' using previous resolution.
Resolved 'fs/notify/fanotify/fanotify.c' using previous resolution.
Resolved 'fs/notify/fanotify/fanotify.h' using previous resolution.
Resolved 'fs/notify/fanotify/fanotify_user.c' using previous resolution.
Resolved 'fs/notify/inotify/inotify_fsnotify.c' using previous resolution.
Resolved 'fs/notify/notification.c' using previous resolution.
Resolved 'fs/posix_acl.c' using previous resolution.
Resolved 'include/linux/bootmem.h' using previous resolution.
Resolved 'include/linux/fsnotify_backend.h' using previous resolution.
Resolved 'include/linux/posix_acl.h' using previous resolution.
Resolved 'include/linux/vm_event_item.h' using previous resolution.
Resolved 'ipc/util.c' using previous resolution.
Resolved 'lib/dma-debug.c' using previous resolution.
Resolved 'lib/percpu_counter.c' using previous resolution.
Resolved 'lib/swiotlb.c' using previous resolution.
Resolved 'lib/vsprintf.c' using previous resolution.
Resolved 'mm/memblock.c' using previous resolution.
Resolved 'mm/memcontrol.c' using previous resolution.
Resolved 'mm/mempolicy.c' using previous resolution.
Resolved 'mm/mm_init.c' using previous resolution.
Resolved 'mm/nobootmem.c' using previous resolution.
Resolved 'mm/oom_kill.c' using previous resolution.
Resolved 'mm/page_alloc.c' using previous resolution.
Resolved 'mm/rmap.c' using previous resolution.
Resolved 'mm/slab_common.c' using previous resolution.
Auto-merging mm/vmscan.c
Auto-merging mm/swapfile.c
Auto-merging mm/swap_state.c
Auto-merging mm/slub.c
Auto-merging mm/slab_common.c
CONFLICT (content): Merge conflict in mm/slab_common.c
Auto-merging mm/rmap.c
CONFLICT (content): Merge conflict in mm/rmap.c
Auto-merging mm/page_alloc.c
CONFLICT (content): Merge conflict in mm/page_alloc.c
Auto-merging mm/oom_kill.c
CONFLICT (content): Merge conflict in mm/oom_kill.c
Auto-merging mm/nobootmem.c
CONFLICT (content): Merge conflict in mm/nobootmem.c
Auto-merging mm/mm_init.c
CONFLICT (content): Merge conflict in mm/mm_init.c
Auto-merging mm/mlock.c
Auto-merging mm/mempolicy.c
CONFLICT (content): Merge conflict in mm/mempolicy.c
Auto-merging mm/memcontrol.c
CONFLICT (content): Merge conflict in mm/memcontrol.c
Auto-merging mm/memblock.c
CONFLICT (content): Merge conflict in mm/memblock.c
Auto-merging lib/vsprintf.c
CONFLICT (content): Merge conflict in lib/vsprintf.c
Auto-merging lib/swiotlb.c
CONFLICT (content): Merge conflict in lib/swiotlb.c
Auto-merging lib/percpu_counter.c
CONFLICT (content): Merge conflict in lib/percpu_counter.c
Auto-merging lib/dma-debug.c
CONFLICT (content): Merge conflict in lib/dma-debug.c
Auto-merging lib/Makefile
Auto-merging kernel/time/sched_clock.c
Auto-merging kernel/sysctl.c
Auto-merging kernel/kexec.c
Auto-merging kernel/hung_task.c
Auto-merging ipc/util.c
CONFLICT (content): Merge conflict in ipc/util.c
Auto-merging ipc/compat_mq.c
CONFLICT (content): Merge conflict in ipc/compat_mq.c
Auto-merging include/linux/vm_event_item.h
CONFLICT (content): Merge conflict in include/linux/vm_event_item.h
Auto-merging include/linux/posix_acl.h
CONFLICT (content): Merge conflict in include/linux/posix_acl.h
Auto-merging include/linux/page-flags.h
Auto-merging include/linux/fsnotify_backend.h
CONFLICT (content): Merge conflict in include/linux/fsnotify_backend.h
Auto-merging include/linux/bootmem.h
CONFLICT (content): Merge conflict in include/linux/bootmem.h
Auto-merging fs/posix_acl.c
CONFLICT (content): Merge conflict in fs/posix_acl.c
Auto-merging fs/ocfs2/namei.c
Auto-merging fs/ocfs2/file.c
Auto-merging fs/ocfs2/alloc.c
Auto-merging fs/notify/notification.c
CONFLICT (content): Merge conflict in fs/notify/notification.c
Auto-merging fs/notify/inotify/inotify_fsnotify.c
CONFLICT (content): Merge conflict in fs/notify/inotify/inotify_fsnotify.c
Auto-merging fs/notify/fanotify/fanotify_user.c
CONFLICT (content): Merge conflict in fs/notify/fanotify/fanotify_user.c
Auto-merging fs/notify/fanotify/fanotify.h
CONFLICT (add/add): Merge conflict in fs/notify/fanotify/fanotify.h
Auto-merging fs/notify/fanotify/fanotify.c
CONFLICT (content): Merge conflict in fs/notify/fanotify/fanotify.c
Auto-merging fs/jffs2/fs.c
Auto-merging fs/binfmt_elf.c
Auto-merging fs/afs/proc.c
CONFLICT (content): Merge conflict in fs/afs/proc.c
Auto-merging drivers/tty/Kconfig
Auto-merging drivers/misc/ti-st/st_core.c
Auto-merging drivers/input/input.c
Auto-merging drivers/gpu/drm/drm_fb_helper.c
Auto-merging arch/x86/mm/srat.c
CONFLICT (content): Merge conflict in arch/x86/mm/srat.c
Auto-merging arch/x86/kernel/setup.c
Auto-merging arch/arm/mm/init.c
Auto-merging arch/arm/kernel/setup.c
CONFLICT (content): Merge conflict in arch/arm/kernel/setup.c
Auto-merging Documentation/sysctl/kernel.txt
CONFLICT (content): Merge conflict in Documentation/sysctl/kernel.txt
Auto-merging Documentation/printk-formats.txt
Auto-merging Documentation/kernel-parameters.txt
CONFLICT (content): Merge conflict in Documentation/kernel-parameters.txt
Auto-merging Documentation/devicetree/bindings/vendor-prefixes.txt
CONFLICT (content): Merge conflict in Documentation/devicetree/bindings/vendor-prefixes.txt
Automatic merge failed; fix conflicts and then commit the result.
$ git commit -v -a
Recorded resolution for 'ipc/compat_mq.c'.
[master 3c1eb5a55bcf] Merge branch 'akpm-current/current'
$ git diff -M --stat --summary HEAD^..
 Documentation/filesystems/vfat.txt  |  10 ++
 Documentation/leds/leds-class.txt   |   3 -
 Documentation/printk-formats.txt    |   6 +
 arch/arm/include/asm/fixmap.h       |  29 +--
 arch/arm/mm/init.c                  |   2 +-
 arch/x86/include/asm/page_types.h   |   4 +-
 arch/x86/kernel/setup.c             |   2 +-
 block/genhd.c                       |   2 +-
 drivers/gpu/drm/drm_fb_helper.c     |   8 +
 drivers/input/Kconfig               |   9 +
 drivers/input/Makefile              |   3 +
 drivers/input/input.c               |   6 +
 drivers/input/leds.c                | 249 ++++++++++++++++++++++++++
 drivers/leds/Kconfig                |   3 -
 drivers/misc/ti-st/st_core.c        |   2 +-
 drivers/net/irda/donauboe.c         |  15 +-
 drivers/pps/pps.c                   |  57 +++---
 drivers/scsi/megaraid/megaraid_mm.c |   2 +
 drivers/tty/Kconfig                 |   4 +
 drivers/tty/vt/keyboard.c           | 110 +++++++++---
 drivers/video/backlight/backlight.c |   2 -
 fs/binfmt_elf.c                     |  21 ++-
 fs/fat/cache.c                      |  19 +-
 fs/fat/fat.h                        |   6 +-
 fs/fat/file.c                       |  78 ++++++++-
 fs/fat/inode.c                      |  57 +++++-
 fs/jffs2/fs.c                       |   9 +-
 fs/ocfs2/alloc.c                    |  40 ++++-
 fs/ocfs2/cluster/tcp.c              |  35 +++-
 fs/ocfs2/file.c                     |  63 +++++--
 fs/ocfs2/localalloc.c               |  40 +++++
 fs/ocfs2/localalloc.h               |   6 +
 fs/ocfs2/namei.c                    | 122 ++++++++++++-
 fs/ufs/balloc.c                     |  30 ++--
 fs/ufs/ialloc.c                     |  17 +-
 fs/ufs/super.c                      |  13 +-
 fs/ufs/ufs.h                        |   1 -
 include/linux/crc64_ecma.h          |  56 ++++++
 include/linux/input.h               |  21 +++
 include/linux/kthread.h             |   1 +
 include/linux/page-flags.h          |   4 +-
 ipc/util.c                          |  60 ++++---
 kernel/hung_task.c                  |   3 +-
 kernel/kexec.c                      |   4 +-
 kernel/kmod.c                       |  11 +-
 kernel/kthread.c                    |   9 +
 kernel/profile.c                    |   2 +-
 kernel/sched/stats.c                |   2 +-
 kernel/sysctl.c                     |   9 +
 kernel/time/sched_clock.c           |   4 +
 kernel/user.c                       |   3 +-
 kernel/user_namespace.c             |   2 +-
 kernel/watchdog.c                   |  26 +--
 lib/Kconfig                         |   7 +
 lib/Makefile                        |   1 +
 lib/crc64_ecma.c                    | 341 ++++++++++++++++++++++++++++++++++++
 lib/vsprintf.c                      |  20 ++-
 mm/mlock.c                          |   2 -
 mm/nobootmem.c                      |   6 +
 mm/page_alloc.c                     |  17 +-
 mm/slub.c                           |  12 +-
 mm/swap_state.c                     |  63 ++++++-
 mm/swapfile.c                       |  11 +-
 mm/vmalloc.c                        |  20 +--
 mm/vmscan.c                         |  72 +++-----
 65 files changed, 1568 insertions(+), 306 deletions(-)
 create mode 100644 drivers/input/leds.c
 create mode 100644 include/linux/crc64_ecma.h
 create mode 100644 lib/crc64_ecma.c
$ git am -3 ../patches/0001-nobootmem-fix-mismerge.patch
Applying: nobootmem: fix mismerge
$ git reset HEAD^
Unstaged changes after reset:
M	mm/nobootmem.c
$ git add -A .
$ git commit -v -a --amend
[master e17fa06189f2] Merge branch 'akpm-current/current'
$ git clone -s -l -n -q . ../rebase-tmp
$ cd ../rebase-tmp
$ git checkout -b akpm remotes/origin/akpm/master
Switched to a new branch 'akpm'
$ git rebase --onto master remotes/origin/akpm/master-base
First, rewinding head to replay your work on top of it...
Applying: drivers/w1/w1_int.c: call put_device if device_register fails
Applying: arm: move arm_dma_limit to setup_dma_zone
Applying: mm: add strictlimit knob
$ cd ../next
$ git fetch -f ../rebase-tmp akpm:akpm/master
From ../rebase-tmp
 + cef6af84bc44...3e254746c94b akpm       -> akpm/master  (forced update)
$ rm -rf ../rebase-tmp
Merging akpm/master (3e254746c94b mm: add strictlimit knob)
$ git merge --no-ff akpm/master
Merge made by the 'recursive' strategy.
 Documentation/ABI/testing/sysfs-class-bdi |  8 +++++++
 arch/arm/mm/init.c                        |  6 ++++--
 arch/arm/mm/mm.h                          |  2 --
 drivers/w1/w1_int.c                       |  5 ++---
 mm/backing-dev.c                          | 35 +++++++++++++++++++++++++++++++
 5 files changed, 49 insertions(+), 7 deletions(-)
$ git clone -s -l -n -q . ../rebase-tmp
$ cd ../rebase-tmp
$ git checkout -b init remotes/origin/init/master
Switched to a new branch 'init'
$ git rebase --onto master remotes/origin/init/master-base
First, rewinding head to replay your work on top of it...
Applying: init: delete the __cpuinit related stubs
Applying: mm: replace module_init usages with subsys_initcall in nommu.c
Applying: fs/notify: don't use module_init for non-modular inotify_user code
Applying: netfilter: don't use module_init/exit in core IPV4 code
Applying: x86: don't use module_init in non-modular intel_mid_vrtc.c
Applying: x86: don't use module_init for non-modular core bootflag code
Applying: x86: replace __init_or_module with __init in non-modular vsmp_64.c
Applying: x86: don't use module_init in non-modular devicetree.c code
Applying: drivers/tty/hvc: don't use module_init in non-modular hyp. console code
Applying: staging: don't use module_init in non-modular ion_dummy_driver.c
Applying: powerpc: use device_initcall for registering rtc devices
Applying: powerpc: use subsys_initcall for Freescale Local Bus
Applying: powerpc: don't use module_init for non-modular core hugetlb code
Applying: powerpc: don't use module_init in non-modular 83xx suspend code
Applying: arm: include module.h in drivers/bus/omap_l3_smx.c
Applying: arm: fix implicit module.h use in mach-at91 gpio.h
Applying: arm: fix implicit #include <linux/init.h> in entry asm.
Applying: arm: mach-s3c64xx mach-crag6410-module.c is not modular
Applying: arm: use subsys_initcall in non-modular pl320 IPC code
Applying: arm: don't use module_init in non-modular mach-vexpress/spc.c code
Applying: alpha: don't use module_init for non-modular core code
Applying: m68k: don't use module_init in non-modular mvme16x/rtc.c code
Applying: ia64: don't use module_init for non-modular core kernel/mca.c code
Applying: ia64: don't use module_init in non-modular sim/simscsi.c code
Applying: mips: make loongsoon serial driver explicitly modular
Applying: mips: don't use module_init in non-modular sead3-mtd.c code
Applying: cris: don't use module_init for non-modular core intmem.c code
Applying: parisc: don't use module_init for non-modular core pdc_cons code
Applying: parisc64: don't use module_init for non-modular core perf code
Applying: mn10300: don't use module_init in non-modular flash.c code
Applying: sh: don't use module_init in non-modular psw.c code
Applying: sh: mach-highlander/psw.c is tristate and should use module.h
Applying: xtensa: don't use module_init for non-modular core network.c code
Applying: drivers/clk: don't use module_init in clk-nomadik.c which is non-modular
Applying: cpuidle: don't use modular platform register in non-modular ARM drivers
Applying: drivers/platform: don't use modular register in non-modular pdev_bus.c
Applying: module: relocate module_init from init.h to module.h
Applying: logo: emit "#include <linux/init.h> in autogenerated C file
Applying: arm: delete non-required instances of include <linux/init.h>
Applying: mips: restore init.h usage to arch/mips/ar7/time.c
Applying: s390: delete non-required instances of include <linux/init.h>
Applying: alpha: delete non-required instances of <linux/init.h>
Applying: powerpc: delete another unrequired instance of <linux/init.h>
Applying: arm64: delete non-required instances of <linux/init.h>
Applying: watchdog: delete non-required instances of include <linux/init.h>
Applying: video: delete non-required instances of include <linux/init.h>
Applying: rtc: delete non-required instances of include <linux/init.h>
Applying: scsi: delete non-required instances of include <linux/init.h>
Applying: acpi: delete non-required instances of include <linux/init.h>
Applying: drivers/power: delete non-required instances of include <linux/init.h>
Applying: drivers/media: delete non-required instances of include <linux/init.h>
Applying: drivers/ata: delete non-required instances of include <linux/init.h>
Applying: drivers/hwmon: delete non-required instances of include <linux/init.h>
Applying: drivers/pinctrl: delete non-required instances of include <linux/init.h>
Applying: drivers/isdn: delete non-required instances of include <linux/init.h>
Applying: drivers/leds: delete non-required instances of include <linux/init.h>
Applying: drivers/pcmcia: delete non-required instances of include <linux/init.h>
Applying: drivers/char: delete non-required instances of include <linux/init.h>
Applying: drivers/infiniband: delete non-required instances of include <linux/init.h>
Applying: drivers/mfd: delete non-required instances of include <linux/init.h>
Applying: drivers/gpio: delete non-required instances of include <linux/init.h>
Applying: drivers/bluetooth: delete non-required instances of include <linux/init.h>
Applying: drivers/mmc: delete non-required instances of include <linux/init.h>
Applying: drivers/crypto: delete non-required instances of include <linux/init.h>
Applying: drivers/platform: delete non-required instances of include <linux/init.h>
Applying: drivers/misc: delete non-required instances of include <linux/init.h>
Applying: drivers/edac: delete non-required instances of include <linux/init.h>
Applying: drivers/macintosh: delete non-required instances of include <linux/init.h>
Applying: drivers/base: delete non-required instances of include <linux/init.h>
Applying: drivers/cpufreq: delete non-required instances of <linux/init.h>
Applying: drivers/pci: delete non-required instances of <linux/init.h>
Applying: drivers/dma: delete non-required instances of <linux/init.h>
Applying: drivers/gpu: delete non-required instances of <linux/init.h>
Applying: drivers: delete remaining non-required instances of <linux/init.h>
Applying: include: remove needless instances of <linux/init.h>
$ cd ../next
$ git fetch -f ../rebase-tmp init:init/master
From ../rebase-tmp
 + fc35201fff81...5085d0405af0 init       -> init/master  (forced update)
$ rm -rf ../rebase-tmp
Merging init/master (5085d0405af0 include: remove needless instances of <linux/init.h>)
$ git merge --no-ff init/master
Merge made by the 'recursive' strategy.
 arch/alpha/kernel/err_ev6.c                        |  1 -
 arch/alpha/kernel/irq.c                            |  1 -
 arch/alpha/kernel/srmcons.c                        |  3 +-
 arch/alpha/kernel/traps.c                          |  1 -
 arch/alpha/oprofile/op_model_ev4.c                 |  1 -
 arch/alpha/oprofile/op_model_ev5.c                 |  1 -
 arch/alpha/oprofile/op_model_ev6.c                 |  1 -
 arch/alpha/oprofile/op_model_ev67.c                |  1 -
 arch/arm/common/dmabounce.c                        |  1 -
 arch/arm/firmware/trusted_foundations.c            |  1 -
 arch/arm/include/asm/arch_timer.h                  |  1 -
 arch/arm/kernel/entry-armv.S                       |  2 +
 arch/arm/kernel/entry-header.S                     |  1 -
 arch/arm/kernel/hyp-stub.S                         |  1 -
 arch/arm/kernel/suspend.c                          |  1 -
 arch/arm/kernel/unwind.c                           |  1 -
 arch/arm/mach-at91/include/mach/gpio.h             |  1 +
 arch/arm/mach-cns3xxx/pm.c                         |  1 -
 arch/arm/mach-exynos/headsmp.S                     |  1 -
 arch/arm/mach-footbridge/personal.c                |  1 -
 arch/arm/mach-imx/headsmp.S                        |  1 -
 arch/arm/mach-imx/iomux-v3.c                       |  1 -
 arch/arm/mach-iop33x/uart.c                        |  1 -
 arch/arm/mach-msm/headsmp.S                        |  1 -
 arch/arm/mach-msm/proc_comm.h                      |  1 -
 arch/arm/mach-mvebu/headsmp.S                      |  1 -
 arch/arm/mach-netx/fb.c                            |  1 -
 arch/arm/mach-netx/pfifo.c                         |  1 -
 arch/arm/mach-netx/xc.c                            |  1 -
 arch/arm/mach-nspire/clcd.c                        |  1 -
 arch/arm/mach-omap1/fpga.c                         |  1 -
 arch/arm/mach-omap1/include/mach/serial.h          |  1 -
 arch/arm/mach-omap2/omap-headsmp.S                 |  1 -
 arch/arm/mach-omap2/omap3-restart.c                |  1 -
 arch/arm/mach-omap2/vc3xxx_data.c                  |  1 -
 arch/arm/mach-omap2/vc44xx_data.c                  |  1 -
 arch/arm/mach-omap2/vp3xxx_data.c                  |  1 -
 arch/arm/mach-omap2/vp44xx_data.c                  |  1 -
 arch/arm/mach-prima2/headsmp.S                     |  1 -
 arch/arm/mach-pxa/clock-pxa2xx.c                   |  1 -
 arch/arm/mach-pxa/clock-pxa3xx.c                   |  1 -
 arch/arm/mach-pxa/corgi_pm.c                       |  1 -
 arch/arm/mach-pxa/mfp-pxa3xx.c                     |  1 -
 arch/arm/mach-pxa/spitz_pm.c                       |  1 -
 arch/arm/mach-s3c24xx/clock-s3c244x.c              |  1 -
 arch/arm/mach-s3c24xx/iotiming-s3c2410.c           |  1 -
 arch/arm/mach-s3c24xx/iotiming-s3c2412.c           |  1 -
 arch/arm/mach-s3c24xx/irq-pm.c                     |  1 -
 arch/arm/mach-s3c24xx/pm.c                         |  1 -
 arch/arm/mach-s3c64xx/mach-crag6410-module.c       |  2 +-
 arch/arm/mach-s5p64x0/clock.c                      |  1 -
 arch/arm/mach-sa1100/ssp.c                         |  1 -
 arch/arm/mach-shmobile/headsmp-scu.S               |  1 -
 arch/arm/mach-shmobile/headsmp.S                   |  1 -
 arch/arm/mach-shmobile/platsmp.c                   |  1 -
 arch/arm/mach-shmobile/sleep-sh7372.S              |  1 -
 arch/arm/mach-socfpga/headsmp.S                    |  1 -
 arch/arm/mach-sti/headsmp.S                        |  1 -
 arch/arm/mach-sunxi/headsmp.S                      |  1 -
 arch/arm/mach-tegra/flowctrl.c                     |  1 -
 arch/arm/mach-tegra/headsmp.S                      |  1 -
 arch/arm/mach-tegra/reset-handler.S                |  1 -
 arch/arm/mach-u300/dummyspichip.c                  |  1 -
 arch/arm/mach-ux500/board-mop500-audio.c           |  1 -
 arch/arm/mach-ux500/headsmp.S                      |  1 -
 arch/arm/mach-versatile/versatile_ab.c             |  1 -
 arch/arm/mach-vexpress/spc.c                       |  2 +-
 arch/arm/mach-zynq/headsmp.S                       |  1 -
 arch/arm/mm/hugetlbpage.c                          |  1 -
 arch/arm/plat-iop/i2c.c                            |  1 -
 arch/arm/plat-samsung/pm-check.c                   |  1 -
 arch/arm/plat-samsung/pm-gpio.c                    |  1 -
 arch/arm/plat-samsung/s5p-irq-pm.c                 |  1 -
 arch/arm/plat-versatile/headsmp.S                  |  1 -
 arch/arm/plat-versatile/platsmp.c                  |  1 -
 arch/arm/vfp/entry.S                               |  2 +
 arch/arm64/include/asm/arch_timer.h                |  1 -
 arch/arm64/kernel/cputable.c                       |  2 -
 arch/arm64/kernel/entry.S                          |  1 -
 arch/arm64/kernel/hyp-stub.S                       |  1 -
 arch/arm64/kernel/process.c                        |  1 -
 arch/arm64/kernel/ptrace.c                         |  1 -
 arch/arm64/kernel/smp_spin_table.c                 |  1 -
 arch/arm64/kernel/vdso/vdso.S                      |  1 -
 arch/arm64/lib/delay.c                             |  1 -
 arch/arm64/mm/cache.S                              |  1 -
 arch/arm64/mm/proc.S                               |  1 -
 arch/cris/arch-v32/mm/intmem.c                     |  3 +-
 arch/ia64/hp/sim/simscsi.c                         | 11 +---
 arch/ia64/sn/kernel/mca.c                          |  3 +-
 arch/m68k/mvme16x/rtc.c                            |  2 +-
 arch/mips/ar7/time.c                               |  1 +
 arch/mips/loongson/common/serial.c                 |  9 ++-
 arch/mips/mti-sead3/sead3-mtd.c                    |  3 +-
 arch/mn10300/unit-asb2303/flash.c                  |  3 +-
 arch/parisc/kernel/pdc_cons.c                      |  3 +-
 arch/parisc/kernel/perf.c                          |  3 +-
 arch/powerpc/kernel/time.c                         |  2 +-
 arch/powerpc/mm/hugetlbpage.c                      |  2 +-
 arch/powerpc/platforms/83xx/suspend.c              |  3 +-
 arch/powerpc/platforms/ps3/time.c                  |  3 +-
 arch/powerpc/sysdev/fsl_lbc.c                      |  2 +-
 arch/powerpc/sysdev/indirect_pci.c                 |  1 -
 arch/sh/boards/mach-highlander/psw.c               |  2 +-
 arch/sh/boards/mach-landisk/psw.c                  |  2 +-
 arch/x86/kernel/bootflag.c                         |  2 +-
 arch/x86/kernel/devicetree.c                       |  2 +-
 arch/x86/kernel/vsmp_64.c                          |  2 +-
 arch/x86/platform/intel-mid/intel_mid_vrtc.c       |  3 +-
 arch/xtensa/platforms/iss/network.c                |  4 +-
 drivers/acpi/apei/apei-base.c                      |  1 -
 drivers/acpi/button.c                              |  1 -
 drivers/acpi/fan.c                                 |  1 -
 drivers/acpi/hed.c                                 |  1 -
 drivers/acpi/pci_irq.c                             |  1 -
 drivers/acpi/power.c                               |  1 -
 drivers/acpi/processor_perflib.c                   |  1 -
 drivers/acpi/processor_thermal.c                   |  1 -
 drivers/acpi/processor_throttling.c                |  1 -
 drivers/acpi/utils.c                               |  1 -
 drivers/ata/acard-ahci.c                           |  1 -
 drivers/ata/ahci.c                                 |  1 -
 drivers/ata/ahci_platform.c                        |  1 -
 drivers/ata/ata_generic.c                          |  1 -
 drivers/ata/libahci.c                              |  1 -
 drivers/ata/pata_acpi.c                            |  1 -
 drivers/ata/pata_amd.c                             |  1 -
 drivers/ata/pata_artop.c                           |  1 -
 drivers/ata/pata_at91.c                            |  1 -
 drivers/ata/pata_atiixp.c                          |  1 -
 drivers/ata/pata_atp867x.c                         |  1 -
 drivers/ata/pata_cmd640.c                          |  1 -
 drivers/ata/pata_cmd64x.c                          |  1 -
 drivers/ata/pata_cs5520.c                          |  1 -
 drivers/ata/pata_cs5530.c                          |  1 -
 drivers/ata/pata_cs5535.c                          |  1 -
 drivers/ata/pata_cs5536.c                          |  1 -
 drivers/ata/pata_cypress.c                         |  1 -
 drivers/ata/pata_efar.c                            |  1 -
 drivers/ata/pata_ep93xx.c                          |  1 -
 drivers/ata/pata_hpt366.c                          |  1 -
 drivers/ata/pata_hpt37x.c                          |  1 -
 drivers/ata/pata_hpt3x2n.c                         |  1 -
 drivers/ata/pata_hpt3x3.c                          |  1 -
 drivers/ata/pata_imx.c                             |  1 -
 drivers/ata/pata_it8213.c                          |  1 -
 drivers/ata/pata_it821x.c                          |  1 -
 drivers/ata/pata_jmicron.c                         |  1 -
 drivers/ata/pata_marvell.c                         |  1 -
 drivers/ata/pata_mpiix.c                           |  1 -
 drivers/ata/pata_netcell.c                         |  1 -
 drivers/ata/pata_ninja32.c                         |  1 -
 drivers/ata/pata_ns87410.c                         |  1 -
 drivers/ata/pata_ns87415.c                         |  1 -
 drivers/ata/pata_oldpiix.c                         |  1 -
 drivers/ata/pata_opti.c                            |  1 -
 drivers/ata/pata_optidma.c                         |  1 -
 drivers/ata/pata_pcmcia.c                          |  1 -
 drivers/ata/pata_pdc2027x.c                        |  1 -
 drivers/ata/pata_pdc202xx_old.c                    |  1 -
 drivers/ata/pata_piccolo.c                         |  1 -
 drivers/ata/pata_platform.c                        |  1 -
 drivers/ata/pata_pxa.c                             |  1 -
 drivers/ata/pata_radisys.c                         |  1 -
 drivers/ata/pata_rdc.c                             |  1 -
 drivers/ata/pata_rz1000.c                          |  1 -
 drivers/ata/pata_sc1200.c                          |  1 -
 drivers/ata/pata_scc.c                             |  1 -
 drivers/ata/pata_sch.c                             |  1 -
 drivers/ata/pata_serverworks.c                     |  1 -
 drivers/ata/pata_sil680.c                          |  1 -
 drivers/ata/pata_sis.c                             |  1 -
 drivers/ata/pata_sl82c105.c                        |  1 -
 drivers/ata/pata_triflex.c                         |  1 -
 drivers/ata/pata_via.c                             |  1 -
 drivers/ata/pdc_adma.c                             |  1 -
 drivers/ata/sata_dwc_460ex.c                       |  1 -
 drivers/ata/sata_highbank.c                        |  1 -
 drivers/ata/sata_nv.c                              |  1 -
 drivers/ata/sata_promise.c                         |  1 -
 drivers/ata/sata_qstor.c                           |  1 -
 drivers/ata/sata_sil.c                             |  1 -
 drivers/ata/sata_sis.c                             |  1 -
 drivers/ata/sata_svw.c                             |  1 -
 drivers/ata/sata_sx4.c                             |  1 -
 drivers/ata/sata_uli.c                             |  1 -
 drivers/ata/sata_via.c                             |  1 -
 drivers/ata/sata_vsc.c                             |  1 -
 drivers/atm/idt77105.c                             |  1 -
 drivers/atm/suni.c                                 |  1 -
 drivers/base/attribute_container.c                 |  1 -
 drivers/base/power/clock_ops.c                     |  1 -
 drivers/base/power/common.c                        |  1 -
 drivers/base/power/domain.c                        |  1 -
 drivers/base/power/domain_governor.c               |  1 -
 drivers/base/power/opp.c                           |  1 -
 drivers/base/regmap/regmap-i2c.c                   |  1 -
 drivers/base/regmap/regmap-mmio.c                  |  1 -
 drivers/base/regmap/regmap-spi.c                   |  1 -
 drivers/base/topology.c                            |  1 -
 drivers/block/nvme-scsi.c                          |  1 -
 drivers/bluetooth/ath3k.c                          |  1 -
 drivers/bluetooth/bcm203x.c                        |  1 -
 drivers/bluetooth/bfusb.c                          |  1 -
 drivers/bluetooth/bluecard_cs.c                    |  1 -
 drivers/bluetooth/bpa10x.c                         |  1 -
 drivers/bluetooth/bt3c_cs.c                        |  1 -
 drivers/bluetooth/btuart_cs.c                      |  1 -
 drivers/bluetooth/dtl1_cs.c                        |  1 -
 drivers/bus/omap_l3_smx.c                          |  1 +
 drivers/char/agp/frontend.c                        |  1 -
 drivers/char/agp/generic.c                         |  1 -
 drivers/char/agp/intel-gtt.c                       |  1 -
 drivers/char/agp/sgi-agp.c                         |  1 -
 drivers/char/hw_random/bcm2835-rng.c               |  1 -
 drivers/char/hw_random/core.c                      |  1 -
 drivers/char/hw_random/exynos-rng.c                |  1 -
 drivers/char/hw_random/n2-drv.c                    |  1 -
 drivers/char/hw_random/nomadik-rng.c               |  1 -
 drivers/char/hw_random/octeon-rng.c                |  1 -
 drivers/char/ipmi/ipmi_si_intf.c                   |  1 -
 drivers/char/mwave/3780i.c                         |  1 -
 drivers/char/tile-srom.c                           |  1 -
 drivers/char/tpm/tpm_i2c_infineon.c                |  1 -
 drivers/char/tpm/tpm_i2c_stm_st33.c                |  1 -
 drivers/clk/clk-nomadik.c                          |  3 +-
 drivers/clk/mxs/clk-ssp.c                          |  1 -
 drivers/cpufreq/omap-cpufreq.c                     |  1 -
 drivers/cpufreq/powernow-k8.c                      |  1 -
 drivers/cpufreq/s3c2412-cpufreq.c                  |  1 -
 drivers/cpufreq/s3c2440-cpufreq.c                  |  1 -
 drivers/cpufreq/spear-cpufreq.c                    |  1 -
 drivers/cpufreq/speedstep-lib.c                    |  1 -
 drivers/cpuidle/cpuidle-calxeda.c                  |  6 +-
 drivers/cpuidle/cpuidle-kirkwood.c                 |  1 -
 drivers/cpuidle/cpuidle-zynq.c                     |  6 +-
 drivers/crypto/atmel-aes.c                         |  1 -
 drivers/crypto/atmel-sha.c                         |  1 -
 drivers/crypto/atmel-tdes.c                        |  1 -
 drivers/crypto/nx/nx_debugfs.c                     |  1 -
 drivers/crypto/omap-aes.c                          |  1 -
 drivers/crypto/omap-sham.c                         |  1 -
 drivers/crypto/picoxcell_crypto.c                  |  1 -
 drivers/crypto/s5p-sss.c                           |  1 -
 drivers/crypto/tegra-aes.c                         |  1 -
 drivers/dma/bcm2835-dma.c                          |  1 -
 drivers/dma/dma-jz4740.c                           |  1 -
 drivers/dma/dw/core.c                              |  1 -
 drivers/dma/ioat/dma.c                             |  1 -
 drivers/dma/ioat/dma.h                             |  1 -
 drivers/dma/ioat/dma_v2.c                          |  1 -
 drivers/dma/iop-adma.c                             |  1 -
 drivers/dma/k3dma.c                                |  1 -
 drivers/dma/mmp_pdma.c                             |  1 -
 drivers/dma/mmp_tdma.c                             |  1 -
 drivers/dma/omap-dma.c                             |  1 -
 drivers/dma/pch_dma.c                              |  1 -
 drivers/dma/pl330.c                                |  1 -
 drivers/dma/sh/rcar-hpbdma.c                       |  1 -
 drivers/dma/sh/sudmac.c                            |  1 -
 drivers/dma/tegra20-apb-dma.c                      |  1 -
 drivers/dma/timb_dma.c                             |  1 -
 drivers/edac/amd64_edac.h                          |  1 -
 drivers/edac/edac_device.c                         |  1 -
 drivers/edac/edac_mc.c                             |  1 -
 drivers/edac/edac_pci.c                            |  1 -
 drivers/edac/octeon_edac-l2c.c                     |  1 -
 drivers/edac/octeon_edac-lmc.c                     |  1 -
 drivers/edac/octeon_edac-pc.c                      |  1 -
 drivers/edac/octeon_edac-pci.c                     |  1 -
 drivers/extcon/extcon-gpio.c                       |  1 -
 drivers/firewire/nosy.c                            |  1 -
 drivers/firewire/ohci.c                            |  1 -
 drivers/firmware/efi/vars.c                        |  1 -
 drivers/fmc/fmc-chardev.c                          |  1 -
 drivers/fmc/fmc-core.c                             |  1 -
 drivers/fmc/fmc-fakedev.c                          |  1 -
 drivers/fmc/fmc-trivial.c                          |  1 -
 drivers/fmc/fmc-write-eeprom.c                     |  1 -
 drivers/gpio/gpio-74x164.c                         |  1 -
 drivers/gpio/gpio-adp5520.c                        |  1 -
 drivers/gpio/gpio-adp5588.c                        |  1 -
 drivers/gpio/gpio-generic.c                        |  1 -
 drivers/gpio/gpio-grgpio.c                         |  1 -
 drivers/gpio/gpio-janz-ttl.c                       |  1 -
 drivers/gpio/gpio-kempld.c                         |  1 -
 drivers/gpio/gpio-lpc32xx.c                        |  1 -
 drivers/gpio/gpio-max730x.c                        |  1 -
 drivers/gpio/gpio-moxart.c                         |  1 -
 drivers/gpio/gpio-msm-v2.c                         |  1 -
 drivers/gpio/gpio-rcar.c                           |  1 -
 drivers/gpio/gpio-rdc321x.c                        |  1 -
 drivers/gpio/gpio-sch.c                            |  1 -
 drivers/gpio/gpio-sodaville.c                      |  1 -
 drivers/gpio/gpio-twl6040.c                        |  1 -
 drivers/gpio/gpio-vr41xx.c                         |  1 -
 drivers/gpu/drm/ast/ast_fb.c                       |  1 -
 drivers/gpu/drm/drm_dp_helper.c                    |  1 -
 drivers/gpu/drm/gma500/accel_2d.c                  |  1 -
 drivers/gpu/drm/gma500/framebuffer.c               |  1 -
 drivers/gpu/drm/i915/intel_fbdev.c                 |  1 -
 drivers/gpu/drm/nouveau/nouveau_fbcon.c            |  1 -
 drivers/gpu/drm/omapdrm/omap_dmm_tiler.c           |  1 -
 drivers/hid/usbhid/hiddev.c                        |  1 -
 drivers/hid/usbhid/usbkbd.c                        |  1 -
 drivers/hid/usbhid/usbmouse.c                      |  1 -
 drivers/hwmon/adcxx.c                              |  1 -
 drivers/hwmon/adm1021.c                            |  1 -
 drivers/hwmon/adm1025.c                            |  1 -
 drivers/hwmon/adm1026.c                            |  1 -
 drivers/hwmon/adm1029.c                            |  1 -
 drivers/hwmon/adm1031.c                            |  1 -
 drivers/hwmon/adm9240.c                            |  1 -
 drivers/hwmon/ads1015.c                            |  1 -
 drivers/hwmon/ads7828.c                            |  1 -
 drivers/hwmon/ads7871.c                            |  1 -
 drivers/hwmon/adt7310.c                            |  1 -
 drivers/hwmon/adt7410.c                            |  1 -
 drivers/hwmon/adt7411.c                            |  1 -
 drivers/hwmon/adt7475.c                            |  1 -
 drivers/hwmon/adt7x10.c                            |  1 -
 drivers/hwmon/amc6821.c                            |  1 -
 drivers/hwmon/asb100.c                             |  1 -
 drivers/hwmon/atxp1.c                              |  1 -
 drivers/hwmon/da9052-hwmon.c                       |  1 -
 drivers/hwmon/da9055-hwmon.c                       |  1 -
 drivers/hwmon/ds1621.c                             |  1 -
 drivers/hwmon/ds620.c                              |  1 -
 drivers/hwmon/emc1403.c                            |  1 -
 drivers/hwmon/emc2103.c                            |  1 -
 drivers/hwmon/emc6w201.c                           |  1 -
 drivers/hwmon/fam15h_power.c                       |  1 -
 drivers/hwmon/fschmd.c                             |  1 -
 drivers/hwmon/g760a.c                              |  1 -
 drivers/hwmon/g762.c                               |  1 -
 drivers/hwmon/gl518sm.c                            |  1 -
 drivers/hwmon/gl520sm.c                            |  1 -
 drivers/hwmon/gpio-fan.c                           |  1 -
 drivers/hwmon/hih6130.c                            |  1 -
 drivers/hwmon/ina209.c                             |  1 -
 drivers/hwmon/ina2xx.c                             |  1 -
 drivers/hwmon/jc42.c                               |  1 -
 drivers/hwmon/k10temp.c                            |  1 -
 drivers/hwmon/k8temp.c                             |  1 -
 drivers/hwmon/lineage-pem.c                        |  1 -
 drivers/hwmon/lm63.c                               |  1 -
 drivers/hwmon/lm70.c                               |  1 -
 drivers/hwmon/lm73.c                               |  1 -
 drivers/hwmon/lm75.c                               |  1 -
 drivers/hwmon/lm77.c                               |  1 -
 drivers/hwmon/lm80.c                               |  1 -
 drivers/hwmon/lm83.c                               |  1 -
 drivers/hwmon/lm85.c                               |  1 -
 drivers/hwmon/lm87.c                               |  1 -
 drivers/hwmon/lm90.c                               |  1 -
 drivers/hwmon/lm92.c                               |  1 -
 drivers/hwmon/lm93.c                               |  1 -
 drivers/hwmon/lm95234.c                            |  1 -
 drivers/hwmon/lm95241.c                            |  1 -
 drivers/hwmon/lm95245.c                            |  1 -
 drivers/hwmon/ltc4151.c                            |  1 -
 drivers/hwmon/ltc4215.c                            |  1 -
 drivers/hwmon/ltc4245.c                            |  1 -
 drivers/hwmon/ltc4261.c                            |  1 -
 drivers/hwmon/max1111.c                            |  1 -
 drivers/hwmon/max16065.c                           |  1 -
 drivers/hwmon/max1619.c                            |  1 -
 drivers/hwmon/max1668.c                            |  1 -
 drivers/hwmon/max197.c                             |  1 -
 drivers/hwmon/max6639.c                            |  1 -
 drivers/hwmon/max6642.c                            |  1 -
 drivers/hwmon/max6650.c                            |  1 -
 drivers/hwmon/max6697.c                            |  1 -
 drivers/hwmon/pmbus/adm1275.c                      |  1 -
 drivers/hwmon/pmbus/lm25066.c                      |  1 -
 drivers/hwmon/pmbus/ltc2978.c                      |  1 -
 drivers/hwmon/pmbus/max16064.c                     |  1 -
 drivers/hwmon/pmbus/max34440.c                     |  1 -
 drivers/hwmon/pmbus/max8688.c                      |  1 -
 drivers/hwmon/pmbus/pmbus.c                        |  1 -
 drivers/hwmon/pmbus/pmbus_core.c                   |  1 -
 drivers/hwmon/pmbus/ucd9000.c                      |  1 -
 drivers/hwmon/pmbus/ucd9200.c                      |  1 -
 drivers/hwmon/pmbus/zl6100.c                       |  1 -
 drivers/hwmon/s3c-hwmon.c                          |  1 -
 drivers/hwmon/sch5627.c                            |  1 -
 drivers/hwmon/sch5636.c                            |  1 -
 drivers/hwmon/sht15.c                              |  1 -
 drivers/hwmon/sht21.c                              |  1 -
 drivers/hwmon/smm665.c                             |  1 -
 drivers/hwmon/smsc47m192.c                         |  1 -
 drivers/hwmon/thmc50.c                             |  1 -
 drivers/hwmon/tmp102.c                             |  1 -
 drivers/hwmon/tmp401.c                             |  1 -
 drivers/hwmon/tmp421.c                             |  1 -
 drivers/hwmon/twl4030-madc-hwmon.c                 |  1 -
 drivers/hwmon/w83791d.c                            |  1 -
 drivers/hwmon/w83792d.c                            |  1 -
 drivers/hwmon/w83793.c                             |  1 -
 drivers/hwmon/w83795.c                             |  1 -
 drivers/hwmon/w83l785ts.c                          |  1 -
 drivers/hwmon/w83l786ng.c                          |  1 -
 drivers/ide/delkin_cb.c                            |  1 -
 drivers/ide/ide-io.c                               |  1 -
 drivers/ide/setup-pci.c                            |  1 -
 drivers/infiniband/hw/amso1100/c2.c                |  1 -
 drivers/infiniband/hw/amso1100/c2_pd.c             |  1 -
 drivers/infiniband/hw/amso1100/c2_provider.c       |  1 -
 drivers/infiniband/hw/amso1100/c2_rnic.c           |  1 -
 drivers/infiniband/hw/mlx4/alias_GUID.c            |  1 -
 drivers/infiniband/hw/nes/nes_cm.c                 |  1 -
 drivers/infiniband/hw/nes/nes_utils.c              |  1 -
 drivers/infiniband/ulp/ipoib/ipoib_vlan.c          |  1 -
 drivers/isdn/hardware/avm/avm_cs.c                 |  1 -
 drivers/isdn/hardware/eicon/platform.h             |  1 -
 drivers/isdn/hisax/amd7930_fn.c                    |  1 -
 drivers/isdn/hisax/asuscom.c                       |  1 -
 drivers/isdn/hisax/avm_a1.c                        |  1 -
 drivers/isdn/hisax/avm_a1p.c                       |  1 -
 drivers/isdn/hisax/avma1_cs.c                      |  1 -
 drivers/isdn/hisax/bkm_a4t.c                       |  1 -
 drivers/isdn/hisax/bkm_a8.c                        |  1 -
 drivers/isdn/hisax/diva.c                          |  1 -
 drivers/isdn/hisax/elsa.c                          |  1 -
 drivers/isdn/hisax/elsa_cs.c                       |  1 -
 drivers/isdn/hisax/enternow_pci.c                  |  1 -
 drivers/isdn/hisax/fsm.c                           |  1 -
 drivers/isdn/hisax/gazel.c                         |  1 -
 drivers/isdn/hisax/hfc_2bds0.c                     |  1 -
 drivers/isdn/hisax/hfc_2bs0.c                      |  1 -
 drivers/isdn/hisax/hfc_pci.c                       |  1 -
 drivers/isdn/hisax/hfc_sx.c                        |  1 -
 drivers/isdn/hisax/hfcscard.c                      |  1 -
 drivers/isdn/hisax/hscx.c                          |  1 -
 drivers/isdn/hisax/icc.c                           |  1 -
 drivers/isdn/hisax/ipacx.c                         |  1 -
 drivers/isdn/hisax/isac.c                          |  1 -
 drivers/isdn/hisax/isar.c                          |  1 -
 drivers/isdn/hisax/isurf.c                         |  1 -
 drivers/isdn/hisax/ix1_micro.c                     |  1 -
 drivers/isdn/hisax/jade.c                          |  1 -
 drivers/isdn/hisax/mic.c                           |  1 -
 drivers/isdn/hisax/netjet.c                        |  1 -
 drivers/isdn/hisax/niccy.c                         |  1 -
 drivers/isdn/hisax/nj_s.c                          |  1 -
 drivers/isdn/hisax/nj_u.c                          |  1 -
 drivers/isdn/hisax/s0box.c                         |  1 -
 drivers/isdn/hisax/saphir.c                        |  1 -
 drivers/isdn/hisax/sedlbauer.c                     |  1 -
 drivers/isdn/hisax/sedlbauer_cs.c                  |  1 -
 drivers/isdn/hisax/sportster.c                     |  1 -
 drivers/isdn/hisax/st5481_b.c                      |  1 -
 drivers/isdn/hisax/st5481_usb.c                    |  1 -
 drivers/isdn/hisax/teleint.c                       |  1 -
 drivers/isdn/hisax/teles0.c                        |  1 -
 drivers/isdn/hisax/teles3.c                        |  1 -
 drivers/isdn/hisax/teles_cs.c                      |  1 -
 drivers/isdn/hisax/telespci.c                      |  1 -
 drivers/isdn/hisax/w6692.c                         |  1 -
 drivers/isdn/i4l/isdnhdlc.c                        |  1 -
 drivers/leds/led-triggers.c                        |  1 -
 drivers/leds/leds-88pm860x.c                       |  1 -
 drivers/leds/leds-adp5520.c                        |  1 -
 drivers/leds/leds-asic3.c                          |  1 -
 drivers/leds/leds-blinkm.c                         |  1 -
 drivers/leds/leds-cobalt-qube.c                    |  1 -
 drivers/leds/leds-da903x.c                         |  1 -
 drivers/leds/leds-da9052.c                         |  1 -
 drivers/leds/leds-fsg.c                            |  1 -
 drivers/leds/leds-gpio.c                           |  1 -
 drivers/leds/leds-hp6xx.c                          |  1 -
 drivers/leds/leds-lm3533.c                         |  1 -
 drivers/leds/leds-lp5521.c                         |  1 -
 drivers/leds/leds-lp5523.c                         |  1 -
 drivers/leds/leds-lp5562.c                         |  1 -
 drivers/leds/leds-lt3593.c                         |  1 -
 drivers/leds/leds-mc13783.c                        |  1 -
 drivers/leds/leds-netxbig.c                        |  1 -
 drivers/leds/leds-ns2.c                            |  1 -
 drivers/leds/leds-ot200.c                          |  1 -
 drivers/leds/leds-pwm.c                            |  1 -
 drivers/leds/leds-s3c24xx.c                        |  1 -
 drivers/leds/leds-wm831x-status.c                  |  1 -
 drivers/leds/leds-wm8350.c                         |  1 -
 drivers/lguest/lg.h                                |  1 -
 drivers/macintosh/adb-iop.c                        |  1 -
 drivers/macintosh/ams/ams-input.c                  |  1 -
 drivers/macintosh/macio-adb.c                      |  1 -
 drivers/macintosh/via-macii.c                      |  1 -
 drivers/macintosh/via-pmu68k.c                     |  1 -
 drivers/macintosh/windfarm_ad7417_sensor.c         |  1 -
 drivers/macintosh/windfarm_fcu_controls.c          |  1 -
 drivers/macintosh/windfarm_lm75_sensor.c           |  1 -
 drivers/macintosh/windfarm_max6690_sensor.c        |  1 -
 drivers/macintosh/windfarm_smu_sat.c               |  1 -
 drivers/mailbox/pl320-ipc.c                        |  2 +-
 drivers/md/bitmap.c                                |  1 -
 drivers/md/dm-region-hash.c                        |  1 -
 drivers/media/common/btcx-risc.c                   |  1 -
 drivers/media/common/cx2341x.c                     |  1 -
 drivers/media/common/siano/smsdvb-debugfs.c        |  1 -
 drivers/media/common/tveeprom.c                    |  1 -
 drivers/media/dvb-frontends/au8522_dig.c           |  1 -
 drivers/media/dvb-frontends/au8522_priv.h          |  1 -
 drivers/media/dvb-frontends/bcm3510.c              |  1 -
 drivers/media/dvb-frontends/cx22700.c              |  1 -
 drivers/media/dvb-frontends/cx22702.c              |  1 -
 drivers/media/dvb-frontends/cx24110.c              |  1 -
 drivers/media/dvb-frontends/cx24113.c              |  1 -
 drivers/media/dvb-frontends/cx24116.c              |  1 -
 drivers/media/dvb-frontends/cx24117.c              |  1 -
 drivers/media/dvb-frontends/cx24123.c              |  1 -
 drivers/media/dvb-frontends/dib3000mb.c            |  1 -
 drivers/media/dvb-frontends/drxd_hard.c            |  1 -
 drivers/media/dvb-frontends/drxk_hard.c            |  1 -
 drivers/media/dvb-frontends/ds3000.c               |  1 -
 drivers/media/dvb-frontends/dvb_dummy_fe.c         |  1 -
 drivers/media/dvb-frontends/isl6405.c              |  1 -
 drivers/media/dvb-frontends/isl6421.c              |  1 -
 drivers/media/dvb-frontends/isl6423.c              |  1 -
 drivers/media/dvb-frontends/it913x-fe.c            |  1 -
 drivers/media/dvb-frontends/l64781.c               |  1 -
 drivers/media/dvb-frontends/lgdt330x.c             |  1 -
 drivers/media/dvb-frontends/lgs8gl5.c              |  1 -
 drivers/media/dvb-frontends/lnbp21.c               |  1 -
 drivers/media/dvb-frontends/lnbp22.c               |  1 -
 drivers/media/dvb-frontends/m88rs2000.c            |  1 -
 drivers/media/dvb-frontends/mb86a16.c              |  1 -
 drivers/media/dvb-frontends/mt312.c                |  1 -
 drivers/media/dvb-frontends/mt352.c                |  1 -
 drivers/media/dvb-frontends/nxt200x.c              |  1 -
 drivers/media/dvb-frontends/nxt6000.c              |  1 -
 drivers/media/dvb-frontends/or51132.c              |  1 -
 drivers/media/dvb-frontends/s5h1409.c              |  1 -
 drivers/media/dvb-frontends/s5h1411.c              |  1 -
 drivers/media/dvb-frontends/s5h1420.c              |  1 -
 drivers/media/dvb-frontends/s5h1432.c              |  1 -
 drivers/media/dvb-frontends/si21xx.c               |  1 -
 drivers/media/dvb-frontends/sp8870.c               |  1 -
 drivers/media/dvb-frontends/sp887x.c               |  1 -
 drivers/media/dvb-frontends/stb0899_drv.c          |  1 -
 drivers/media/dvb-frontends/stb6100.c              |  1 -
 drivers/media/dvb-frontends/stv0288.c              |  1 -
 drivers/media/dvb-frontends/stv0297.c              |  1 -
 drivers/media/dvb-frontends/stv0299.c              |  1 -
 drivers/media/dvb-frontends/stv090x.c              |  1 -
 drivers/media/dvb-frontends/stv6110x.c             |  1 -
 drivers/media/dvb-frontends/tda10021.c             |  1 -
 drivers/media/dvb-frontends/tda10023.c             |  1 -
 drivers/media/dvb-frontends/tda10048.c             |  1 -
 drivers/media/dvb-frontends/tda1004x.c             |  1 -
 drivers/media/dvb-frontends/tda10086.c             |  1 -
 drivers/media/dvb-frontends/tda18271c2dd.c         |  1 -
 drivers/media/dvb-frontends/tda665x.c              |  1 -
 drivers/media/dvb-frontends/tda8083.c              |  1 -
 drivers/media/dvb-frontends/tda8261.c              |  1 -
 drivers/media/dvb-frontends/ves1820.c              |  1 -
 drivers/media/dvb-frontends/ves1x93.c              |  1 -
 drivers/media/dvb-frontends/zl10039.c              |  1 -
 drivers/media/dvb-frontends/zl10353.c              |  1 -
 drivers/media/i2c/adv7180.c                        |  1 -
 drivers/media/i2c/adv7183.c                        |  1 -
 drivers/media/i2c/adv7343.c                        |  1 -
 drivers/media/i2c/adv7393.c                        |  1 -
 drivers/media/i2c/ak881x.c                         |  1 -
 drivers/media/i2c/ir-kbd-i2c.c                     |  1 -
 drivers/media/i2c/ks0127.c                         |  1 -
 drivers/media/i2c/ml86v7667.c                      |  1 -
 drivers/media/i2c/mt9m032.c                        |  1 -
 drivers/media/i2c/ov7640.c                         |  1 -
 drivers/media/i2c/ov7670.c                         |  1 -
 drivers/media/i2c/s5c73m3/s5c73m3-core.c           |  1 -
 drivers/media/i2c/s5c73m3/s5c73m3-ctrls.c          |  1 -
 drivers/media/i2c/s5c73m3/s5c73m3-spi.c            |  1 -
 drivers/media/i2c/saa6588.c                        |  1 -
 drivers/media/i2c/saa6752hs.c                      |  1 -
 drivers/media/i2c/saa7110.c                        |  1 -
 drivers/media/i2c/saa7191.c                        |  1 -
 drivers/media/i2c/soc_camera/mt9t112.c             |  1 -
 drivers/media/i2c/soc_camera/ov2640.c              |  1 -
 drivers/media/i2c/soc_camera/ov772x.c              |  1 -
 drivers/media/i2c/soc_camera/ov9640.c              |  1 -
 drivers/media/i2c/soc_camera/ov9740.c              |  1 -
 drivers/media/i2c/soc_camera/tw9910.c              |  1 -
 drivers/media/i2c/sony-btf-mpx.c                   |  1 -
 drivers/media/i2c/tda7432.c                        |  1 -
 drivers/media/i2c/tvaudio.c                        |  1 -
 drivers/media/i2c/tw2804.c                         |  1 -
 drivers/media/i2c/tw9903.c                         |  1 -
 drivers/media/i2c/tw9906.c                         |  1 -
 drivers/media/i2c/uda1342.c                        |  1 -
 drivers/media/i2c/vpx3220.c                        |  1 -
 drivers/media/i2c/vs6624.c                         |  1 -
 drivers/media/pci/bt8xx/bttv-gpio.c                |  1 -
 drivers/media/pci/bt8xx/bttv-i2c.c                 |  1 -
 drivers/media/pci/bt8xx/bttv-if.c                  |  1 -
 drivers/media/pci/bt8xx/bttv-input.c               |  1 -
 drivers/media/pci/bt8xx/bttv-risc.c                |  1 -
 drivers/media/pci/bt8xx/dst.c                      |  1 -
 drivers/media/pci/bt8xx/dst_ca.c                   |  1 -
 drivers/media/pci/cx18/cx18-alsa-pcm.c             |  1 -
 drivers/media/pci/cx18/cx18-driver.h               |  1 -
 drivers/media/pci/cx23885/cx23885-417.c            |  1 -
 drivers/media/pci/cx23885/cx23885-alsa.c           |  1 -
 drivers/media/pci/cx23885/cx23885-cards.c          |  1 -
 drivers/media/pci/cx23885/cx23885-dvb.c            |  1 -
 drivers/media/pci/cx23885/cx23885-i2c.c            |  1 -
 drivers/media/pci/cx23885/cx23885-vbi.c            |  1 -
 drivers/media/pci/cx23885/cx23885-video.c          |  1 -
 drivers/media/pci/cx25821/cx25821-alsa.c           |  1 -
 drivers/media/pci/cx25821/cx25821-audio-upstream.c |  1 -
 drivers/media/pci/cx25821/cx25821-cards.c          |  1 -
 drivers/media/pci/cx25821/cx25821-video-upstream.c |  1 -
 drivers/media/pci/cx25821/cx25821-video.h          |  1 -
 drivers/media/pci/cx88/cx88-alsa.c                 |  1 -
 drivers/media/pci/cx88/cx88-cards.c                |  1 -
 drivers/media/pci/cx88/cx88-core.c                 |  1 -
 drivers/media/pci/cx88/cx88-i2c.c                  |  1 -
 drivers/media/pci/cx88/cx88-input.c                |  1 -
 drivers/media/pci/cx88/cx88-mpeg.c                 |  1 -
 drivers/media/pci/cx88/cx88-tvaudio.c              |  1 -
 drivers/media/pci/cx88/cx88-vbi.c                  |  1 -
 drivers/media/pci/cx88/cx88-video.c                |  1 -
 drivers/media/pci/cx88/cx88-vp3054-i2c.c           |  1 -
 drivers/media/pci/dm1105/dm1105.c                  |  1 -
 drivers/media/pci/ivtv/ivtv-alsa-pcm.c             |  1 -
 drivers/media/pci/ivtv/ivtv-driver.h               |  1 -
 drivers/media/pci/mantis/mantis_pci.c              |  1 -
 drivers/media/pci/ngene/ngene-core.c               |  1 -
 drivers/media/pci/ngene/ngene-dvb.c                |  1 -
 drivers/media/pci/ngene/ngene-i2c.c                |  1 -
 drivers/media/pci/pluto2/pluto2.c                  |  1 -
 drivers/media/pci/saa7134/saa7134-alsa.c           |  1 -
 drivers/media/pci/saa7134/saa7134-cards.c          |  1 -
 drivers/media/pci/saa7134/saa7134-i2c.c            |  1 -
 drivers/media/pci/saa7134/saa7134-input.c          |  1 -
 drivers/media/pci/saa7134/saa7134-ts.c             |  1 -
 drivers/media/pci/saa7134/saa7134-tvaudio.c        |  1 -
 drivers/media/pci/saa7134/saa7134-vbi.c            |  1 -
 drivers/media/pci/saa7134/saa7134-video.c          |  1 -
 drivers/media/pci/saa7164/saa7164-cards.c          |  1 -
 drivers/media/pci/saa7164/saa7164-i2c.c            |  1 -
 drivers/media/pci/ttpci/av7110_ir.c                |  1 -
 drivers/media/pci/ttpci/ttpci-eeprom.c             |  1 -
 drivers/media/pci/zoran/zoran_driver.c             |  1 -
 drivers/media/platform/blackfin/bfin_capture.c     |  1 -
 drivers/media/platform/davinci/vpbe.c              |  1 -
 drivers/media/platform/davinci/vpbe_display.c      |  1 -
 drivers/media/platform/davinci/vpbe_venc.c         |  1 -
 drivers/media/platform/davinci/vpfe_capture.c      |  1 -
 drivers/media/platform/fsl-viu.c                   |  1 -
 drivers/media/platform/indycam.c                   |  1 -
 drivers/media/platform/sh_vou.c                    |  1 -
 drivers/media/platform/soc_camera/atmel-isi.c      |  1 -
 drivers/media/platform/soc_camera/mx2_camera.c     |  1 -
 drivers/media/platform/soc_camera/mx3_camera.c     |  1 -
 drivers/media/platform/soc_camera/pxa_camera.c     |  1 -
 drivers/media/platform/soc_camera/soc_camera.c     |  1 -
 .../platform/soc_camera/soc_camera_platform.c      |  1 -
 drivers/media/radio/dsbr100.c                      |  1 -
 drivers/media/radio/radio-isa.c                    |  1 -
 drivers/media/radio/radio-ma901.c                  |  1 -
 drivers/media/radio/radio-maxiradio.c              |  1 -
 drivers/media/radio/radio-mr800.c                  |  1 -
 drivers/media/radio/radio-raremono.c               |  1 -
 drivers/media/radio/radio-shark.c                  |  1 -
 drivers/media/radio/radio-shark2.c                 |  1 -
 drivers/media/radio/radio-tea5764.c                |  1 -
 drivers/media/radio/radio-tea5777.c                |  1 -
 drivers/media/radio/saa7706h.c                     |  1 -
 drivers/media/radio/si470x/radio-si470x.h          |  1 -
 drivers/media/radio/si4713/radio-platform-si4713.c |  1 -
 drivers/media/radio/si4713/radio-usb-si4713.c      |  1 -
 drivers/media/radio/tef6862.c                      |  1 -
 drivers/media/rc/ati_remote.c                      |  1 -
 drivers/media/rc/gpio-ir-recv.c                    |  1 -
 drivers/media/rc/imon.c                            |  1 -
 drivers/media/tuners/mt2063.c                      |  1 -
 drivers/media/tuners/mxl5005s.c                    |  1 -
 drivers/media/tuners/tda9887.c                     |  1 -
 drivers/media/usb/au0828/au0828-dvb.c              |  1 -
 drivers/media/usb/au0828/au0828-i2c.c              |  1 -
 drivers/media/usb/au0828/au0828-vbi.c              |  1 -
 drivers/media/usb/au0828/au0828-video.c            |  1 -
 drivers/media/usb/cx231xx/cx231xx-417.c            |  1 -
 drivers/media/usb/cx231xx/cx231xx-avcore.c         |  1 -
 drivers/media/usb/cx231xx/cx231xx-cards.c          |  1 -
 drivers/media/usb/cx231xx/cx231xx-core.c           |  1 -
 drivers/media/usb/cx231xx/cx231xx-pcb-cfg.h        |  1 -
 drivers/media/usb/cx231xx/cx231xx-vbi.c            |  1 -
 drivers/media/usb/cx231xx/cx231xx-video.c          |  1 -
 drivers/media/usb/dvb-usb/friio-fe.c               |  1 -
 drivers/media/usb/em28xx/em28xx-cards.c            |  1 -
 drivers/media/usb/em28xx/em28xx-core.c             |  1 -
 drivers/media/usb/em28xx/em28xx-vbi.c              |  1 -
 drivers/media/usb/em28xx/em28xx-video.c            |  1 -
 drivers/media/usb/hdpvr/hdpvr-control.c            |  1 -
 drivers/media/usb/hdpvr/hdpvr-core.c               |  1 -
 drivers/media/usb/hdpvr/hdpvr-video.c              |  1 -
 drivers/media/usb/pwc/pwc-if.c                     |  1 -
 drivers/media/usb/pwc/pwc-v4l.c                    |  1 -
 drivers/media/usb/siano/smsusb.c                   |  1 -
 drivers/media/usb/stk1160/stk1160-core.c           |  1 -
 drivers/media/usb/stkwebcam/stk-webcam.c           |  1 -
 drivers/media/usb/tlg2300/pd-alsa.c                |  1 -
 drivers/media/usb/tlg2300/pd-radio.c               |  1 -
 drivers/media/usb/tm6000/tm6000-cards.c            |  1 -
 drivers/media/usb/tm6000/tm6000-input.c            |  1 -
 drivers/media/usb/tm6000/tm6000-video.c            |  1 -
 drivers/media/usb/ttusb-budget/dvb-ttusb-budget.c  |  1 -
 drivers/media/usb/ttusb-dec/ttusb_dec.c            |  1 -
 drivers/media/usb/usbtv/usbtv.c                    |  1 -
 drivers/media/usb/usbvision/usbvision-core.c       |  1 -
 drivers/media/usb/usbvision/usbvision-i2c.c        |  1 -
 drivers/media/usb/zr364xx/zr364xx.c                |  1 -
 drivers/media/v4l2-core/tuner-core.c               |  1 -
 drivers/media/v4l2-core/videobuf-core.c            |  1 -
 drivers/media/v4l2-core/videobuf-dma-contig.c      |  1 -
 drivers/media/v4l2-core/videobuf-dma-sg.c          |  1 -
 drivers/media/v4l2-core/videobuf-dvb.c             |  1 -
 drivers/media/v4l2-core/videobuf-vmalloc.c         |  1 -
 drivers/message/fusion/mptlan.h                    |  1 -
 drivers/message/fusion/mptscsih.c                  |  1 -
 drivers/mfd/adp5520.c                              |  1 -
 drivers/mfd/cs5535-mfd.c                           |  1 -
 drivers/mfd/janz-cmodio.c                          |  1 -
 drivers/mfd/lpc_ich.c                              |  1 -
 drivers/mfd/lpc_sch.c                              |  1 -
 drivers/mfd/mcp-sa11x0.c                           |  1 -
 drivers/mfd/pcf50633-adc.c                         |  1 -
 drivers/mfd/rc5t583-irq.c                          |  1 -
 drivers/mfd/rdc321x-southbridge.c                  |  1 -
 drivers/mfd/retu-mfd.c                             |  1 -
 drivers/mfd/smsc-ece1099.c                         |  1 -
 drivers/mfd/ti-ssp.c                               |  1 -
 drivers/mfd/ti_am335x_tscadc.c                     |  1 -
 drivers/mfd/tps65912-core.c                        |  1 -
 drivers/mfd/tps65912-irq.c                         |  1 -
 drivers/mfd/twl4030-irq.c                          |  1 -
 drivers/mfd/twl4030-madc.c                         |  1 -
 drivers/mfd/twl6030-irq.c                          |  1 -
 drivers/mfd/vexpress-config.c                      |  1 -
 drivers/mfd/wm8350-core.c                          |  1 -
 drivers/mfd/wm8350-irq.c                           |  1 -
 drivers/misc/ad525x_dpot.c                         |  1 -
 drivers/misc/apds9802als.c                         |  1 -
 drivers/misc/bmp085.c                              |  1 -
 drivers/misc/carma/carma-fpga.c                    |  1 -
 drivers/misc/ds1682.c                              |  1 -
 drivers/misc/eeprom/at25.c                         |  1 -
 drivers/misc/eeprom/eeprom.c                       |  1 -
 drivers/misc/eeprom/eeprom_93xx46.c                |  1 -
 drivers/misc/eeprom/max6875.c                      |  1 -
 drivers/misc/eeprom/sunxi_sid.c                    |  1 -
 drivers/misc/genwqe/card_debugfs.c                 |  1 -
 drivers/misc/hmc6352.c                             |  1 -
 drivers/misc/isl29003.c                            |  1 -
 drivers/misc/isl29020.c                            |  1 -
 drivers/misc/lattice-ecp3-config.c                 |  1 -
 drivers/misc/lis3lv02d/lis3lv02d.c                 |  1 -
 drivers/misc/lis3lv02d/lis3lv02d_i2c.c             |  1 -
 drivers/misc/lis3lv02d/lis3lv02d_spi.c             |  1 -
 drivers/misc/mei/amthif.c                          |  1 -
 drivers/misc/mei/pci-me.c                          |  1 -
 drivers/misc/ti-st/st_core.c                       |  1 -
 drivers/misc/ti_dac7512.c                          |  1 -
 drivers/misc/tsl2550.c                             |  1 -
 drivers/mmc/host/android-goldfish.c                |  1 -
 drivers/mmc/host/bfin_sdh.c                        |  1 -
 drivers/mmc/host/mmci.c                            |  1 -
 drivers/mmc/host/msm_sdcc.c                        |  1 -
 drivers/mmc/host/mxcmmc.c                          |  1 -
 drivers/mmc/host/mxs-mmc.c                         |  1 -
 drivers/mmc/host/omap.c                            |  1 -
 drivers/mmc/host/omap_hsmmc.c                      |  1 -
 drivers/mmc/host/pxamci.c                          |  1 -
 drivers/mmc/host/sdhci-acpi.c                      |  1 -
 drivers/mmc/host/sdhci-pxav2.c                     |  1 -
 drivers/mmc/host/sdhci-pxav3.c                     |  1 -
 drivers/mmc/host/sdhci-tegra.c                     |  1 -
 drivers/mmc/host/wmt-sdmmc.c                       |  1 -
 drivers/ntb/ntb_hw.c                               |  1 -
 drivers/of/device.c                                |  1 -
 drivers/oprofile/timer_int.c                       |  1 -
 drivers/parisc/eisa_enumerator.c                   |  1 -
 drivers/parport/parport_cs.c                       |  1 -
 drivers/parport/parport_gsc.c                      |  1 -
 drivers/parport/parport_sunbpp.c                   |  1 -
 drivers/pci/bus.c                                  |  1 -
 drivers/pci/host-bridge.c                          |  1 -
 drivers/pci/hotplug/acpiphp_glue.c                 |  1 -
 drivers/pci/hotplug/cpqphp_nvram.c                 |  1 -
 drivers/pci/hotplug/s390_pci_hpc.c                 |  1 -
 drivers/pci/msi.c                                  |  1 -
 drivers/pci/search.c                               |  1 -
 drivers/pci/setup-irq.c                            |  1 -
 drivers/pci/setup-res.c                            |  1 -
 drivers/pcmcia/bfin_cf_pcmcia.c                    |  1 -
 drivers/pcmcia/electra_cf.c                        |  1 -
 drivers/pcmcia/i82092.c                            |  1 -
 drivers/pcmcia/pd6729.c                            |  1 -
 drivers/pcmcia/pxa2xx_viper.c                      |  1 -
 drivers/pcmcia/sa1100_assabet.c                    |  1 -
 drivers/pcmcia/sa1100_cerf.c                       |  1 -
 drivers/pcmcia/sa1100_h3600.c                      |  1 -
 drivers/pcmcia/sa1100_nanoengine.c                 |  1 -
 drivers/pcmcia/sa1100_shannon.c                    |  1 -
 drivers/pcmcia/sa1100_simpad.c                     |  1 -
 drivers/pcmcia/sa1111_jornada720.c                 |  1 -
 drivers/pcmcia/sa1111_lubbock.c                    |  1 -
 drivers/pcmcia/sa1111_neponset.c                   |  1 -
 drivers/pcmcia/soc_common.c                        |  1 -
 drivers/pcmcia/socket_sysfs.c                      |  1 -
 drivers/pcmcia/vrc4171_card.c                      |  1 -
 drivers/pcmcia/vrc4173_cardu.c                     |  1 -
 drivers/pinctrl/mvebu/pinctrl-armada-370.c         |  1 -
 drivers/pinctrl/mvebu/pinctrl-armada-xp.c          |  1 -
 drivers/pinctrl/mvebu/pinctrl-dove.c               |  1 -
 drivers/pinctrl/mvebu/pinctrl-kirkwood.c           |  1 -
 drivers/pinctrl/pinconf-generic.c                  |  1 -
 drivers/pinctrl/pinconf.c                          |  1 -
 drivers/pinctrl/pinctrl-imx.c                      |  1 -
 drivers/pinctrl/pinctrl-mxs.c                      |  1 -
 drivers/pinctrl/pinctrl-single.c                   |  1 -
 drivers/pinctrl/pinctrl-tegra.c                    |  1 -
 drivers/pinctrl/pinmux.c                           |  1 -
 drivers/pinctrl/sh-pfc/gpio.c                      |  1 -
 drivers/pinctrl/sh-pfc/pfc-sh7722.c                |  1 -
 drivers/pinctrl/sh-pfc/pfc-sh7723.c                |  1 -
 drivers/pinctrl/sh-pfc/pfc-sh7724.c                |  1 -
 drivers/pinctrl/sh-pfc/pfc-sh7734.c                |  1 -
 drivers/pinctrl/sh-pfc/pfc-sh7757.c                |  1 -
 drivers/pinctrl/sh-pfc/pfc-sh7785.c                |  1 -
 drivers/pinctrl/sh-pfc/pfc-sh7786.c                |  1 -
 drivers/pinctrl/sh-pfc/pfc-shx3.c                  |  1 -
 drivers/pinctrl/sh-pfc/pinctrl.c                   |  1 -
 drivers/platform/goldfish/pdev_bus.c               | 16 ++---
 drivers/platform/x86/classmate-laptop.c            |  1 -
 drivers/platform/x86/hp_accel.c                    |  1 -
 drivers/platform/x86/ideapad-laptop.c              |  1 -
 drivers/platform/x86/intel-rst.c                   |  1 -
 drivers/platform/x86/intel-smartconnect.c          |  1 -
 drivers/platform/x86/intel_mid_powerbtn.c          |  1 -
 drivers/platform/x86/intel_mid_thermal.c           |  1 -
 drivers/platform/x86/panasonic-laptop.c            |  1 -
 drivers/platform/x86/pvpanic.c                     |  1 -
 drivers/platform/x86/topstar-laptop.c              |  1 -
 drivers/platform/x86/toshiba_bluetooth.c           |  1 -
 drivers/platform/x86/xo15-ebook.c                  |  1 -
 drivers/pnp/manager.c                              |  1 -
 drivers/pnp/pnpbios/bioscalls.c                    |  1 -
 drivers/power/abx500_chargalg.c                    |  1 -
 drivers/power/da9030_battery.c                     |  1 -
 drivers/power/generic-adc-battery.c                |  1 -
 drivers/power/gpio-charger.c                       |  1 -
 drivers/power/intel_mid_battery.c                  |  1 -
 drivers/power/isp1704_charger.c                    |  1 -
 drivers/power/max17040_battery.c                   |  1 -
 drivers/power/max17042_battery.c                   |  1 -
 drivers/power/pcf50633-charger.c                   |  1 -
 drivers/power/reset/gpio-poweroff.c                |  1 -
 drivers/power/reset/restart-poweroff.c             |  1 -
 drivers/power/s3c_adc_battery.c                    |  1 -
 drivers/power/sbs-battery.c                        |  1 -
 drivers/power/smb347-charger.c                     |  1 -
 drivers/power/tps65090-charger.c                   |  1 -
 drivers/power/wm97xx_battery.c                     |  1 -
 drivers/pps/clients/pps-gpio.c                     |  1 -
 drivers/pps/kapi.c                                 |  1 -
 drivers/pps/kc.c                                   |  1 -
 drivers/pwm/pwm-atmel-tcb.c                        |  1 -
 drivers/pwm/pwm-renesas-tpu.c                      |  1 -
 drivers/rapidio/devices/tsi721_dma.c               |  1 -
 drivers/rapidio/rio.c                              |  1 -
 drivers/regulator/ab8500-ext.c                     |  1 -
 drivers/regulator/arizona-ldo1.c                   |  1 -
 drivers/regulator/arizona-micsupp.c                |  1 -
 drivers/regulator/mc13xxx-regulator-core.c         |  1 -
 drivers/regulator/wm8994-regulator.c               |  1 -
 drivers/rtc/rtc-ab8500.c                           |  1 -
 drivers/rtc/rtc-au1xxx.c                           |  1 -
 drivers/rtc/rtc-bfin.c                             |  1 -
 drivers/rtc/rtc-bq32k.c                            |  1 -
 drivers/rtc/rtc-bq4802.c                           |  1 -
 drivers/rtc/rtc-dm355evm.c                         |  1 -
 drivers/rtc/rtc-ds1305.c                           |  1 -
 drivers/rtc/rtc-ds1307.c                           |  1 -
 drivers/rtc/rtc-ds1390.c                           |  1 -
 drivers/rtc/rtc-ds1511.c                           |  1 -
 drivers/rtc/rtc-ds1553.c                           |  1 -
 drivers/rtc/rtc-ds2404.c                           |  1 -
 drivers/rtc/rtc-ds3234.c                           |  1 -
 drivers/rtc/rtc-lpc32xx.c                          |  1 -
 drivers/rtc/rtc-ls1x.c                             |  1 -
 drivers/rtc/rtc-m41t80.c                           |  1 -
 drivers/rtc/rtc-m48t59.c                           |  1 -
 drivers/rtc/rtc-max6902.c                          |  1 -
 drivers/rtc/rtc-mpc5121.c                          |  1 -
 drivers/rtc/rtc-mrst.c                             |  1 -
 drivers/rtc/rtc-palmas.c                           |  1 -
 drivers/rtc/rtc-pcf2123.c                          |  1 -
 drivers/rtc/rtc-pcf50633.c                         |  1 -
 drivers/rtc/rtc-pcf8583.c                          |  1 -
 drivers/rtc/rtc-pl030.c                            |  1 -
 drivers/rtc/rtc-pl031.c                            |  1 -
 drivers/rtc/rtc-pm8xxx.c                           |  1 -
 drivers/rtc/rtc-puv3.c                             |  1 -
 drivers/rtc/rtc-r9701.c                            |  1 -
 drivers/rtc/rtc-rc5t583.c                          |  1 -
 drivers/rtc/rtc-rs5c348.c                          |  1 -
 drivers/rtc/rtc-rx4581.c                           |  1 -
 drivers/rtc/rtc-rx8025.c                           |  1 -
 drivers/rtc/rtc-s3c.c                              |  1 -
 drivers/rtc/rtc-sa1100.c                           |  1 -
 drivers/rtc/rtc-snvs.c                             |  1 -
 drivers/rtc/rtc-spear.c                            |  1 -
 drivers/rtc/rtc-stk17ta8.c                         |  1 -
 drivers/rtc/rtc-stmp3xxx.c                         |  1 -
 drivers/rtc/rtc-tps6586x.c                         |  1 -
 drivers/rtc/rtc-tps65910.c                         |  1 -
 drivers/rtc/rtc-tps80031.c                         |  1 -
 drivers/rtc/rtc-twl.c                              |  1 -
 drivers/rtc/rtc-v3020.c                            |  1 -
 drivers/rtc/rtc-vr41xx.c                           |  1 -
 drivers/rtc/rtc-vt8500.c                           |  1 -
 drivers/s390/block/dasd_erp.c                      |  1 -
 drivers/s390/char/tape_34xx.c                      |  1 -
 drivers/s390/char/tape_3590.c                      |  1 -
 drivers/s390/char/tape_class.h                     |  1 -
 drivers/s390/char/tape_core.c                      |  1 -
 drivers/s390/cio/airq.c                            |  1 -
 drivers/s390/cio/device_ops.c                      |  1 -
 drivers/s390/cio/device_status.c                   |  1 -
 drivers/s390/net/ctcm_dbug.c                       |  1 -
 drivers/s390/net/ctcm_fsms.c                       |  1 -
 drivers/s390/net/ctcm_fsms.h                       |  1 -
 drivers/s390/net/ctcm_mpc.c                        |  1 -
 drivers/s390/scsi/zfcp_def.h                       |  1 -
 drivers/scsi/aacraid/aachba.c                      |  1 -
 drivers/scsi/aacraid/commctrl.c                    |  1 -
 drivers/scsi/aacraid/comminit.c                    |  1 -
 drivers/scsi/aacraid/commsup.c                     |  1 -
 drivers/scsi/aacraid/dpcsup.c                      |  1 -
 drivers/scsi/aacraid/rx.c                          |  1 -
 drivers/scsi/aacraid/sa.c                          |  1 -
 drivers/scsi/aacraid/src.c                         |  1 -
 drivers/scsi/arcmsr/arcmsr_attr.c                  |  1 -
 drivers/scsi/arm/msgqueue.c                        |  1 -
 drivers/scsi/arm/queue.c                           |  1 -
 drivers/scsi/bnx2fc/bnx2fc.h                       |  1 -
 drivers/scsi/csiostor/csio_attr.c                  |  1 -
 drivers/scsi/fdomain.c                             |  1 -
 drivers/scsi/fnic/fnic_scsi.c                      |  1 -
 drivers/scsi/hosts.c                               |  1 -
 drivers/scsi/mpt2sas/mpt2sas_base.c                |  1 -
 drivers/scsi/mpt2sas/mpt2sas_config.c              |  1 -
 drivers/scsi/mpt2sas/mpt2sas_ctl.c                 |  1 -
 drivers/scsi/mpt2sas/mpt2sas_transport.c           |  1 -
 drivers/scsi/mpt3sas/mpt3sas_base.c                |  1 -
 drivers/scsi/mpt3sas/mpt3sas_config.c              |  1 -
 drivers/scsi/mpt3sas/mpt3sas_ctl.c                 |  1 -
 drivers/scsi/mpt3sas/mpt3sas_transport.c           |  1 -
 drivers/scsi/mpt3sas/mpt3sas_trigger_diag.c        |  1 -
 drivers/scsi/qla2xxx/qla_def.h                     |  1 -
 drivers/scsi/qla4xxx/ql4_def.h                     |  1 -
 drivers/scsi/scsi_scan.c                           |  1 -
 drivers/scsi/scsi_sysfs.c                          |  1 -
 drivers/scsi/ufs/ufshcd.h                          |  1 -
 drivers/scsi/wd33c93.c                             |  1 -
 drivers/staging/android/ion/ion_dummy_driver.c     |  7 +-
 drivers/target/target_core_fabric_configfs.c       |  1 -
 drivers/target/tcm_fc/tfc_cmd.c                    |  1 -
 drivers/target/tcm_fc/tfc_io.c                     |  1 -
 drivers/target/tcm_fc/tfc_sess.c                   |  1 -
 drivers/thermal/ti-soc-thermal/ti-bandgap.c        |  1 -
 drivers/tty/hvc/hvc_opal.c                         |  8 +--
 drivers/tty/hvc/hvc_rtas.c                         | 12 +---
 drivers/tty/hvc/hvc_udbg.c                         |  9 +--
 drivers/tty/hvc/hvc_xen.c                          | 17 +----
 drivers/uio/uio_aec.c                              |  1 -
 drivers/uwb/beacon.c                               |  1 -
 drivers/uwb/hwa-rc.c                               |  1 -
 drivers/video/aty/aty128fb.c                       |  1 -
 drivers/video/aty/mach64_cursor.c                  |  1 -
 drivers/video/auo_k1900fb.c                        |  1 -
 drivers/video/auo_k1901fb.c                        |  1 -
 drivers/video/backlight/88pm860x_bl.c              |  1 -
 drivers/video/backlight/adp5520_bl.c               |  1 -
 drivers/video/backlight/adp8860_bl.c               |  1 -
 drivers/video/backlight/adp8870_bl.c               |  1 -
 drivers/video/backlight/corgi_lcd.c                |  1 -
 drivers/video/backlight/da903x_bl.c                |  1 -
 drivers/video/backlight/generic_bl.c               |  1 -
 drivers/video/backlight/ili922x.c                  |  1 -
 drivers/video/backlight/ili9320.c                  |  1 -
 drivers/video/backlight/lm3533_bl.c                |  1 -
 drivers/video/backlight/ltv350qv.c                 |  1 -
 drivers/video/backlight/max8925_bl.c               |  1 -
 drivers/video/backlight/omap1_bl.c                 |  1 -
 drivers/video/backlight/pwm_bl.c                   |  1 -
 drivers/video/backlight/tdo24m.c                   |  1 -
 drivers/video/backlight/vgg2432a4.c                |  1 -
 drivers/video/backlight/wm831x_bl.c                |  1 -
 drivers/video/bfin-lq035q1-fb.c                    |  1 -
 drivers/video/clps711xfb.c                         |  1 -
 drivers/video/console/dummycon.c                   |  1 -
 drivers/video/console/sticore.c                    |  1 -
 drivers/video/goldfishfb.c                         |  1 -
 drivers/video/i810/i810_main.c                     |  1 -
 drivers/video/intelfb/intelfbhw.c                  |  1 -
 drivers/video/matrox/matroxfb_base.h               |  1 -
 drivers/video/mb862xx/mb862xxfb_accel.c            |  1 -
 drivers/video/mb862xx/mb862xxfbdrv.c               |  1 -
 drivers/video/mbx/mbxfb.c                          |  1 -
 drivers/video/nuc900fb.c                           |  1 -
 drivers/video/nvidia/nvidia.c                      |  1 -
 drivers/video/pxa168fb.c                           |  1 -
 drivers/video/riva/fbdev.c                         |  1 -
 drivers/video/s3c-fb.c                             |  1 -
 drivers/video/sh_mobile_lcdcfb.c                   |  1 -
 drivers/video/sm501fb.c                            |  1 -
 drivers/video/smscufx.c                            |  1 -
 drivers/video/sstfb.c                              |  1 -
 drivers/video/tgafb.c                              |  1 -
 drivers/video/udlfb.c                              |  1 -
 drivers/video/uvesafb.c                            |  1 -
 drivers/video/via/global.h                         |  1 -
 drivers/video/vt8500lcdfb.c                        |  1 -
 drivers/video/w100fb.c                             |  1 -
 drivers/video/wm8505fb.c                           |  1 -
 drivers/video/xilinxfb.c                           |  1 -
 drivers/vlynq/vlynq.c                              |  1 -
 drivers/w1/masters/ds2482.c                        |  1 -
 drivers/w1/masters/w1-gpio.c                       |  1 -
 drivers/watchdog/ar7_wdt.c                         |  1 -
 drivers/watchdog/ath79_wdt.c                       |  1 -
 drivers/watchdog/bcm47xx_wdt.c                     |  1 -
 drivers/watchdog/bcm63xx_wdt.c                     |  1 -
 drivers/watchdog/cpu5wdt.c                         |  1 -
 drivers/watchdog/cpwd.c                            |  1 -
 drivers/watchdog/davinci_wdt.c                     |  1 -
 drivers/watchdog/hpwdt.c                           |  1 -
 drivers/watchdog/i6300esb.c                        |  1 -
 drivers/watchdog/jz4740_wdt.c                      |  1 -
 drivers/watchdog/max63xx_wdt.c                     |  1 -
 drivers/watchdog/mtx-1_wdt.c                       |  1 -
 drivers/watchdog/nuc900_wdt.c                      |  1 -
 drivers/watchdog/of_xilinx_wdt.c                   |  1 -
 drivers/watchdog/omap_wdt.c                        |  1 -
 drivers/watchdog/orion_wdt.c                       |  1 -
 drivers/watchdog/pnx4008_wdt.c                     |  1 -
 drivers/watchdog/rdc321x_wdt.c                     |  1 -
 drivers/watchdog/retu_wdt.c                        |  1 -
 drivers/watchdog/riowd.c                           |  1 -
 drivers/watchdog/s3c2410_wdt.c                     |  1 -
 drivers/watchdog/sp805_wdt.c                       |  1 -
 drivers/watchdog/stmp3xxx_rtc_wdt.c                |  1 -
 drivers/watchdog/wdt_pci.c                         |  1 -
 drivers/xen/xen-stub.c                             |  1 -
 fs/notify/inotify/inotify_user.c                   |  4 +-
 include/drm/drmP.h                                 |  1 -
 include/linux/fb.h                                 |  1 -
 include/linux/ide.h                                |  1 -
 include/linux/init.h                               | 77 ----------------------
 include/linux/kdb.h                                |  1 -
 include/linux/linux_logo.h                         |  3 -
 include/linux/lsm_audit.h                          |  1 -
 include/linux/module.h                             | 72 ++++++++++++++++++++
 include/linux/moduleparam.h                        |  1 -
 include/linux/netfilter.h                          |  1 -
 include/linux/nls.h                                |  2 +-
 include/linux/percpu_ida.h                         |  1 -
 include/linux/profile.h                            |  1 -
 include/linux/pstore_ram.h                         |  1 -
 include/linux/usb/gadget.h                         |  1 -
 include/xen/xenbus.h                               |  1 -
 mm/nommu.c                                         |  4 +-
 net/ipv4/netfilter.c                               |  9 +--
 scripts/pnmtologo.c                                |  1 +
 scripts/tags.sh                                    |  2 +-
 1080 files changed, 141 insertions(+), 1235 deletions(-)
